192.168.255.1 - - [26/Aug/2022:14:37:11 +0800] "GET /nacos/v1/cs/health HTTP/1.1" 200 2 124 Apache-HttpAsyncClient/4.1.3 (Java/1.8.0_144)
192.168.255.1 - - [26/Aug/2022:14:37:16 +0800] "GET /nacos/v1/cs/health HTTP/1.1" 200 2 3 Apache-HttpAsyncClient/4.1.3 (Java/1.8.0_144)
192.168.255.1 - - [26/Aug/2022:14:37:21 +0800] "GET /nacos/v1/cs/health HTTP/1.1" 200 2 4 Apache-HttpAsyncClient/4.1.3 (Java/1.8.0_144)
192.168.255.1 - - [26/Aug/2022:14:37:26 +0800] "GET /nacos/v1/cs/health HTTP/1.1" 200 2 3 Apache-HttpAsyncClient/4.1.3 (Java/1.8.0_144)
192.168.255.1 - - [26/Aug/2022:14:37:31 +0800] "GET /nacos/v1/cs/health HTTP/1.1" 200 2 2 Apache-HttpAsyncClient/4.1.3 (Java/1.8.0_144)
192.168.255.1 - - [26/Aug/2022:14:37:36 +0800] "GET /nacos/v1/cs/health HTTP/1.1" 200 2 3 Apache-HttpAsyncClient/4.1.3 (Java/1.8.0_144)
192.168.255.1 - - [26/Aug/2022:14:37:41 +0800] "GET /nacos/v1/cs/health HTTP/1.1" 200 2 3 Apache-HttpAsyncClient/4.1.3 (Java/1.8.0_144)
192.168.255.1 - - [26/Aug/2022:14:37:46 +0800] "GET /nacos/v1/cs/health HTTP/1.1" 200 2 2 Apache-HttpAsyncClient/4.1.3 (Java/1.8.0_144)
192.168.255.1 - - [26/Aug/2022:14:37:51 +0800] "GET /nacos/v1/cs/health HTTP/1.1" 200 2 3 Apache-HttpAsyncClient/4.1.3 (Java/1.8.0_144)
192.168.255.1 - - [26/Aug/2022:14:37:56 +0800] "GET /nacos/v1/cs/health HTTP/1.1" 200 2 7 Apache-HttpAsyncClient/4.1.3 (Java/1.8.0_144)
192.168.255.1 - - [26/Aug/2022:14:38:01 +0800] "GET /nacos/v1/cs/health HTTP/1.1" 200 2 2 Apache-HttpAsyncClient/4.1.3 (Java/1.8.0_144)
192.168.255.1 - - [26/Aug/2022:14:38:06 +0800] "GET /nacos/v1/cs/health HTTP/1.1" 200 2 4 Apache-HttpAsyncClient/4.1.3 (Java/1.8.0_144)
192.168.255.1 - - [26/Aug/2022:14:38:11 +0800] "GET /nacos/v1/cs/health HTTP/1.1" 200 2 3 Apache-HttpAsyncClient/4.1.3 (Java/1.8.0_144)
192.168.255.1 - - [26/Aug/2022:14:38:16 +0800] "GET /nacos/v1/cs/health HTTP/1.1" 200 2 9 Apache-HttpAsyncClient/4.1.3 (Java/1.8.0_144)
192.168.255.1 - - [26/Aug/2022:14:38:21 +0800] "GET /nacos/v1/cs/health HTTP/1.1" 200 2 4 Apache-HttpAsyncClient/4.1.3 (Java/1.8.0_144)
192.168.255.1 - - [26/Aug/2022:14:38:26 +0800] "GET /nacos/v1/cs/health HTTP/1.1" 200 2 4 Apache-HttpAsyncClient/4.1.3 (Java/1.8.0_144)
192.168.255.1 - - [26/Aug/2022:14:38:31 +0800] "GET /nacos/v1/cs/health HTTP/1.1" 200 2 5 Apache-HttpAsyncClient/4.1.3 (Java/1.8.0_144)
192.168.255.1 - - [26/Aug/2022:14:38:36 +0800] "GET /nacos/v1/cs/health HTTP/1.1" 200 2 9 Apache-HttpAsyncClient/4.1.3 (Java/1.8.0_144)
192.168.255.1 - - [26/Aug/2022:14:38:41 +0800] "GET /nacos/v1/cs/health HTTP/1.1" 200 2 9 Apache-HttpAsyncClient/4.1.3 (Java/1.8.0_144)
192.168.255.1 - - [26/Aug/2022:14:38:46 +0800] "GET /nacos/v1/cs/health HTTP/1.1" 200 2 3 Apache-HttpAsyncClient/4.1.3 (Java/1.8.0_144)
192.168.255.1 - - [26/Aug/2022:14:38:51 +0800] "GET /nacos/v1/cs/health HTTP/1.1" 200 2 4 Apache-HttpAsyncClient/4.1.3 (Java/1.8.0_144)
192.168.255.1 - - [26/Aug/2022:14:38:56 +0800] "GET /nacos/v1/cs/health HTTP/1.1" 200 2 6 Apache-HttpAsyncClient/4.1.3 (Java/1.8.0_144)
192.168.255.1 - - [26/Aug/2022:14:39:01 +0800] "GET /nacos/v1/cs/health HTTP/1.1" 200 2 2 Apache-HttpAsyncClient/4.1.3 (Java/1.8.0_144)
192.168.255.1 - - [26/Aug/2022:14:39:06 +0800] "GET /nacos/v1/cs/health HTTP/1.1" 200 2 8 Apache-HttpAsyncClient/4.1.3 (Java/1.8.0_144)
192.168.255.1 - - [26/Aug/2022:14:39:11 +0800] "GET /nacos/v1/cs/health HTTP/1.1" 200 2 3 Apache-HttpAsyncClient/4.1.3 (Java/1.8.0_144)
192.168.255.1 - - [26/Aug/2022:14:39:16 +0800] "GET /nacos/v1/cs/health HTTP/1.1" 200 2 3 Apache-HttpAsyncClient/4.1.3 (Java/1.8.0_144)
192.168.255.1 - - [26/Aug/2022:14:39:21 +0800] "GET /nacos/v1/cs/health HTTP/1.1" 200 2 3 Apache-HttpAsyncClient/4.1.3 (Java/1.8.0_144)
192.168.255.1 - - [26/Aug/2022:14:39:26 +0800] "GET /nacos/v1/cs/health HTTP/1.1" 200 2 3 Apache-HttpAsyncClient/4.1.3 (Java/1.8.0_144)
192.168.255.1 - - [26/Aug/2022:14:39:31 +0800] "GET /nacos/v1/cs/health HTTP/1.1" 200 2 3 Apache-HttpAsyncClient/4.1.3 (Java/1.8.0_144)
192.168.255.1 - - [26/Aug/2022:14:39:36 +0800] "GET /nacos/v1/cs/health HTTP/1.1" 200 2 2 Apache-HttpAsyncClient/4.1.3 (Java/1.8.0_144)
192.168.255.1 - - [26/Aug/2022:14:39:41 +0800] "GET /nacos/v1/cs/health HTTP/1.1" 200 2 4 Apache-HttpAsyncClient/4.1.3 (Java/1.8.0_144)
192.168.255.1 - - [26/Aug/2022:14:39:46 +0800] "GET /nacos/v1/cs/health HTTP/1.1" 200 2 3 Apache-HttpAsyncClient/4.1.3 (Java/1.8.0_144)
192.168.255.1 - - [26/Aug/2022:14:39:51 +0800] "GET /nacos/v1/cs/health HTTP/1.1" 200 2 9 Apache-HttpAsyncClient/4.1.3 (Java/1.8.0_144)
192.168.255.1 - - [26/Aug/2022:14:39:56 +0800] "GET /nacos/v1/cs/health HTTP/1.1" 200 2 2 Apache-HttpAsyncClient/4.1.3 (Java/1.8.0_144)
192.168.255.1 - - [26/Aug/2022:14:40:01 +0800] "GET /nacos/v1/cs/health HTTP/1.1" 200 2 2 Apache-HttpAsyncClient/4.1.3 (Java/1.8.0_144)
192.168.255.1 - - [26/Aug/2022:14:40:06 +0800] "GET /nacos/v1/cs/health HTTP/1.1" 200 2 7 Apache-HttpAsyncClient/4.1.3 (Java/1.8.0_144)
192.168.255.1 - - [26/Aug/2022:14:40:11 +0800] "GET /nacos/v1/cs/health HTTP/1.1" 200 2 3 Apache-HttpAsyncClient/4.1.3 (Java/1.8.0_144)
192.168.255.1 - - [26/Aug/2022:14:40:16 +0800] "GET /nacos/v1/cs/health HTTP/1.1" 200 2 6 Apache-HttpAsyncClient/4.1.3 (Java/1.8.0_144)
192.168.255.1 - - [26/Aug/2022:14:40:21 +0800] "GET /nacos/v1/cs/health HTTP/1.1" 200 2 8 Apache-HttpAsyncClient/4.1.3 (Java/1.8.0_144)
192.168.255.1 - - [26/Aug/2022:14:40:26 +0800] "GET /nacos/v1/cs/health HTTP/1.1" 200 2 2 Apache-HttpAsyncClient/4.1.3 (Java/1.8.0_144)
192.168.255.1 - - [26/Aug/2022:14:40:31 +0800] "GET /nacos/v1/cs/health HTTP/1.1" 200 2 1 Apache-HttpAsyncClient/4.1.3 (Java/1.8.0_144)
192.168.255.1 - - [26/Aug/2022:14:40:36 +0800] "GET /nacos/v1/cs/health HTTP/1.1" 200 2 6 Apache-HttpAsyncClient/4.1.3 (Java/1.8.0_144)
192.168.255.1 - - [26/Aug/2022:14:40:41 +0800] "GET /nacos/v1/cs/health HTTP/1.1" 200 2 2 Apache-HttpAsyncClient/4.1.3 (Java/1.8.0_144)
192.168.255.1 - - [26/Aug/2022:14:40:46 +0800] "GET /nacos/v1/cs/health HTTP/1.1" 200 2 2 Apache-HttpAsyncClient/4.1.3 (Java/1.8.0_144)
192.168.255.1 - - [26/Aug/2022:14:40:51 +0800] "GET /nacos/v1/cs/health HTTP/1.1" 200 2 4 Apache-HttpAsyncClient/4.1.3 (Java/1.8.0_144)
192.168.255.1 - - [26/Aug/2022:14:40:56 +0800] "GET /nacos/v1/cs/health HTTP/1.1" 200 2 2 Apache-HttpAsyncClient/4.1.3 (Java/1.8.0_144)
192.168.255.1 - - [26/Aug/2022:14:41:01 +0800] "GET /nacos/v1/cs/health HTTP/1.1" 200 2 3 Apache-HttpAsyncClient/4.1.3 (Java/1.8.0_144)
192.168.255.1 - - [26/Aug/2022:14:41:06 +0800] "GET /nacos/v1/cs/health HTTP/1.1" 200 2 2 Apache-HttpAsyncClient/4.1.3 (Java/1.8.0_144)
192.168.255.1 - - [26/Aug/2022:14:41:11 +0800] "GET /nacos/v1/cs/health HTTP/1.1" 200 2 3 Apache-HttpAsyncClient/4.1.3 (Java/1.8.0_144)
192.168.255.1 - - [26/Aug/2022:14:41:16 +0800] "GET /nacos/v1/cs/health HTTP/1.1" 200 2 3 Apache-HttpAsyncClient/4.1.3 (Java/1.8.0_144)
192.168.255.1 - - [26/Aug/2022:14:41:21 +0800] "GET /nacos/v1/cs/health HTTP/1.1" 200 2 2 Apache-HttpAsyncClient/4.1.3 (Java/1.8.0_144)
192.168.255.1 - - [26/Aug/2022:14:41:26 +0800] "GET /nacos/v1/cs/health HTTP/1.1" 200 2 3 Apache-HttpAsyncClient/4.1.3 (Java/1.8.0_144)
192.168.255.1 - - [26/Aug/2022:14:41:31 +0800] "GET /nacos/v1/cs/health HTTP/1.1" 200 2 3 Apache-HttpAsyncClient/4.1.3 (Java/1.8.0_144)
192.168.255.1 - - [26/Aug/2022:14:41:36 +0800] "GET /nacos/v1/cs/health HTTP/1.1" 200 2 4 Apache-HttpAsyncClient/4.1.3 (Java/1.8.0_144)
192.168.1.33 - - [26/Aug/2022:14:41:38 +0800] "POST /nacos/v1/ns/instance?app=unknown&metadata=%7B%22preserved.register.source%22%3A%22SPRING_CLOUD%22%7D&ip=192.168.255.1&weight=1.0&ephemeral=true&serviceName=example%40%40mftcc-rule-server&encoding=UTF-8&groupName=example&namespaceId=30a7f7f1-f414-4acc-8a4b-bbb5808727d5&port=9999&enable=true&healthy=true&clusterName=DEFAULT HTTP/1.1" 200 2 65 Nacos-Java-Client:v1.2.1
192.168.255.1 - - [26/Aug/2022:14:41:41 +0800] "GET /nacos/v1/cs/health HTTP/1.1" 200 2 3 Apache-HttpAsyncClient/4.1.3 (Java/1.8.0_144)
192.168.1.33 - - [26/Aug/2022:14:41:43 +0800] "PUT /nacos/v1/ns/instance/beat?app=unknown&namespaceId=30a7f7f1-f414-4acc-8a4b-bbb5808727d5&port=9999&clusterName=DEFAULT&ip=192.168.255.1&serviceName=example%40%40mftcc-rule-server&encoding=UTF-8 HTTP/1.1" 200 75 42 Nacos-Java-Client:v1.2.1
192.168.255.1 - - [26/Aug/2022:14:41:46 +0800] "GET /nacos/v1/cs/health HTTP/1.1" 200 2 2 Apache-HttpAsyncClient/4.1.3 (Java/1.8.0_144)
192.168.1.33 - - [26/Aug/2022:14:41:48 +0800] "PUT /nacos/v1/ns/instance/beat?app=unknown&namespaceId=30a7f7f1-f414-4acc-8a4b-bbb5808727d5&port=9999&clusterName=DEFAULT&ip=192.168.255.1&serviceName=example%40%40mftcc-rule-server&encoding=UTF-8 HTTP/1.1" 200 75 3 Nacos-Java-Client:v1.2.1
192.168.255.1 - - [26/Aug/2022:14:41:51 +0800] "GET /nacos/v1/cs/health HTTP/1.1" 200 2 3 Apache-HttpAsyncClient/4.1.3 (Java/1.8.0_144)
192.168.1.33 - - [26/Aug/2022:14:41:53 +0800] "PUT /nacos/v1/ns/instance/beat?app=unknown&namespaceId=30a7f7f1-f414-4acc-8a4b-bbb5808727d5&port=9999&clusterName=DEFAULT&ip=192.168.255.1&serviceName=example%40%40mftcc-rule-server&encoding=UTF-8 HTTP/1.1" 200 75 2 Nacos-Java-Client:v1.2.1
192.168.255.1 - - [26/Aug/2022:14:41:56 +0800] "GET /nacos/v1/cs/health HTTP/1.1" 200 2 2 Apache-HttpAsyncClient/4.1.3 (Java/1.8.0_144)
192.168.1.33 - - [26/Aug/2022:14:41:58 +0800] "PUT /nacos/v1/ns/instance/beat?app=unknown&namespaceId=30a7f7f1-f414-4acc-8a4b-bbb5808727d5&port=9999&clusterName=DEFAULT&ip=192.168.255.1&serviceName=example%40%40mftcc-rule-server&encoding=UTF-8 HTTP/1.1" 200 75 2 Nacos-Java-Client:v1.2.1
192.168.255.1 - - [26/Aug/2022:14:42:01 +0800] "GET /nacos/v1/cs/health HTTP/1.1" 200 2 1 Apache-HttpAsyncClient/4.1.3 (Java/1.8.0_144)
192.168.1.33 - - [26/Aug/2022:14:42:03 +0800] "PUT /nacos/v1/ns/instance/beat?app=unknown&namespaceId=30a7f7f1-f414-4acc-8a4b-bbb5808727d5&port=9999&clusterName=DEFAULT&ip=192.168.255.1&serviceName=example%40%40mftcc-rule-server&encoding=UTF-8 HTTP/1.1" 200 75 3 Nacos-Java-Client:v1.2.1
192.168.255.1 - - [26/Aug/2022:14:42:06 +0800] "GET /nacos/v1/cs/health HTTP/1.1" 200 2 9 Apache-HttpAsyncClient/4.1.3 (Java/1.8.0_144)
192.168.1.33 - - [26/Aug/2022:14:42:08 +0800] "PUT /nacos/v1/ns/instance/beat?app=unknown&namespaceId=30a7f7f1-f414-4acc-8a4b-bbb5808727d5&port=9999&clusterName=DEFAULT&ip=192.168.255.1&serviceName=example%40%40mftcc-rule-server&encoding=UTF-8 HTTP/1.1" 200 75 3 Nacos-Java-Client:v1.2.1
192.168.255.1 - - [26/Aug/2022:14:42:11 +0800] "GET /nacos/v1/cs/health HTTP/1.1" 200 2 9 Apache-HttpAsyncClient/4.1.3 (Java/1.8.0_144)
192.168.1.33 - - [26/Aug/2022:14:42:13 +0800] "PUT /nacos/v1/ns/instance/beat?app=unknown&namespaceId=30a7f7f1-f414-4acc-8a4b-bbb5808727d5&port=9999&clusterName=DEFAULT&ip=192.168.255.1&serviceName=example%40%40mftcc-rule-server&encoding=UTF-8 HTTP/1.1" 200 75 3 Nacos-Java-Client:v1.2.1
192.168.255.1 - - [26/Aug/2022:14:42:16 +0800] "GET /nacos/v1/cs/health HTTP/1.1" 200 2 2 Apache-HttpAsyncClient/4.1.3 (Java/1.8.0_144)
192.168.1.33 - - [26/Aug/2022:14:42:18 +0800] "PUT /nacos/v1/ns/instance/beat?app=unknown&namespaceId=30a7f7f1-f414-4acc-8a4b-bbb5808727d5&port=9999&clusterName=DEFAULT&ip=192.168.255.1&serviceName=example%40%40mftcc-rule-server&encoding=UTF-8 HTTP/1.1" 200 75 2 Nacos-Java-Client:v1.2.1
0:0:0:0:0:0:0:1 - - [26/Aug/2022:14:42:19 +0800] "GET / HTTP/1.1" 404 796 5 Mozilla/5.0 (Windows NT 10.0; Win64; x64) AppleWebKit/537.36 (KHTML, like Gecko) Chrome/103.0.0.0 Safari/537.36
0:0:0:0:0:0:0:1 - - [26/Aug/2022:14:42:19 +0800] "GET /favicon.ico HTTP/1.1" 404 796 0 Mozilla/5.0 (Windows NT 10.0; Win64; x64) AppleWebKit/537.36 (KHTML, like Gecko) Chrome/103.0.0.0 Safari/537.36
192.168.255.1 - - [26/Aug/2022:14:42:21 +0800] "GET /nacos/v1/cs/health HTTP/1.1" 200 2 7 Apache-HttpAsyncClient/4.1.3 (Java/1.8.0_144)
192.168.1.33 - - [26/Aug/2022:14:42:23 +0800] "PUT /nacos/v1/ns/instance/beat?app=unknown&namespaceId=30a7f7f1-f414-4acc-8a4b-bbb5808727d5&port=9999&clusterName=DEFAULT&ip=192.168.255.1&serviceName=example%40%40mftcc-rule-server&encoding=UTF-8 HTTP/1.1" 200 75 2 Nacos-Java-Client:v1.2.1
192.168.255.1 - - [26/Aug/2022:14:42:26 +0800] "GET /nacos/v1/cs/health HTTP/1.1" 200 2 2 Apache-HttpAsyncClient/4.1.3 (Java/1.8.0_144)
192.168.1.33 - - [26/Aug/2022:14:42:28 +0800] "PUT /nacos/v1/ns/instance/beat?app=unknown&namespaceId=30a7f7f1-f414-4acc-8a4b-bbb5808727d5&port=9999&clusterName=DEFAULT&ip=192.168.255.1&serviceName=example%40%40mftcc-rule-server&encoding=UTF-8 HTTP/1.1" 200 75 6 Nacos-Java-Client:v1.2.1
192.168.255.1 - - [26/Aug/2022:14:42:31 +0800] "GET /nacos/v1/cs/health HTTP/1.1" 200 2 3 Apache-HttpAsyncClient/4.1.3 (Java/1.8.0_144)
192.168.1.33 - - [26/Aug/2022:14:42:33 +0800] "PUT /nacos/v1/ns/instance/beat?app=unknown&namespaceId=30a7f7f1-f414-4acc-8a4b-bbb5808727d5&port=9999&clusterName=DEFAULT&ip=192.168.255.1&serviceName=example%40%40mftcc-rule-server&encoding=UTF-8 HTTP/1.1" 200 75 2 Nacos-Java-Client:v1.2.1
192.168.1.33 - - [26/Aug/2022:14:42:36 +0800] "GET / HTTP/1.1" 404 796 0 Mozilla/5.0 (Windows NT 10.0; Win64; x64) AppleWebKit/537.36 (KHTML, like Gecko) Chrome/103.0.0.0 Safari/537.36
192.168.1.33 - - [26/Aug/2022:14:42:36 +0800] "GET /favicon.ico HTTP/1.1" 404 796 1 Mozilla/5.0 (Windows NT 10.0; Win64; x64) AppleWebKit/537.36 (KHTML, like Gecko) Chrome/103.0.0.0 Safari/537.36
192.168.255.1 - - [26/Aug/2022:14:42:36 +0800] "GET /nacos/v1/cs/health HTTP/1.1" 200 2 2 Apache-HttpAsyncClient/4.1.3 (Java/1.8.0_144)
192.168.1.33 - - [26/Aug/2022:14:42:39 +0800] "PUT /nacos/v1/ns/instance/beat?app=unknown&namespaceId=30a7f7f1-f414-4acc-8a4b-bbb5808727d5&port=9999&clusterName=DEFAULT&ip=192.168.255.1&serviceName=example%40%40mftcc-rule-server&encoding=UTF-8 HTTP/1.1" 200 75 3 Nacos-Java-Client:v1.2.1
192.168.255.1 - - [26/Aug/2022:14:42:41 +0800] "GET /nacos/v1/cs/health HTTP/1.1" 200 2 3 Apache-HttpAsyncClient/4.1.3 (Java/1.8.0_144)
192.168.1.33 - - [26/Aug/2022:14:42:44 +0800] "PUT /nacos/v1/ns/instance/beat?app=unknown&namespaceId=30a7f7f1-f414-4acc-8a4b-bbb5808727d5&port=9999&clusterName=DEFAULT&ip=192.168.255.1&serviceName=example%40%40mftcc-rule-server&encoding=UTF-8 HTTP/1.1" 200 75 2 Nacos-Java-Client:v1.2.1
192.168.255.1 - - [26/Aug/2022:14:42:44 +0800] "GET /nacos/index.html HTTP/1.1" 304 - 10 Mozilla/5.0 (Windows NT 10.0; Win64; x64) AppleWebKit/537.36 (KHTML, like Gecko) Chrome/103.0.0.0 Safari/537.36
192.168.255.1 - - [26/Aug/2022:14:42:45 +0800] "GET /nacos/v1/console/server/state?accessToken= HTTP/1.1" 200 82 5 Mozilla/5.0 (Windows NT 10.0; Win64; x64) AppleWebKit/537.36 (KHTML, like Gecko) Chrome/103.0.0.0 Safari/537.36
192.168.255.1 - - [26/Aug/2022:14:42:45 +0800] "GET /nacos/console-fe/public/icons/icon-font.woff2 HTTP/1.1" 404 177 27 Mozilla/5.0 (Windows NT 10.0; Win64; x64) AppleWebKit/537.36 (KHTML, like Gecko) Chrome/103.0.0.0 Safari/537.36
192.168.255.1 - - [26/Aug/2022:14:42:45 +0800] "GET /nacos/v1/console/namespaces?&accessToken=&namespaceId= HTTP/1.1" 200 364 49 Mozilla/5.0 (Windows NT 10.0; Win64; x64) AppleWebKit/537.36 (KHTML, like Gecko) Chrome/103.0.0.0 Safari/537.36
192.168.255.1 - - [26/Aug/2022:14:42:45 +0800] "GET /nacos/v1/cs/configs?search=accurate&dataId=&group=&appName=&config_tags=&pageNo=1&pageSize=10&tenant=&accessToken=&namespaceId= HTTP/1.1" 200 76 32 Mozilla/5.0 (Windows NT 10.0; Win64; x64) AppleWebKit/537.36 (KHTML, like Gecko) Chrome/103.0.0.0 Safari/537.36
192.168.255.1 - - [26/Aug/2022:14:42:46 +0800] "GET /nacos/v1/cs/health HTTP/1.1" 200 2 3 Apache-HttpAsyncClient/4.1.3 (Java/1.8.0_144)
192.168.255.1 - - [26/Aug/2022:14:42:47 +0800] "GET /nacos/v1/ns/catalog/services?hasIpCount=true&withInstances=false&pageNo=1&pageSize=10&serviceNameParam=&groupNameParam=&accessToken=&namespaceId= HTTP/1.1" 200 39 6 Mozilla/5.0 (Windows NT 10.0; Win64; x64) AppleWebKit/537.36 (KHTML, like Gecko) Chrome/103.0.0.0 Safari/537.36
192.168.1.33 - - [26/Aug/2022:14:42:49 +0800] "PUT /nacos/v1/ns/instance/beat?app=unknown&namespaceId=30a7f7f1-f414-4acc-8a4b-bbb5808727d5&port=9999&clusterName=DEFAULT&ip=192.168.255.1&serviceName=example%40%40mftcc-rule-server&encoding=UTF-8 HTTP/1.1" 200 75 3 Nacos-Java-Client:v1.2.1
192.168.255.1 - - [26/Aug/2022:14:42:49 +0800] "GET /nacos/v1/ns/catalog/services?hasIpCount=true&withInstances=false&pageNo=1&pageSize=10&serviceNameParam=&groupNameParam=&accessToken=&namespaceId=30a7f7f1-f414-4acc-8a4b-bbb5808727d5 HTTP/1.1" 200 165 5 Mozilla/5.0 (Windows NT 10.0; Win64; x64) AppleWebKit/537.36 (KHTML, like Gecko) Chrome/103.0.0.0 Safari/537.36
192.168.255.1 - - [26/Aug/2022:14:42:51 +0800] "GET /nacos/v1/cs/health HTTP/1.1" 200 2 2 Apache-HttpAsyncClient/4.1.3 (Java/1.8.0_144)
192.168.1.33 - - [26/Aug/2022:14:42:54 +0800] "PUT /nacos/v1/ns/instance/beat?app=unknown&namespaceId=30a7f7f1-f414-4acc-8a4b-bbb5808727d5&port=9999&clusterName=DEFAULT&ip=192.168.255.1&serviceName=example%40%40mftcc-rule-server&encoding=UTF-8 HTTP/1.1" 200 75 2 Nacos-Java-Client:v1.2.1
192.168.255.1 - - [26/Aug/2022:14:42:56 +0800] "GET /nacos/v1/cs/health HTTP/1.1" 200 2 2 Apache-HttpAsyncClient/4.1.3 (Java/1.8.0_144)
192.168.1.33 - - [26/Aug/2022:14:42:59 +0800] "PUT /nacos/v1/ns/instance/beat?app=unknown&namespaceId=30a7f7f1-f414-4acc-8a4b-bbb5808727d5&port=9999&clusterName=DEFAULT&ip=192.168.255.1&serviceName=example%40%40mftcc-rule-server&encoding=UTF-8 HTTP/1.1" 200 75 8 Nacos-Java-Client:v1.2.1
192.168.255.1 - - [26/Aug/2022:14:43:01 +0800] "GET /nacos/v1/cs/health HTTP/1.1" 200 2 2 Apache-HttpAsyncClient/4.1.3 (Java/1.8.0_144)
192.168.1.33 - - [26/Aug/2022:14:43:04 +0800] "PUT /nacos/v1/ns/instance/beat?app=unknown&namespaceId=30a7f7f1-f414-4acc-8a4b-bbb5808727d5&port=9999&clusterName=DEFAULT&ip=192.168.255.1&serviceName=example%40%40mftcc-rule-server&encoding=UTF-8 HTTP/1.1" 200 75 2 Nacos-Java-Client:v1.2.1
192.168.255.1 - - [26/Aug/2022:14:43:06 +0800] "GET /nacos/v1/cs/health HTTP/1.1" 200 2 6 Apache-HttpAsyncClient/4.1.3 (Java/1.8.0_144)
192.168.1.33 - - [26/Aug/2022:14:43:09 +0800] "PUT /nacos/v1/ns/instance/beat?app=unknown&namespaceId=30a7f7f1-f414-4acc-8a4b-bbb5808727d5&port=9999&clusterName=DEFAULT&ip=192.168.255.1&serviceName=example%40%40mftcc-rule-server&encoding=UTF-8 HTTP/1.1" 200 75 2 Nacos-Java-Client:v1.2.1
192.168.255.1 - - [26/Aug/2022:14:43:11 +0800] "GET /nacos/v1/cs/health HTTP/1.1" 200 2 5 Apache-HttpAsyncClient/4.1.3 (Java/1.8.0_144)
192.168.1.33 - - [26/Aug/2022:14:43:14 +0800] "PUT /nacos/v1/ns/instance/beat?app=unknown&namespaceId=30a7f7f1-f414-4acc-8a4b-bbb5808727d5&port=9999&clusterName=DEFAULT&ip=192.168.255.1&serviceName=example%40%40mftcc-rule-server&encoding=UTF-8 HTTP/1.1" 200 75 3 Nacos-Java-Client:v1.2.1
192.168.255.1 - - [26/Aug/2022:14:43:16 +0800] "GET /nacos/v1/cs/health HTTP/1.1" 200 2 2 Apache-HttpAsyncClient/4.1.3 (Java/1.8.0_144)
192.168.255.1 - - [26/Aug/2022:14:43:17 +0800] "GET /nacos/console-fe/public/js/vs/language/json/jsonMode.js HTTP/1.1" 200 36549 102 Mozilla/5.0 (Windows NT 10.0; Win64; x64) AppleWebKit/537.36 (KHTML, like Gecko) Chrome/103.0.0.0 Safari/537.36
192.168.255.1 - - [26/Aug/2022:14:43:17 +0800] "GET /nacos/v1/ns/catalog/service?serviceName=mftcc-rule-server&groupName=example&accessToken=&namespaceId=30a7f7f1-f414-4acc-8a4b-bbb5808727d5 HTTP/1.1" 200 320 92 Mozilla/5.0 (Windows NT 10.0; Win64; x64) AppleWebKit/537.36 (KHTML, like Gecko) Chrome/103.0.0.0 Safari/537.36
192.168.255.1 - - [26/Aug/2022:14:43:17 +0800] "GET /nacos/v1/ns/catalog/instances?&accessToken=&serviceName=mftcc-rule-server&clusterName=DEFAULT&groupName=example&pageSize=10&pageNo=1&namespaceId=30a7f7f1-f414-4acc-8a4b-bbb5808727d5 HTTP/1.1" 200 653 13 Mozilla/5.0 (Windows NT 10.0; Win64; x64) AppleWebKit/537.36 (KHTML, like Gecko) Chrome/103.0.0.0 Safari/537.36
192.168.255.1 - - [26/Aug/2022:14:43:17 +0800] "GET /nacos/console-fe/public/js/vs/language/json/jsonWorker.js HTTP/1.1" 200 93035 15 Mozilla/5.0 (Windows NT 10.0; Win64; x64) AppleWebKit/537.36 (KHTML, like Gecko) Chrome/103.0.0.0 Safari/537.36
192.168.1.33 - - [26/Aug/2022:14:43:19 +0800] "PUT /nacos/v1/ns/instance/beat?app=unknown&namespaceId=30a7f7f1-f414-4acc-8a4b-bbb5808727d5&port=9999&clusterName=DEFAULT&ip=192.168.255.1&serviceName=example%40%40mftcc-rule-server&encoding=UTF-8 HTTP/1.1" 200 75 2 Nacos-Java-Client:v1.2.1
192.168.255.1 - - [26/Aug/2022:14:43:21 +0800] "GET /nacos/v1/ns/catalog/services?hasIpCount=true&withInstances=false&pageNo=1&pageSize=10&serviceNameParam=&groupNameParam=&accessToken=&namespaceId=30a7f7f1-f414-4acc-8a4b-bbb5808727d5 HTTP/1.1" 200 165 3 Mozilla/5.0 (Windows NT 10.0; Win64; x64) AppleWebKit/537.36 (KHTML, like Gecko) Chrome/103.0.0.0 Safari/537.36
192.168.255.1 - - [26/Aug/2022:14:43:21 +0800] "GET /nacos/v1/cs/health HTTP/1.1" 200 2 1 Apache-HttpAsyncClient/4.1.3 (Java/1.8.0_144)
192.168.1.33 - - [26/Aug/2022:14:43:24 +0800] "PUT /nacos/v1/ns/instance/beat?app=unknown&namespaceId=30a7f7f1-f414-4acc-8a4b-bbb5808727d5&port=9999&clusterName=DEFAULT&ip=192.168.255.1&serviceName=example%40%40mftcc-rule-server&encoding=UTF-8 HTTP/1.1" 200 75 6 Nacos-Java-Client:v1.2.1
192.168.255.1 - - [26/Aug/2022:14:43:24 +0800] "GET /nacos/v1/ns/catalog/services?hasIpCount=true&withInstances=false&pageNo=1&pageSize=10&serviceNameParam=&groupNameParam=&accessToken=&namespaceId=30a7f7f1-f414-4acc-8a4b-bbb5808727d5 HTTP/1.1" 200 165 2 Mozilla/5.0 (Windows NT 10.0; Win64; x64) AppleWebKit/537.36 (KHTML, like Gecko) Chrome/103.0.0.0 Safari/537.36
192.168.255.1 - - [26/Aug/2022:14:43:25 +0800] "GET /nacos/v1/cs/configs?search=accurate&dataId=&group=&appName=&config_tags=&pageNo=1&pageSize=10&tenant=30a7f7f1-f414-4acc-8a4b-bbb5808727d5&accessToken=&namespaceId=30a7f7f1-f414-4acc-8a4b-bbb5808727d5 HTTP/1.1" 200 12871 27 Mozilla/5.0 (Windows NT 10.0; Win64; x64) AppleWebKit/537.36 (KHTML, like Gecko) Chrome/103.0.0.0 Safari/537.36
192.168.255.1 - - [26/Aug/2022:14:43:26 +0800] "GET /nacos/v1/cs/health HTTP/1.1" 200 2 2 Apache-HttpAsyncClient/4.1.3 (Java/1.8.0_144)
192.168.255.1 - - [26/Aug/2022:14:43:28 +0800] "GET /nacos/v1/cs/configs?dataId=mftcc-rule-server.yml&group=example&namespaceId=30a7f7f1-f414-4acc-8a4b-bbb5808727d5&tenant=30a7f7f1-f414-4acc-8a4b-bbb5808727d5&beta=true&accessToken= HTTP/1.1" 200 60 11 Mozilla/5.0 (Windows NT 10.0; Win64; x64) AppleWebKit/537.36 (KHTML, like Gecko) Chrome/103.0.0.0 Safari/537.36
192.168.255.1 - - [26/Aug/2022:14:43:28 +0800] "GET /nacos/v1/cs/configs?dataId=mftcc-rule-server.yml&group=example&namespaceId=30a7f7f1-f414-4acc-8a4b-bbb5808727d5&tenant=30a7f7f1-f414-4acc-8a4b-bbb5808727d5&show=all&accessToken= HTTP/1.1" 200 6379 25 Mozilla/5.0 (Windows NT 10.0; Win64; x64) AppleWebKit/537.36 (KHTML, like Gecko) Chrome/103.0.0.0 Safari/537.36
192.168.1.33 - - [26/Aug/2022:14:43:29 +0800] "PUT /nacos/v1/ns/instance/beat?app=unknown&namespaceId=30a7f7f1-f414-4acc-8a4b-bbb5808727d5&port=9999&clusterName=DEFAULT&ip=192.168.255.1&serviceName=example%40%40mftcc-rule-server&encoding=UTF-8 HTTP/1.1" 200 75 2 Nacos-Java-Client:v1.2.1
192.168.255.1 - - [26/Aug/2022:14:43:31 +0800] "GET /nacos/v1/cs/health HTTP/1.1" 200 2 2 Apache-HttpAsyncClient/4.1.3 (Java/1.8.0_144)
192.168.1.33 - - [26/Aug/2022:14:43:34 +0800] "PUT /nacos/v1/ns/instance/beat?app=unknown&namespaceId=30a7f7f1-f414-4acc-8a4b-bbb5808727d5&port=9999&clusterName=DEFAULT&ip=192.168.255.1&serviceName=example%40%40mftcc-rule-server&encoding=UTF-8 HTTP/1.1" 200 75 8 Nacos-Java-Client:v1.2.1
192.168.255.1 - - [26/Aug/2022:14:43:36 +0800] "GET /nacos/v1/cs/health HTTP/1.1" 200 2 2 Apache-HttpAsyncClient/4.1.3 (Java/1.8.0_144)
