127.0.0.1 - - [19/Aug/2022:10:33:49 +0800] "GET /nacos/v1/ns/instance/list?app=unknown&healthyOnly=false&namespaceId=30a7f7f1-f414-4acc-8a4b-bbb5808727d5&clientIP=192.168.72.1&serviceName=example%40%40mftcc-gateway&udpPort=53607&encoding=UTF-8 HTTP/1.1" 200 548 1 Nacos-Java-Client:v1.2.1
192.168.255.1 - - [19/Aug/2022:10:33:51 +0800] "GET /nacos/v1/cs/health HTTP/1.1" 200 2 1 Apache-HttpAsyncClient/4.1.3 (Java/1.8.0_144)
127.0.0.1 - - [19/Aug/2022:10:33:53 +0800] "PUT /nacos/v1/ns/instance/beat?app=unknown&namespaceId=30a7f7f1-f414-4acc-8a4b-bbb5808727d5&port=7019&clusterName=DEFAULT&ip=192.168.255.1&serviceName=example%40%40mftcc-gateway&encoding=UTF-8 HTTP/1.1" 200 75 2 Nacos-Java-Client:v1.2.1
192.168.255.1 - - [19/Aug/2022:10:33:56 +0800] "GET /nacos/v1/cs/health HTTP/1.1" 200 2 5 Apache-HttpAsyncClient/4.1.3 (Java/1.8.0_144)
127.0.0.1 - - [19/Aug/2022:10:33:56 +0800] "POST /nacos/v1/cs/configs/listener HTTP/1.1" 200 - 29508 Java/1.8.0_144
127.0.0.1 - - [19/Aug/2022:10:33:58 +0800] "PUT /nacos/v1/ns/instance/beat?app=unknown&namespaceId=30a7f7f1-f414-4acc-8a4b-bbb5808727d5&port=7019&clusterName=DEFAULT&ip=192.168.255.1&serviceName=example%40%40mftcc-gateway&encoding=UTF-8 HTTP/1.1" 200 75 1 Nacos-Java-Client:v1.2.1
127.0.0.1 - - [19/Aug/2022:10:33:59 +0800] "GET /nacos/v1/ns/instance/list?app=unknown&healthyOnly=false&namespaceId=30a7f7f1-f414-4acc-8a4b-bbb5808727d5&clientIP=192.168.72.1&serviceName=example%40%40mftcc-gateway&udpPort=53607&encoding=UTF-8 HTTP/1.1" 200 548 4 Nacos-Java-Client:v1.2.1
127.0.0.1 - - [19/Aug/2022:10:34:01 +0800] "GET /nacos/v1/ns/service/list?app=unknown&pageSize=2147483647&groupName=example&encoding=UTF-8&namespaceId=30a7f7f1-f414-4acc-8a4b-bbb5808727d5&pageNo=1 HTTP/1.1" 200 47 8 Nacos-Java-Client:v1.2.1
192.168.255.1 - - [19/Aug/2022:10:34:01 +0800] "GET /nacos/v1/cs/health HTTP/1.1" 200 2 5 Apache-HttpAsyncClient/4.1.3 (Java/1.8.0_144)
127.0.0.1 - - [19/Aug/2022:10:34:03 +0800] "PUT /nacos/v1/ns/instance/beat?app=unknown&namespaceId=30a7f7f1-f414-4acc-8a4b-bbb5808727d5&port=7019&clusterName=DEFAULT&ip=192.168.255.1&serviceName=example%40%40mftcc-gateway&encoding=UTF-8 HTTP/1.1" 200 75 2 Nacos-Java-Client:v1.2.1
192.168.255.1 - - [19/Aug/2022:10:34:06 +0800] "GET /nacos/v1/cs/health HTTP/1.1" 200 2 1 Apache-HttpAsyncClient/4.1.3 (Java/1.8.0_144)
127.0.0.1 - - [19/Aug/2022:10:34:08 +0800] "PUT /nacos/v1/ns/instance/beat?app=unknown&namespaceId=30a7f7f1-f414-4acc-8a4b-bbb5808727d5&port=7019&clusterName=DEFAULT&ip=192.168.255.1&serviceName=example%40%40mftcc-gateway&encoding=UTF-8 HTTP/1.1" 200 75 2 Nacos-Java-Client:v1.2.1
127.0.0.1 - - [19/Aug/2022:10:34:09 +0800] "GET /nacos/v1/ns/instance/list?app=unknown&healthyOnly=false&namespaceId=30a7f7f1-f414-4acc-8a4b-bbb5808727d5&clientIP=192.168.72.1&serviceName=example%40%40mftcc-gateway&udpPort=53607&encoding=UTF-8 HTTP/1.1" 200 548 9 Nacos-Java-Client:v1.2.1
192.168.255.1 - - [19/Aug/2022:10:34:11 +0800] "GET /nacos/v1/cs/health HTTP/1.1" 200 2 7 Apache-HttpAsyncClient/4.1.3 (Java/1.8.0_144)
127.0.0.1 - - [19/Aug/2022:10:34:13 +0800] "PUT /nacos/v1/ns/instance/beat?app=unknown&namespaceId=30a7f7f1-f414-4acc-8a4b-bbb5808727d5&port=7019&clusterName=DEFAULT&ip=192.168.255.1&serviceName=example%40%40mftcc-gateway&encoding=UTF-8 HTTP/1.1" 200 75 2 Nacos-Java-Client:v1.2.1
192.168.255.1 - - [19/Aug/2022:10:34:16 +0800] "GET /nacos/v1/cs/health HTTP/1.1" 200 2 2 Apache-HttpAsyncClient/4.1.3 (Java/1.8.0_144)
127.0.0.1 - - [19/Aug/2022:10:34:18 +0800] "PUT /nacos/v1/ns/instance/beat?app=unknown&namespaceId=30a7f7f1-f414-4acc-8a4b-bbb5808727d5&port=7019&clusterName=DEFAULT&ip=192.168.255.1&serviceName=example%40%40mftcc-gateway&encoding=UTF-8 HTTP/1.1" 200 75 1 Nacos-Java-Client:v1.2.1
127.0.0.1 - - [19/Aug/2022:10:34:19 +0800] "GET /nacos/v1/ns/instance/list?app=unknown&healthyOnly=false&namespaceId=30a7f7f1-f414-4acc-8a4b-bbb5808727d5&clientIP=192.168.72.1&serviceName=example%40%40mftcc-gateway&udpPort=53607&encoding=UTF-8 HTTP/1.1" 200 548 3 Nacos-Java-Client:v1.2.1
192.168.255.1 - - [19/Aug/2022:10:34:21 +0800] "GET /nacos/v1/cs/health HTTP/1.1" 200 2 2 Apache-HttpAsyncClient/4.1.3 (Java/1.8.0_144)
127.0.0.1 - - [19/Aug/2022:10:34:23 +0800] "PUT /nacos/v1/ns/instance/beat?app=unknown&namespaceId=30a7f7f1-f414-4acc-8a4b-bbb5808727d5&port=7019&clusterName=DEFAULT&ip=192.168.255.1&serviceName=example%40%40mftcc-gateway&encoding=UTF-8 HTTP/1.1" 200 75 2 Nacos-Java-Client:v1.2.1
192.168.255.1 - - [19/Aug/2022:10:34:26 +0800] "GET /nacos/v1/cs/health HTTP/1.1" 200 2 5 Apache-HttpAsyncClient/4.1.3 (Java/1.8.0_144)
127.0.0.1 - - [19/Aug/2022:10:34:26 +0800] "POST /nacos/v1/cs/configs/listener HTTP/1.1" 200 - 29510 Java/1.8.0_144
192.168.255.1 - - [19/Aug/2022:10:34:31 +0800] "GET /nacos/v1/cs/health HTTP/1.1" 200 2 2 Apache-HttpAsyncClient/4.1.3 (Java/1.8.0_144)
192.168.255.1 - - [19/Aug/2022:10:34:36 +0800] "GET /nacos/v1/cs/health HTTP/1.1" 200 2 2 Apache-HttpAsyncClient/4.1.3 (Java/1.8.0_144)
192.168.255.1 - - [19/Aug/2022:10:34:41 +0800] "GET /nacos/v1/cs/health HTTP/1.1" 200 2 7 Apache-HttpAsyncClient/4.1.3 (Java/1.8.0_144)
192.168.255.1 - - [19/Aug/2022:10:34:46 +0800] "GET /nacos/v1/cs/health HTTP/1.1" 200 2 3 Apache-HttpAsyncClient/4.1.3 (Java/1.8.0_144)
192.168.255.1 - - [19/Aug/2022:10:34:51 +0800] "GET /nacos/v1/cs/health HTTP/1.1" 200 2 4 Apache-HttpAsyncClient/4.1.3 (Java/1.8.0_144)
127.0.0.1 - - [19/Aug/2022:10:34:55 +0800] "POST /nacos/v1/cs/configs/listener HTTP/1.1" 500 - 29506 Java/1.8.0_144
192.168.255.1 - - [19/Aug/2022:10:34:56 +0800] "GET /nacos/v1/cs/health HTTP/1.1" 200 2 1 Apache-HttpAsyncClient/4.1.3 (Java/1.8.0_144)
127.0.0.1 - - [19/Aug/2022:10:34:58 +0800] "DELETE /nacos/v1/ns/instance?ephemeral=true&serviceName=example%40%40mftcc-gateway&port=7019&namespaceId=30a7f7f1-f414-4acc-8a4b-bbb5808727d5&ip=192.168.255.1&clusterName=DEFAULT HTTP/1.1" 200 2 3 Nacos-Server:1.2.0
192.168.255.1 - - [19/Aug/2022:10:35:01 +0800] "GET /nacos/v1/cs/health HTTP/1.1" 200 2 2 Apache-HttpAsyncClient/4.1.3 (Java/1.8.0_144)
192.168.255.1 - - [19/Aug/2022:10:35:06 +0800] "GET /nacos/v1/cs/health HTTP/1.1" 200 2 2 Apache-HttpAsyncClient/4.1.3 (Java/1.8.0_144)
192.168.255.1 - - [19/Aug/2022:10:35:11 +0800] "GET /nacos/v1/cs/health HTTP/1.1" 200 2 3 Apache-HttpAsyncClient/4.1.3 (Java/1.8.0_144)
192.168.255.1 - - [19/Aug/2022:10:35:16 +0800] "GET /nacos/v1/cs/health HTTP/1.1" 200 2 4 Apache-HttpAsyncClient/4.1.3 (Java/1.8.0_144)
192.168.255.1 - - [19/Aug/2022:10:35:21 +0800] "GET /nacos/v1/cs/health HTTP/1.1" 200 2 5 Apache-HttpAsyncClient/4.1.3 (Java/1.8.0_144)
192.168.255.1 - - [19/Aug/2022:10:35:26 +0800] "GET /nacos/v1/cs/health HTTP/1.1" 200 2 3 Apache-HttpAsyncClient/4.1.3 (Java/1.8.0_144)
192.168.255.1 - - [19/Aug/2022:10:35:31 +0800] "GET /nacos/v1/cs/health HTTP/1.1" 200 2 3 Apache-HttpAsyncClient/4.1.3 (Java/1.8.0_144)
192.168.255.1 - - [19/Aug/2022:10:35:36 +0800] "GET /nacos/v1/cs/health HTTP/1.1" 200 2 7 Apache-HttpAsyncClient/4.1.3 (Java/1.8.0_144)
192.168.255.1 - - [19/Aug/2022:10:39:31 +0800] "GET /nacos/v1/cs/health HTTP/1.1" 200 2 115 Apache-HttpAsyncClient/4.1.3 (Java/1.8.0_144)
192.168.255.1 - - [19/Aug/2022:10:39:35 +0800] "GET /nacos/v1/cs/health HTTP/1.1" 200 2 4 Apache-HttpAsyncClient/4.1.3 (Java/1.8.0_144)
192.168.255.1 - - [19/Aug/2022:10:39:40 +0800] "GET /nacos/v1/cs/health HTTP/1.1" 200 2 15 Apache-HttpAsyncClient/4.1.3 (Java/1.8.0_144)
192.168.255.1 - - [19/Aug/2022:10:39:45 +0800] "GET /nacos/v1/cs/health HTTP/1.1" 200 2 4 Apache-HttpAsyncClient/4.1.3 (Java/1.8.0_144)
192.168.255.1 - - [19/Aug/2022:10:39:47 +0800] "GET /nacos/index.html HTTP/1.1" 304 - 33 Mozilla/5.0 (Windows NT 10.0; Win64; x64) AppleWebKit/537.36 (KHTML, like Gecko) Chrome/103.0.0.0 Safari/537.36
192.168.255.1 - - [19/Aug/2022:10:39:47 +0800] "GET /nacos/console-fe/public/css/codemirror.css HTTP/1.1" 304 - 22 Mozilla/5.0 (Windows NT 10.0; Win64; x64) AppleWebKit/537.36 (KHTML, like Gecko) Chrome/103.0.0.0 Safari/537.36
192.168.255.1 - - [19/Aug/2022:10:39:47 +0800] "GET /nacos/console-fe/public/css/bootstrap.css HTTP/1.1" 304 - 45 Mozilla/5.0 (Windows NT 10.0; Win64; x64) AppleWebKit/537.36 (KHTML, like Gecko) Chrome/103.0.0.0 Safari/537.36
192.168.255.1 - - [19/Aug/2022:10:39:47 +0800] "GET /nacos/console-fe/public/css/icon.css HTTP/1.1" 304 - 7 Mozilla/5.0 (Windows NT 10.0; Win64; x64) AppleWebKit/537.36 (KHTML, like Gecko) Chrome/103.0.0.0 Safari/537.36
192.168.255.1 - - [19/Aug/2022:10:39:47 +0800] "GET /nacos/console-fe/public/css/font-awesome.css HTTP/1.1" 304 - 6 Mozilla/5.0 (Windows NT 10.0; Win64; x64) AppleWebKit/537.36 (KHTML, like Gecko) Chrome/103.0.0.0 Safari/537.36
192.168.255.1 - - [19/Aug/2022:10:39:47 +0800] "GET /nacos/console-fe/public/css/console1412.css HTTP/1.1" 304 - 38 Mozilla/5.0 (Windows NT 10.0; Win64; x64) AppleWebKit/537.36 (KHTML, like Gecko) Chrome/103.0.0.0 Safari/537.36
192.168.255.1 - - [19/Aug/2022:10:39:47 +0800] "GET /nacos/console-fe/public/css/merge.css HTTP/1.1" 304 - 39 Mozilla/5.0 (Windows NT 10.0; Win64; x64) AppleWebKit/537.36 (KHTML, like Gecko) Chrome/103.0.0.0 Safari/537.36
192.168.255.1 - - [19/Aug/2022:10:39:47 +0800] "GET /nacos/console-fe/public/js/codemirror.addone.fullscreen.js HTTP/1.1" 304 - 8 Mozilla/5.0 (Windows NT 10.0; Win64; x64) AppleWebKit/537.36 (KHTML, like Gecko) Chrome/103.0.0.0 Safari/537.36
192.168.255.1 - - [19/Aug/2022:10:39:47 +0800] "GET /nacos/css/main.css HTTP/1.1" 304 - 5 Mozilla/5.0 (Windows NT 10.0; Win64; x64) AppleWebKit/537.36 (KHTML, like Gecko) Chrome/103.0.0.0 Safari/537.36
192.168.255.1 - - [19/Aug/2022:10:39:47 +0800] "GET /nacos/console-fe/public/js/codemirror.js HTTP/1.1" 304 - 6 Mozilla/5.0 (Windows NT 10.0; Win64; x64) AppleWebKit/537.36 (KHTML, like Gecko) Chrome/103.0.0.0 Safari/537.36
192.168.255.1 - - [19/Aug/2022:10:39:47 +0800] "GET /nacos/console-fe/public/js/jquery.js HTTP/1.1" 304 - 5 Mozilla/5.0 (Windows NT 10.0; Win64; x64) AppleWebKit/537.36 (KHTML, like Gecko) Chrome/103.0.0.0 Safari/537.36
192.168.255.1 - - [19/Aug/2022:10:39:47 +0800] "GET /nacos/console-fe/public/js/javascript.js HTTP/1.1" 304 - 11 Mozilla/5.0 (Windows NT 10.0; Win64; x64) AppleWebKit/537.36 (KHTML, like Gecko) Chrome/103.0.0.0 Safari/537.36
192.168.255.1 - - [19/Aug/2022:10:39:47 +0800] "GET /nacos/console-fe/public/js/codemirror.lib.clike-lint.js HTTP/1.1" 304 - 7 Mozilla/5.0 (Windows NT 10.0; Win64; x64) AppleWebKit/537.36 (KHTML, like Gecko) Chrome/103.0.0.0 Safari/537.36
192.168.255.1 - - [19/Aug/2022:10:39:47 +0800] "GET /nacos/console-fe/public/js/codemirror.addone.lint.js HTTP/1.1" 304 - 20 Mozilla/5.0 (Windows NT 10.0; Win64; x64) AppleWebKit/537.36 (KHTML, like Gecko) Chrome/103.0.0.0 Safari/537.36
192.168.255.1 - - [19/Aug/2022:10:39:47 +0800] "GET /nacos/console-fe/public/js/codemirror.lib.json-lint.js HTTP/1.1" 304 - 11 Mozilla/5.0 (Windows NT 10.0; Win64; x64) AppleWebKit/537.36 (KHTML, like Gecko) Chrome/103.0.0.0 Safari/537.36
192.168.255.1 - - [19/Aug/2022:10:39:47 +0800] "GET /nacos/console-fe/public/js/diff_match_patch.js HTTP/1.1" 304 - 17 Mozilla/5.0 (Windows NT 10.0; Win64; x64) AppleWebKit/537.36 (KHTML, like Gecko) Chrome/103.0.0.0 Safari/537.36
192.168.255.1 - - [19/Aug/2022:10:39:47 +0800] "GET /nacos/console-fe/public/js/xml.js HTTP/1.1" 304 - 18 Mozilla/5.0 (Windows NT 10.0; Win64; x64) AppleWebKit/537.36 (KHTML, like Gecko) Chrome/103.0.0.0 Safari/537.36
192.168.255.1 - - [19/Aug/2022:10:39:47 +0800] "GET /nacos/console-fe/public/js/codemirror.addone.json-lint.js HTTP/1.1" 304 - 19 Mozilla/5.0 (Windows NT 10.0; Win64; x64) AppleWebKit/537.36 (KHTML, like Gecko) Chrome/103.0.0.0 Safari/537.36
192.168.255.1 - - [19/Aug/2022:10:39:47 +0800] "GET /nacos/console-fe/public/js/loader.js HTTP/1.1" 304 - 8 Mozilla/5.0 (Windows NT 10.0; Win64; x64) AppleWebKit/537.36 (KHTML, like Gecko) Chrome/103.0.0.0 Safari/537.36
192.168.255.1 - - [19/Aug/2022:10:39:47 +0800] "GET /nacos/console-fe/public/js/merge.js HTTP/1.1" 304 - 8 Mozilla/5.0 (Windows NT 10.0; Win64; x64) AppleWebKit/537.36 (KHTML, like Gecko) Chrome/103.0.0.0 Safari/537.36
192.168.255.1 - - [19/Aug/2022:10:39:47 +0800] "GET /nacos/js/main.js HTTP/1.1" 304 - 12 Mozilla/5.0 (Windows NT 10.0; Win64; x64) AppleWebKit/537.36 (KHTML, like Gecko) Chrome/103.0.0.0 Safari/537.36
192.168.255.1 - - [19/Aug/2022:10:39:48 +0800] "GET /nacos/console-fe/public/js/vs/editor/editor.main.js HTTP/1.1" 304 - 7 Mozilla/5.0 (Windows NT 10.0; Win64; x64) AppleWebKit/537.36 (KHTML, like Gecko) Chrome/103.0.0.0 Safari/537.36
192.168.255.1 - - [19/Aug/2022:10:39:48 +0800] "GET /nacos/img/logo-2000-390.svg HTTP/1.1" 304 - 9 Mozilla/5.0 (Windows NT 10.0; Win64; x64) AppleWebKit/537.36 (KHTML, like Gecko) Chrome/103.0.0.0 Safari/537.36
192.168.255.1 - - [19/Aug/2022:10:39:48 +0800] "GET /nacos/v1/console/server/state?accessToken= HTTP/1.1" 200 82 31 Mozilla/5.0 (Windows NT 10.0; Win64; x64) AppleWebKit/537.36 (KHTML, like Gecko) Chrome/103.0.0.0 Safari/537.36
192.168.255.1 - - [19/Aug/2022:10:39:48 +0800] "GET /nacos/console-fe/public/icons/icon-font.woff2 HTTP/1.1" 404 177 73 Mozilla/5.0 (Windows NT 10.0; Win64; x64) AppleWebKit/537.36 (KHTML, like Gecko) Chrome/103.0.0.0 Safari/537.36
192.168.255.1 - - [19/Aug/2022:10:39:48 +0800] "GET /nacos/v1/console/namespaces?&accessToken=&namespaceId=30a7f7f1-f414-4acc-8a4b-bbb5808727d5 HTTP/1.1" 200 364 34 Mozilla/5.0 (Windows NT 10.0; Win64; x64) AppleWebKit/537.36 (KHTML, like Gecko) Chrome/103.0.0.0 Safari/537.36
192.168.255.1 - - [19/Aug/2022:10:39:48 +0800] "GET /nacos/v1/cs/configs?search=accurate&dataId=&group=&appName=&config_tags=&pageNo=1&pageSize=10&tenant=&accessToken=&namespaceId= HTTP/1.1" 200 76 34 Mozilla/5.0 (Windows NT 10.0; Win64; x64) AppleWebKit/537.36 (KHTML, like Gecko) Chrome/103.0.0.0 Safari/537.36
192.168.255.1 - - [19/Aug/2022:10:39:48 +0800] "GET /nacos/console-fe/public/js/vs/editor/editor.main.css HTTP/1.1" 304 - 3 Mozilla/5.0 (Windows NT 10.0; Win64; x64) AppleWebKit/537.36 (KHTML, like Gecko) Chrome/103.0.0.0 Safari/537.36
192.168.255.1 - - [19/Aug/2022:10:39:48 +0800] "GET /nacos/console-fe/public/js/vs/editor/editor.main.nls.zh-cn.js HTTP/1.1" 304 - 3 Mozilla/5.0 (Windows NT 10.0; Win64; x64) AppleWebKit/537.36 (KHTML, like Gecko) Chrome/103.0.0.0 Safari/537.36
192.168.255.1 - - [19/Aug/2022:10:39:48 +0800] "GET /nacos/console-fe/public/icons/icon-font.woff HTTP/1.1" 304 - 4 Mozilla/5.0 (Windows NT 10.0; Win64; x64) AppleWebKit/537.36 (KHTML, like Gecko) Chrome/103.0.0.0 Safari/537.36
192.168.255.1 - - [19/Aug/2022:10:39:49 +0800] "GET /nacos/v1/cs/configs?search=accurate&dataId=&group=&appName=&config_tags=&pageNo=1&pageSize=10&tenant=30a7f7f1-f414-4acc-8a4b-bbb5808727d5&accessToken=&namespaceId=30a7f7f1-f414-4acc-8a4b-bbb5808727d5 HTTP/1.1" 200 12578 17 Mozilla/5.0 (Windows NT 10.0; Win64; x64) AppleWebKit/537.36 (KHTML, like Gecko) Chrome/103.0.0.0 Safari/537.36
192.168.255.1 - - [19/Aug/2022:10:39:50 +0800] "GET /nacos/v1/cs/configs?search=accurate&dataId=&group=&appName=&config_tags=&pageNo=1&pageSize=10&tenant=30a7f7f1-f414-4acc-8a4b-bbb5808727d5&accessToken=&namespaceId=30a7f7f1-f414-4acc-8a4b-bbb5808727d5 HTTP/1.1" 200 12578 14 Mozilla/5.0 (Windows NT 10.0; Win64; x64) AppleWebKit/537.36 (KHTML, like Gecko) Chrome/103.0.0.0 Safari/537.36
192.168.255.1 - - [19/Aug/2022:10:39:50 +0800] "GET /nacos/v1/cs/health HTTP/1.1" 200 2 3 Apache-HttpAsyncClient/4.1.3 (Java/1.8.0_144)
192.168.255.1 - - [19/Aug/2022:10:39:55 +0800] "GET /nacos/v1/cs/health HTTP/1.1" 200 2 2 Apache-HttpAsyncClient/4.1.3 (Java/1.8.0_144)
192.168.255.1 - - [19/Aug/2022:10:40:00 +0800] "GET /nacos/v1/cs/health HTTP/1.1" 200 2 3 Apache-HttpAsyncClient/4.1.3 (Java/1.8.0_144)
192.168.255.1 - - [19/Aug/2022:10:40:05 +0800] "GET /nacos/v1/cs/health HTTP/1.1" 200 2 3 Apache-HttpAsyncClient/4.1.3 (Java/1.8.0_144)
192.168.255.1 - - [19/Aug/2022:10:40:10 +0800] "GET /nacos/v1/cs/health HTTP/1.1" 200 2 4 Apache-HttpAsyncClient/4.1.3 (Java/1.8.0_144)
192.168.255.1 - - [19/Aug/2022:10:40:16 +0800] "GET /nacos/v1/cs/health HTTP/1.1" 200 2 71 Apache-HttpAsyncClient/4.1.3 (Java/1.8.0_144)
192.168.255.1 - - [19/Aug/2022:10:40:20 +0800] "GET /nacos/v1/cs/health HTTP/1.1" 200 2 3 Apache-HttpAsyncClient/4.1.3 (Java/1.8.0_144)
192.168.255.1 - - [19/Aug/2022:10:40:26 +0800] "GET /nacos/v1/cs/health HTTP/1.1" 200 2 11 Apache-HttpAsyncClient/4.1.3 (Java/1.8.0_144)
192.168.255.1 - - [19/Aug/2022:10:40:31 +0800] "GET /nacos/v1/cs/health HTTP/1.1" 200 2 4 Apache-HttpAsyncClient/4.1.3 (Java/1.8.0_144)
127.0.0.1 - - [19/Aug/2022:10:40:32 +0800] "GET /nacos/v1/cs/configs?dataId=mftcc.yml&group=example&tenant=30a7f7f1-f414-4acc-8a4b-bbb5808727d5 HTTP/1.1" 200 4530 25 Java/1.8.0_144
127.0.0.1 - - [19/Aug/2022:10:40:32 +0800] "GET /nacos/v1/cs/configs?dataId=mftcc-gateway&group=example&tenant=30a7f7f1-f414-4acc-8a4b-bbb5808727d5 HTTP/1.1" 404 23 4 Java/1.8.0_144
127.0.0.1 - - [19/Aug/2022:10:40:32 +0800] "GET /nacos/v1/cs/configs?dataId=mftcc-gateway.yml&group=example&tenant=30a7f7f1-f414-4acc-8a4b-bbb5808727d5 HTTP/1.1" 200 203 4 Java/1.8.0_144
192.168.255.1 - - [19/Aug/2022:10:40:36 +0800] "GET /nacos/v1/cs/health HTTP/1.1" 200 2 4 Apache-HttpAsyncClient/4.1.3 (Java/1.8.0_144)
192.168.255.1 - - [19/Aug/2022:10:40:41 +0800] "GET /nacos/v1/cs/health HTTP/1.1" 200 2 2 Apache-HttpAsyncClient/4.1.3 (Java/1.8.0_144)
192.168.255.1 - - [19/Aug/2022:10:40:46 +0800] "GET /nacos/v1/cs/health HTTP/1.1" 200 2 3 Apache-HttpAsyncClient/4.1.3 (Java/1.8.0_144)
127.0.0.1 - - [19/Aug/2022:10:40:48 +0800] "GET /nacos/v1/ns/service/list?app=unknown&pageSize=2147483647&groupName=example&encoding=UTF-8&namespaceId=30a7f7f1-f414-4acc-8a4b-bbb5808727d5&pageNo=1 HTTP/1.1" 200 32 13 Nacos-Java-Client:v1.2.1
127.0.0.1 - - [19/Aug/2022:10:40:48 +0800] "GET /nacos/v1/ns/service/list?app=unknown&pageSize=2147483647&groupName=example&encoding=UTF-8&namespaceId=30a7f7f1-f414-4acc-8a4b-bbb5808727d5&pageNo=1 HTTP/1.1" 200 32 11 Nacos-Java-Client:v1.2.1
127.0.0.1 - - [19/Aug/2022:10:40:48 +0800] "GET /nacos/v1/ns/service/list?app=unknown&pageSize=2147483647&groupName=example&encoding=UTF-8&namespaceId=30a7f7f1-f414-4acc-8a4b-bbb5808727d5&pageNo=1 HTTP/1.1" 200 32 28 Nacos-Java-Client:v1.2.1
127.0.0.1 - - [19/Aug/2022:10:40:48 +0800] "GET /nacos/v1/ns/service/list?app=unknown&pageSize=2147483647&groupName=example&encoding=UTF-8&namespaceId=30a7f7f1-f414-4acc-8a4b-bbb5808727d5&pageNo=1 HTTP/1.1" 200 32 25 Nacos-Java-Client:v1.2.1
192.168.255.1 - - [19/Aug/2022:10:40:51 +0800] "GET /nacos/v1/cs/health HTTP/1.1" 200 2 9 Apache-HttpAsyncClient/4.1.3 (Java/1.8.0_144)
127.0.0.1 - - [19/Aug/2022:10:40:53 +0800] "POST /nacos/v1/ns/instance?app=unknown&metadata=%7B%22preserved.register.source%22%3A%22SPRING_CLOUD%22%7D&ip=192.168.255.1&weight=1.0&ephemeral=true&serviceName=example%40%40mftcc-gateway&encoding=UTF-8&groupName=example&namespaceId=30a7f7f1-f414-4acc-8a4b-bbb5808727d5&port=7019&enable=true&healthy=true&clusterName=DEFAULT HTTP/1.1" 200 2 60 Nacos-Java-Client:v1.2.1
127.0.0.1 - - [19/Aug/2022:10:40:53 +0800] "GET /nacos/v1/ns/service/list?app=unknown&pageSize=2147483647&groupName=example&encoding=UTF-8&namespaceId=30a7f7f1-f414-4acc-8a4b-bbb5808727d5&pageNo=1 HTTP/1.1" 200 47 5 Nacos-Java-Client:v1.2.1
127.0.0.1 - - [19/Aug/2022:10:40:53 +0800] "POST /nacos/v1/cs/configs/listener HTTP/1.1" 200 - 6 Java/1.8.0_144
127.0.0.1 - - [19/Aug/2022:10:40:53 +0800] "POST /nacos/v1/cs/configs/listener HTTP/1.1" 200 - 3 Java/1.8.0_144
127.0.0.1 - - [19/Aug/2022:10:40:53 +0800] "GET /nacos/v1/ns/instance/list?app=unknown&healthyOnly=false&namespaceId=30a7f7f1-f414-4acc-8a4b-bbb5808727d5&clientIP=192.168.72.1&serviceName=example%40%40mftcc-gateway&udpPort=49185&encoding=UTF-8 HTTP/1.1" 200 548 15 Nacos-Java-Client:v1.2.1
127.0.0.1 - - [19/Aug/2022:10:40:54 +0800] "GET /nacos/v1/ns/instance/list?app=unknown&healthyOnly=false&namespaceId=30a7f7f1-f414-4acc-8a4b-bbb5808727d5&clientIP=192.168.72.1&serviceName=example%40%40mftcc-gateway&udpPort=49185&encoding=UTF-8 HTTP/1.1" 200 548 4 Nacos-Java-Client:v1.2.1
192.168.255.1 - - [19/Aug/2022:10:40:56 +0800] "GET /nacos/v1/cs/health HTTP/1.1" 200 2 3 Apache-HttpAsyncClient/4.1.3 (Java/1.8.0_144)
127.0.0.1 - - [19/Aug/2022:10:40:56 +0800] "GET /nacos/v1/ns/operator/metrics?app=unknown&encoding=UTF-8&namespaceId=30a7f7f1-f414-4acc-8a4b-bbb5808727d5 HTTP/1.1" 200 179 747 Nacos-Java-Client:v1.2.1
127.0.0.1 - - [19/Aug/2022:10:40:56 +0800] "GET /nacos/v1/ns/service/list?app=unknown&pageSize=2147483647&groupName=example&encoding=UTF-8&namespaceId=30a7f7f1-f414-4acc-8a4b-bbb5808727d5&pageNo=1 HTTP/1.1" 200 47 2 Nacos-Java-Client:v1.2.1
127.0.0.1 - - [19/Aug/2022:10:40:58 +0800] "PUT /nacos/v1/ns/instance/beat?app=unknown&namespaceId=30a7f7f1-f414-4acc-8a4b-bbb5808727d5&port=7019&clusterName=DEFAULT&ip=192.168.255.1&serviceName=example%40%40mftcc-gateway&encoding=UTF-8 HTTP/1.1" 200 75 16 Nacos-Java-Client:v1.2.1
192.168.255.1 - - [19/Aug/2022:10:41:01 +0800] "GET /nacos/v1/cs/health HTTP/1.1" 200 2 10 Apache-HttpAsyncClient/4.1.3 (Java/1.8.0_144)
127.0.0.1 - - [19/Aug/2022:10:41:03 +0800] "PUT /nacos/v1/ns/instance/beat?app=unknown&namespaceId=30a7f7f1-f414-4acc-8a4b-bbb5808727d5&port=7019&clusterName=DEFAULT&ip=192.168.255.1&serviceName=example%40%40mftcc-gateway&encoding=UTF-8 HTTP/1.1" 200 75 4 Nacos-Java-Client:v1.2.1
127.0.0.1 - - [19/Aug/2022:10:41:04 +0800] "GET /nacos/v1/ns/instance/list?app=unknown&healthyOnly=false&namespaceId=30a7f7f1-f414-4acc-8a4b-bbb5808727d5&clientIP=192.168.72.1&serviceName=example%40%40mftcc-gateway&udpPort=49185&encoding=UTF-8 HTTP/1.1" 200 548 2 Nacos-Java-Client:v1.2.1
192.168.255.1 - - [19/Aug/2022:10:41:06 +0800] "GET /nacos/v1/cs/health HTTP/1.1" 200 2 3 Apache-HttpAsyncClient/4.1.3 (Java/1.8.0_144)
127.0.0.1 - - [19/Aug/2022:10:41:08 +0800] "PUT /nacos/v1/ns/instance/beat?app=unknown&namespaceId=30a7f7f1-f414-4acc-8a4b-bbb5808727d5&port=7019&clusterName=DEFAULT&ip=192.168.255.1&serviceName=example%40%40mftcc-gateway&encoding=UTF-8 HTTP/1.1" 200 75 2 Nacos-Java-Client:v1.2.1
192.168.255.1 - - [19/Aug/2022:10:41:11 +0800] "GET /nacos/v1/cs/health HTTP/1.1" 200 2 4 Apache-HttpAsyncClient/4.1.3 (Java/1.8.0_144)
127.0.0.1 - - [19/Aug/2022:10:41:13 +0800] "PUT /nacos/v1/ns/instance/beat?app=unknown&namespaceId=30a7f7f1-f414-4acc-8a4b-bbb5808727d5&port=7019&clusterName=DEFAULT&ip=192.168.255.1&serviceName=example%40%40mftcc-gateway&encoding=UTF-8 HTTP/1.1" 200 75 7 Nacos-Java-Client:v1.2.1
127.0.0.1 - - [19/Aug/2022:10:41:15 +0800] "GET /nacos/v1/ns/instance/list?app=unknown&healthyOnly=false&namespaceId=30a7f7f1-f414-4acc-8a4b-bbb5808727d5&clientIP=192.168.72.1&serviceName=example%40%40mftcc-gateway&udpPort=49185&encoding=UTF-8 HTTP/1.1" 200 548 5 Nacos-Java-Client:v1.2.1
192.168.255.1 - - [19/Aug/2022:10:41:16 +0800] "GET /nacos/v1/cs/health HTTP/1.1" 200 2 3 Apache-HttpAsyncClient/4.1.3 (Java/1.8.0_144)
192.168.255.1 - - [19/Aug/2022:10:41:17 +0800] "GET /nacos/index.html HTTP/1.1" 304 - 4 Mozilla/5.0 (Windows NT 10.0; Win64; x64) AppleWebKit/537.36 (KHTML, like Gecko) Chrome/103.0.0.0 Safari/537.36
192.168.255.1 - - [19/Aug/2022:10:41:18 +0800] "GET /nacos/v1/console/namespaces?&accessToken=&namespaceId=30a7f7f1-f414-4acc-8a4b-bbb5808727d5 HTTP/1.1" 200 364 8 Mozilla/5.0 (Windows NT 10.0; Win64; x64) AppleWebKit/537.36 (KHTML, like Gecko) Chrome/103.0.0.0 Safari/537.36
192.168.255.1 - - [19/Aug/2022:10:41:18 +0800] "GET /nacos/v1/console/server/state?accessToken= HTTP/1.1" 200 82 3 Mozilla/5.0 (Windows NT 10.0; Win64; x64) AppleWebKit/537.36 (KHTML, like Gecko) Chrome/103.0.0.0 Safari/537.36
192.168.255.1 - - [19/Aug/2022:10:41:18 +0800] "GET /nacos/console-fe/public/icons/icon-font.woff2 HTTP/1.1" 404 177 11 Mozilla/5.0 (Windows NT 10.0; Win64; x64) AppleWebKit/537.36 (KHTML, like Gecko) Chrome/103.0.0.0 Safari/537.36
192.168.255.1 - - [19/Aug/2022:10:41:18 +0800] "GET /nacos/v1/cs/configs?search=accurate&dataId=&group=&appName=&config_tags=&pageNo=1&pageSize=10&tenant=30a7f7f1-f414-4acc-8a4b-bbb5808727d5&accessToken=&namespaceId=30a7f7f1-f414-4acc-8a4b-bbb5808727d5 HTTP/1.1" 200 12578 9 Mozilla/5.0 (Windows NT 10.0; Win64; x64) AppleWebKit/537.36 (KHTML, like Gecko) Chrome/103.0.0.0 Safari/537.36
127.0.0.1 - - [19/Aug/2022:10:41:18 +0800] "GET /nacos/v1/ns/service/list?app=unknown&pageSize=2147483647&groupName=example&encoding=UTF-8&namespaceId=30a7f7f1-f414-4acc-8a4b-bbb5808727d5&pageNo=1 HTTP/1.1" 200 47 4 Nacos-Java-Client:v1.2.1
192.168.255.1 - - [19/Aug/2022:10:41:18 +0800] "GET /nacos/console-fe/public/img/favicon.ico HTTP/1.1" 304 - 2 Mozilla/5.0 (Windows NT 10.0; Win64; x64) AppleWebKit/537.36 (KHTML, like Gecko) Chrome/103.0.0.0 Safari/537.36
127.0.0.1 - - [19/Aug/2022:10:41:18 +0800] "PUT /nacos/v1/ns/instance/beat?app=unknown&namespaceId=30a7f7f1-f414-4acc-8a4b-bbb5808727d5&port=7019&clusterName=DEFAULT&ip=192.168.255.1&serviceName=example%40%40mftcc-gateway&encoding=UTF-8 HTTP/1.1" 200 75 11 Nacos-Java-Client:v1.2.1
192.168.255.1 - - [19/Aug/2022:10:41:19 +0800] "GET /nacos/v1/ns/catalog/services?hasIpCount=true&withInstances=false&pageNo=1&pageSize=10&serviceNameParam=&groupNameParam=&accessToken=&namespaceId=30a7f7f1-f414-4acc-8a4b-bbb5808727d5 HTTP/1.1" 200 161 9 Mozilla/5.0 (Windows NT 10.0; Win64; x64) AppleWebKit/537.36 (KHTML, like Gecko) Chrome/103.0.0.0 Safari/537.36
192.168.255.1 - - [19/Aug/2022:10:41:21 +0800] "GET /nacos/v1/cs/health HTTP/1.1" 200 2 8 Apache-HttpAsyncClient/4.1.3 (Java/1.8.0_144)
127.0.0.1 - - [19/Aug/2022:10:41:23 +0800] "POST /nacos/v1/cs/configs/listener HTTP/1.1" 200 - 29521 Java/1.8.0_144
127.0.0.1 - - [19/Aug/2022:10:41:23 +0800] "PUT /nacos/v1/ns/instance/beat?app=unknown&namespaceId=30a7f7f1-f414-4acc-8a4b-bbb5808727d5&port=7019&clusterName=DEFAULT&ip=192.168.255.1&serviceName=example%40%40mftcc-gateway&encoding=UTF-8 HTTP/1.1" 200 75 2 Nacos-Java-Client:v1.2.1
127.0.0.1 - - [19/Aug/2022:10:41:25 +0800] "GET /nacos/v1/ns/instance/list?app=unknown&healthyOnly=false&namespaceId=30a7f7f1-f414-4acc-8a4b-bbb5808727d5&clientIP=192.168.72.1&serviceName=example%40%40mftcc-gateway&udpPort=49185&encoding=UTF-8 HTTP/1.1" 200 548 2 Nacos-Java-Client:v1.2.1
192.168.255.1 - - [19/Aug/2022:10:41:26 +0800] "GET /nacos/v1/cs/health HTTP/1.1" 200 2 2 Apache-HttpAsyncClient/4.1.3 (Java/1.8.0_144)
127.0.0.1 - - [19/Aug/2022:10:41:28 +0800] "PUT /nacos/v1/ns/instance/beat?app=unknown&namespaceId=30a7f7f1-f414-4acc-8a4b-bbb5808727d5&port=7019&clusterName=DEFAULT&ip=192.168.255.1&serviceName=example%40%40mftcc-gateway&encoding=UTF-8 HTTP/1.1" 200 75 3 Nacos-Java-Client:v1.2.1
192.168.255.1 - - [19/Aug/2022:10:41:31 +0800] "GET /nacos/v1/cs/health HTTP/1.1" 200 2 3 Apache-HttpAsyncClient/4.1.3 (Java/1.8.0_144)
127.0.0.1 - - [19/Aug/2022:10:41:33 +0800] "PUT /nacos/v1/ns/instance/beat?app=unknown&namespaceId=30a7f7f1-f414-4acc-8a4b-bbb5808727d5&port=7019&clusterName=DEFAULT&ip=192.168.255.1&serviceName=example%40%40mftcc-gateway&encoding=UTF-8 HTTP/1.1" 200 75 3 Nacos-Java-Client:v1.2.1
127.0.0.1 - - [19/Aug/2022:10:41:35 +0800] "GET /nacos/v1/ns/instance/list?app=unknown&healthyOnly=false&namespaceId=30a7f7f1-f414-4acc-8a4b-bbb5808727d5&clientIP=192.168.72.1&serviceName=example%40%40mftcc-gateway&udpPort=49185&encoding=UTF-8 HTTP/1.1" 200 548 6 Nacos-Java-Client:v1.2.1
192.168.255.1 - - [19/Aug/2022:10:41:36 +0800] "GET /nacos/v1/cs/health HTTP/1.1" 200 2 5 Apache-HttpAsyncClient/4.1.3 (Java/1.8.0_144)
127.0.0.1 - - [19/Aug/2022:10:41:38 +0800] "PUT /nacos/v1/ns/instance/beat?app=unknown&namespaceId=30a7f7f1-f414-4acc-8a4b-bbb5808727d5&port=7019&clusterName=DEFAULT&ip=192.168.255.1&serviceName=example%40%40mftcc-gateway&encoding=UTF-8 HTTP/1.1" 200 75 4 Nacos-Java-Client:v1.2.1
192.168.255.1 - - [19/Aug/2022:10:41:41 +0800] "GET /nacos/v1/cs/health HTTP/1.1" 200 2 4 Apache-HttpAsyncClient/4.1.3 (Java/1.8.0_144)
127.0.0.1 - - [19/Aug/2022:10:41:43 +0800] "PUT /nacos/v1/ns/instance/beat?app=unknown&namespaceId=30a7f7f1-f414-4acc-8a4b-bbb5808727d5&port=7019&clusterName=DEFAULT&ip=192.168.255.1&serviceName=example%40%40mftcc-gateway&encoding=UTF-8 HTTP/1.1" 200 75 3 Nacos-Java-Client:v1.2.1
127.0.0.1 - - [19/Aug/2022:10:41:45 +0800] "GET /nacos/v1/ns/instance/list?app=unknown&healthyOnly=false&namespaceId=30a7f7f1-f414-4acc-8a4b-bbb5808727d5&clientIP=192.168.72.1&serviceName=example%40%40mftcc-gateway&udpPort=49185&encoding=UTF-8 HTTP/1.1" 200 548 4 Nacos-Java-Client:v1.2.1
192.168.255.1 - - [19/Aug/2022:10:41:46 +0800] "GET /nacos/v1/cs/health HTTP/1.1" 200 2 6 Apache-HttpAsyncClient/4.1.3 (Java/1.8.0_144)
127.0.0.1 - - [19/Aug/2022:10:41:48 +0800] "GET /nacos/v1/ns/service/list?app=unknown&pageSize=2147483647&groupName=example&encoding=UTF-8&namespaceId=30a7f7f1-f414-4acc-8a4b-bbb5808727d5&pageNo=1 HTTP/1.1" 200 47 3 Nacos-Java-Client:v1.2.1
127.0.0.1 - - [19/Aug/2022:10:41:49 +0800] "PUT /nacos/v1/ns/instance/beat?app=unknown&namespaceId=30a7f7f1-f414-4acc-8a4b-bbb5808727d5&port=7019&clusterName=DEFAULT&ip=192.168.255.1&serviceName=example%40%40mftcc-gateway&encoding=UTF-8 HTTP/1.1" 200 75 3 Nacos-Java-Client:v1.2.1
192.168.255.1 - - [19/Aug/2022:10:41:51 +0800] "GET /nacos/v1/cs/health HTTP/1.1" 200 2 2 Apache-HttpAsyncClient/4.1.3 (Java/1.8.0_144)
127.0.0.1 - - [19/Aug/2022:10:41:53 +0800] "POST /nacos/v1/cs/configs/listener HTTP/1.1" 200 - 29521 Java/1.8.0_144
127.0.0.1 - - [19/Aug/2022:10:41:54 +0800] "PUT /nacos/v1/ns/instance/beat?app=unknown&namespaceId=30a7f7f1-f414-4acc-8a4b-bbb5808727d5&port=7019&clusterName=DEFAULT&ip=192.168.255.1&serviceName=example%40%40mftcc-gateway&encoding=UTF-8 HTTP/1.1" 200 75 2 Nacos-Java-Client:v1.2.1
127.0.0.1 - - [19/Aug/2022:10:41:55 +0800] "GET /nacos/v1/ns/instance/list?app=unknown&healthyOnly=false&namespaceId=30a7f7f1-f414-4acc-8a4b-bbb5808727d5&clientIP=192.168.72.1&serviceName=example%40%40mftcc-gateway&udpPort=49185&encoding=UTF-8 HTTP/1.1" 200 548 3 Nacos-Java-Client:v1.2.1
192.168.255.1 - - [19/Aug/2022:10:41:56 +0800] "GET /nacos/v1/cs/health HTTP/1.1" 200 2 2 Apache-HttpAsyncClient/4.1.3 (Java/1.8.0_144)
127.0.0.1 - - [19/Aug/2022:10:41:59 +0800] "PUT /nacos/v1/ns/instance/beat?app=unknown&namespaceId=30a7f7f1-f414-4acc-8a4b-bbb5808727d5&port=7019&clusterName=DEFAULT&ip=192.168.255.1&serviceName=example%40%40mftcc-gateway&encoding=UTF-8 HTTP/1.1" 200 75 3 Nacos-Java-Client:v1.2.1
192.168.255.1 - - [19/Aug/2022:10:42:01 +0800] "GET /nacos/v1/cs/health HTTP/1.1" 200 2 2 Apache-HttpAsyncClient/4.1.3 (Java/1.8.0_144)
127.0.0.1 - - [19/Aug/2022:10:42:04 +0800] "PUT /nacos/v1/ns/instance/beat?app=unknown&namespaceId=30a7f7f1-f414-4acc-8a4b-bbb5808727d5&port=7019&clusterName=DEFAULT&ip=192.168.255.1&serviceName=example%40%40mftcc-gateway&encoding=UTF-8 HTTP/1.1" 200 75 2 Nacos-Java-Client:v1.2.1
127.0.0.1 - - [19/Aug/2022:10:42:05 +0800] "GET /nacos/v1/ns/instance/list?app=unknown&healthyOnly=false&namespaceId=30a7f7f1-f414-4acc-8a4b-bbb5808727d5&clientIP=192.168.72.1&serviceName=example%40%40mftcc-gateway&udpPort=49185&encoding=UTF-8 HTTP/1.1" 200 548 10 Nacos-Java-Client:v1.2.1
192.168.255.1 - - [19/Aug/2022:10:42:06 +0800] "GET /nacos/v1/cs/health HTTP/1.1" 200 2 2 Apache-HttpAsyncClient/4.1.3 (Java/1.8.0_144)
127.0.0.1 - - [19/Aug/2022:10:42:09 +0800] "PUT /nacos/v1/ns/instance/beat?app=unknown&namespaceId=30a7f7f1-f414-4acc-8a4b-bbb5808727d5&port=7019&clusterName=DEFAULT&ip=192.168.255.1&serviceName=example%40%40mftcc-gateway&encoding=UTF-8 HTTP/1.1" 200 75 1 Nacos-Java-Client:v1.2.1
192.168.255.1 - - [19/Aug/2022:10:42:11 +0800] "GET /nacos/v1/cs/health HTTP/1.1" 200 2 3 Apache-HttpAsyncClient/4.1.3 (Java/1.8.0_144)
127.0.0.1 - - [19/Aug/2022:10:42:14 +0800] "PUT /nacos/v1/ns/instance/beat?app=unknown&namespaceId=30a7f7f1-f414-4acc-8a4b-bbb5808727d5&port=7019&clusterName=DEFAULT&ip=192.168.255.1&serviceName=example%40%40mftcc-gateway&encoding=UTF-8 HTTP/1.1" 200 75 2 Nacos-Java-Client:v1.2.1
127.0.0.1 - - [19/Aug/2022:10:42:15 +0800] "GET /nacos/v1/ns/instance/list?app=unknown&healthyOnly=false&namespaceId=30a7f7f1-f414-4acc-8a4b-bbb5808727d5&clientIP=192.168.72.1&serviceName=example%40%40mftcc-gateway&udpPort=49185&encoding=UTF-8 HTTP/1.1" 200 548 2 Nacos-Java-Client:v1.2.1
192.168.255.1 - - [19/Aug/2022:10:42:16 +0800] "GET /nacos/v1/cs/health HTTP/1.1" 200 2 3 Apache-HttpAsyncClient/4.1.3 (Java/1.8.0_144)
127.0.0.1 - - [19/Aug/2022:10:42:18 +0800] "GET /nacos/v1/ns/service/list?app=unknown&pageSize=2147483647&groupName=example&encoding=UTF-8&namespaceId=30a7f7f1-f414-4acc-8a4b-bbb5808727d5&pageNo=1 HTTP/1.1" 200 47 3 Nacos-Java-Client:v1.2.1
127.0.0.1 - - [19/Aug/2022:10:42:19 +0800] "PUT /nacos/v1/ns/instance/beat?app=unknown&namespaceId=30a7f7f1-f414-4acc-8a4b-bbb5808727d5&port=7019&clusterName=DEFAULT&ip=192.168.255.1&serviceName=example%40%40mftcc-gateway&encoding=UTF-8 HTTP/1.1" 200 75 2 Nacos-Java-Client:v1.2.1
192.168.255.1 - - [19/Aug/2022:10:42:21 +0800] "GET /nacos/v1/cs/health HTTP/1.1" 200 2 2 Apache-HttpAsyncClient/4.1.3 (Java/1.8.0_144)
127.0.0.1 - - [19/Aug/2022:10:42:22 +0800] "POST /nacos/v1/cs/configs/listener HTTP/1.1" 200 - 29512 Java/1.8.0_144
127.0.0.1 - - [19/Aug/2022:10:42:24 +0800] "PUT /nacos/v1/ns/instance/beat?app=unknown&namespaceId=30a7f7f1-f414-4acc-8a4b-bbb5808727d5&port=7019&clusterName=DEFAULT&ip=192.168.255.1&serviceName=example%40%40mftcc-gateway&encoding=UTF-8 HTTP/1.1" 200 75 2 Nacos-Java-Client:v1.2.1
127.0.0.1 - - [19/Aug/2022:10:42:25 +0800] "GET /nacos/v1/ns/instance/list?app=unknown&healthyOnly=false&namespaceId=30a7f7f1-f414-4acc-8a4b-bbb5808727d5&clientIP=192.168.72.1&serviceName=example%40%40mftcc-gateway&udpPort=49185&encoding=UTF-8 HTTP/1.1" 200 548 3 Nacos-Java-Client:v1.2.1
192.168.255.1 - - [19/Aug/2022:10:42:26 +0800] "GET /nacos/v1/cs/health HTTP/1.1" 200 2 2 Apache-HttpAsyncClient/4.1.3 (Java/1.8.0_144)
127.0.0.1 - - [19/Aug/2022:10:42:29 +0800] "PUT /nacos/v1/ns/instance/beat?app=unknown&namespaceId=30a7f7f1-f414-4acc-8a4b-bbb5808727d5&port=7019&clusterName=DEFAULT&ip=192.168.255.1&serviceName=example%40%40mftcc-gateway&encoding=UTF-8 HTTP/1.1" 200 75 3 Nacos-Java-Client:v1.2.1
192.168.255.1 - - [19/Aug/2022:10:42:31 +0800] "GET /nacos/v1/cs/health HTTP/1.1" 200 2 11 Apache-HttpAsyncClient/4.1.3 (Java/1.8.0_144)
127.0.0.1 - - [19/Aug/2022:10:42:34 +0800] "PUT /nacos/v1/ns/instance/beat?app=unknown&namespaceId=30a7f7f1-f414-4acc-8a4b-bbb5808727d5&port=7019&clusterName=DEFAULT&ip=192.168.255.1&serviceName=example%40%40mftcc-gateway&encoding=UTF-8 HTTP/1.1" 200 75 2 Nacos-Java-Client:v1.2.1
127.0.0.1 - - [19/Aug/2022:10:42:35 +0800] "GET /nacos/v1/ns/instance/list?app=unknown&healthyOnly=false&namespaceId=30a7f7f1-f414-4acc-8a4b-bbb5808727d5&clientIP=192.168.72.1&serviceName=example%40%40mftcc-gateway&udpPort=49185&encoding=UTF-8 HTTP/1.1" 200 548 3 Nacos-Java-Client:v1.2.1
192.168.255.1 - - [19/Aug/2022:10:42:36 +0800] "GET /nacos/v1/cs/health HTTP/1.1" 200 2 3 Apache-HttpAsyncClient/4.1.3 (Java/1.8.0_144)
127.0.0.1 - - [19/Aug/2022:10:42:39 +0800] "PUT /nacos/v1/ns/instance/beat?app=unknown&namespaceId=30a7f7f1-f414-4acc-8a4b-bbb5808727d5&port=7019&clusterName=DEFAULT&ip=192.168.255.1&serviceName=example%40%40mftcc-gateway&encoding=UTF-8 HTTP/1.1" 200 75 8 Nacos-Java-Client:v1.2.1
192.168.255.1 - - [19/Aug/2022:10:42:41 +0800] "GET /nacos/v1/cs/health HTTP/1.1" 200 2 3 Apache-HttpAsyncClient/4.1.3 (Java/1.8.0_144)
127.0.0.1 - - [19/Aug/2022:10:42:44 +0800] "PUT /nacos/v1/ns/instance/beat?app=unknown&namespaceId=30a7f7f1-f414-4acc-8a4b-bbb5808727d5&port=7019&clusterName=DEFAULT&ip=192.168.255.1&serviceName=example%40%40mftcc-gateway&encoding=UTF-8 HTTP/1.1" 200 75 2 Nacos-Java-Client:v1.2.1
127.0.0.1 - - [19/Aug/2022:10:42:45 +0800] "GET /nacos/v1/ns/instance/list?app=unknown&healthyOnly=false&namespaceId=30a7f7f1-f414-4acc-8a4b-bbb5808727d5&clientIP=192.168.72.1&serviceName=example%40%40mftcc-gateway&udpPort=49185&encoding=UTF-8 HTTP/1.1" 200 548 6 Nacos-Java-Client:v1.2.1
192.168.255.1 - - [19/Aug/2022:10:42:46 +0800] "GET /nacos/v1/cs/health HTTP/1.1" 200 2 3 Apache-HttpAsyncClient/4.1.3 (Java/1.8.0_144)
127.0.0.1 - - [19/Aug/2022:10:42:48 +0800] "GET /nacos/v1/ns/service/list?app=unknown&pageSize=2147483647&groupName=example&encoding=UTF-8&namespaceId=30a7f7f1-f414-4acc-8a4b-bbb5808727d5&pageNo=1 HTTP/1.1" 200 47 5 Nacos-Java-Client:v1.2.1
127.0.0.1 - - [19/Aug/2022:10:42:49 +0800] "PUT /nacos/v1/ns/instance/beat?app=unknown&namespaceId=30a7f7f1-f414-4acc-8a4b-bbb5808727d5&port=7019&clusterName=DEFAULT&ip=192.168.255.1&serviceName=example%40%40mftcc-gateway&encoding=UTF-8 HTTP/1.1" 200 75 3 Nacos-Java-Client:v1.2.1
192.168.255.1 - - [19/Aug/2022:10:42:51 +0800] "GET /nacos/v1/cs/health HTTP/1.1" 200 2 2 Apache-HttpAsyncClient/4.1.3 (Java/1.8.0_144)
127.0.0.1 - - [19/Aug/2022:10:42:52 +0800] "POST /nacos/v1/cs/configs/listener HTTP/1.1" 200 - 29503 Java/1.8.0_144
127.0.0.1 - - [19/Aug/2022:10:42:54 +0800] "PUT /nacos/v1/ns/instance/beat?app=unknown&namespaceId=30a7f7f1-f414-4acc-8a4b-bbb5808727d5&port=7019&clusterName=DEFAULT&ip=192.168.255.1&serviceName=example%40%40mftcc-gateway&encoding=UTF-8 HTTP/1.1" 200 75 6 Nacos-Java-Client:v1.2.1
127.0.0.1 - - [19/Aug/2022:10:42:55 +0800] "GET /nacos/v1/ns/instance/list?app=unknown&healthyOnly=false&namespaceId=30a7f7f1-f414-4acc-8a4b-bbb5808727d5&clientIP=192.168.72.1&serviceName=example%40%40mftcc-gateway&udpPort=49185&encoding=UTF-8 HTTP/1.1" 200 548 9 Nacos-Java-Client:v1.2.1
192.168.255.1 - - [19/Aug/2022:10:42:56 +0800] "GET /nacos/v1/cs/health HTTP/1.1" 200 2 2 Apache-HttpAsyncClient/4.1.3 (Java/1.8.0_144)
127.0.0.1 - - [19/Aug/2022:10:42:59 +0800] "PUT /nacos/v1/ns/instance/beat?app=unknown&namespaceId=30a7f7f1-f414-4acc-8a4b-bbb5808727d5&port=7019&clusterName=DEFAULT&ip=192.168.255.1&serviceName=example%40%40mftcc-gateway&encoding=UTF-8 HTTP/1.1" 200 75 3 Nacos-Java-Client:v1.2.1
192.168.255.1 - - [19/Aug/2022:10:43:01 +0800] "GET /nacos/v1/cs/health HTTP/1.1" 200 2 8 Apache-HttpAsyncClient/4.1.3 (Java/1.8.0_144)
127.0.0.1 - - [19/Aug/2022:10:43:04 +0800] "PUT /nacos/v1/ns/instance/beat?app=unknown&namespaceId=30a7f7f1-f414-4acc-8a4b-bbb5808727d5&port=7019&clusterName=DEFAULT&ip=192.168.255.1&serviceName=example%40%40mftcc-gateway&encoding=UTF-8 HTTP/1.1" 200 75 2 Nacos-Java-Client:v1.2.1
127.0.0.1 - - [19/Aug/2022:10:43:05 +0800] "GET /nacos/v1/ns/instance/list?app=unknown&healthyOnly=false&namespaceId=30a7f7f1-f414-4acc-8a4b-bbb5808727d5&clientIP=192.168.72.1&serviceName=example%40%40mftcc-gateway&udpPort=49185&encoding=UTF-8 HTTP/1.1" 200 548 6 Nacos-Java-Client:v1.2.1
192.168.255.1 - - [19/Aug/2022:10:43:06 +0800] "GET /nacos/v1/cs/health HTTP/1.1" 200 2 2 Apache-HttpAsyncClient/4.1.3 (Java/1.8.0_144)
127.0.0.1 - - [19/Aug/2022:10:43:09 +0800] "PUT /nacos/v1/ns/instance/beat?app=unknown&namespaceId=30a7f7f1-f414-4acc-8a4b-bbb5808727d5&port=7019&clusterName=DEFAULT&ip=192.168.255.1&serviceName=example%40%40mftcc-gateway&encoding=UTF-8 HTTP/1.1" 200 75 7 Nacos-Java-Client:v1.2.1
192.168.255.1 - - [19/Aug/2022:10:43:11 +0800] "GET /nacos/v1/cs/health HTTP/1.1" 200 2 9 Apache-HttpAsyncClient/4.1.3 (Java/1.8.0_144)
127.0.0.1 - - [19/Aug/2022:10:43:14 +0800] "PUT /nacos/v1/ns/instance/beat?app=unknown&namespaceId=30a7f7f1-f414-4acc-8a4b-bbb5808727d5&port=7019&clusterName=DEFAULT&ip=192.168.255.1&serviceName=example%40%40mftcc-gateway&encoding=UTF-8 HTTP/1.1" 200 75 6 Nacos-Java-Client:v1.2.1
127.0.0.1 - - [19/Aug/2022:10:43:15 +0800] "GET /nacos/v1/ns/instance/list?app=unknown&healthyOnly=false&namespaceId=30a7f7f1-f414-4acc-8a4b-bbb5808727d5&clientIP=192.168.72.1&serviceName=example%40%40mftcc-gateway&udpPort=49185&encoding=UTF-8 HTTP/1.1" 200 548 2 Nacos-Java-Client:v1.2.1
192.168.255.1 - - [19/Aug/2022:10:43:16 +0800] "GET /nacos/v1/cs/health HTTP/1.1" 200 2 2 Apache-HttpAsyncClient/4.1.3 (Java/1.8.0_144)
127.0.0.1 - - [19/Aug/2022:10:43:18 +0800] "GET /nacos/v1/ns/service/list?app=unknown&pageSize=2147483647&groupName=example&encoding=UTF-8&namespaceId=30a7f7f1-f414-4acc-8a4b-bbb5808727d5&pageNo=1 HTTP/1.1" 200 47 8 Nacos-Java-Client:v1.2.1
127.0.0.1 - - [19/Aug/2022:10:43:19 +0800] "PUT /nacos/v1/ns/instance/beat?app=unknown&namespaceId=30a7f7f1-f414-4acc-8a4b-bbb5808727d5&port=7019&clusterName=DEFAULT&ip=192.168.255.1&serviceName=example%40%40mftcc-gateway&encoding=UTF-8 HTTP/1.1" 200 75 3 Nacos-Java-Client:v1.2.1
192.168.255.1 - - [19/Aug/2022:10:43:21 +0800] "GET /nacos/v1/cs/health HTTP/1.1" 200 2 11 Apache-HttpAsyncClient/4.1.3 (Java/1.8.0_144)
127.0.0.1 - - [19/Aug/2022:10:43:21 +0800] "POST /nacos/v1/cs/configs/listener HTTP/1.1" 200 - 29516 Java/1.8.0_144
127.0.0.1 - - [19/Aug/2022:10:43:24 +0800] "PUT /nacos/v1/ns/instance/beat?app=unknown&namespaceId=30a7f7f1-f414-4acc-8a4b-bbb5808727d5&port=7019&clusterName=DEFAULT&ip=192.168.255.1&serviceName=example%40%40mftcc-gateway&encoding=UTF-8 HTTP/1.1" 200 75 7 Nacos-Java-Client:v1.2.1
127.0.0.1 - - [19/Aug/2022:10:43:25 +0800] "GET /nacos/v1/ns/instance/list?app=unknown&healthyOnly=false&namespaceId=30a7f7f1-f414-4acc-8a4b-bbb5808727d5&clientIP=192.168.72.1&serviceName=example%40%40mftcc-gateway&udpPort=49185&encoding=UTF-8 HTTP/1.1" 200 548 3 Nacos-Java-Client:v1.2.1
192.168.255.1 - - [19/Aug/2022:10:43:26 +0800] "GET /nacos/v1/cs/health HTTP/1.1" 200 2 2 Apache-HttpAsyncClient/4.1.3 (Java/1.8.0_144)
127.0.0.1 - - [19/Aug/2022:10:43:29 +0800] "PUT /nacos/v1/ns/instance/beat?app=unknown&namespaceId=30a7f7f1-f414-4acc-8a4b-bbb5808727d5&port=7019&clusterName=DEFAULT&ip=192.168.255.1&serviceName=example%40%40mftcc-gateway&encoding=UTF-8 HTTP/1.1" 200 75 3 Nacos-Java-Client:v1.2.1
192.168.255.1 - - [19/Aug/2022:10:43:31 +0800] "GET /nacos/v1/cs/health HTTP/1.1" 200 2 2 Apache-HttpAsyncClient/4.1.3 (Java/1.8.0_144)
127.0.0.1 - - [19/Aug/2022:10:43:34 +0800] "PUT /nacos/v1/ns/instance/beat?app=unknown&namespaceId=30a7f7f1-f414-4acc-8a4b-bbb5808727d5&port=7019&clusterName=DEFAULT&ip=192.168.255.1&serviceName=example%40%40mftcc-gateway&encoding=UTF-8 HTTP/1.1" 200 75 3 Nacos-Java-Client:v1.2.1
127.0.0.1 - - [19/Aug/2022:10:43:35 +0800] "GET /nacos/v1/ns/instance/list?app=unknown&healthyOnly=false&namespaceId=30a7f7f1-f414-4acc-8a4b-bbb5808727d5&clientIP=192.168.72.1&serviceName=example%40%40mftcc-gateway&udpPort=49185&encoding=UTF-8 HTTP/1.1" 200 548 2 Nacos-Java-Client:v1.2.1
192.168.255.1 - - [19/Aug/2022:10:43:36 +0800] "GET /nacos/v1/cs/health HTTP/1.1" 200 2 3 Apache-HttpAsyncClient/4.1.3 (Java/1.8.0_144)
127.0.0.1 - - [19/Aug/2022:10:43:39 +0800] "PUT /nacos/v1/ns/instance/beat?app=unknown&namespaceId=30a7f7f1-f414-4acc-8a4b-bbb5808727d5&port=7019&clusterName=DEFAULT&ip=192.168.255.1&serviceName=example%40%40mftcc-gateway&encoding=UTF-8 HTTP/1.1" 200 75 2 Nacos-Java-Client:v1.2.1
192.168.255.1 - - [19/Aug/2022:10:43:41 +0800] "GET /nacos/v1/cs/health HTTP/1.1" 200 2 5 Apache-HttpAsyncClient/4.1.3 (Java/1.8.0_144)
127.0.0.1 - - [19/Aug/2022:10:43:44 +0800] "PUT /nacos/v1/ns/instance/beat?app=unknown&namespaceId=30a7f7f1-f414-4acc-8a4b-bbb5808727d5&port=7019&clusterName=DEFAULT&ip=192.168.255.1&serviceName=example%40%40mftcc-gateway&encoding=UTF-8 HTTP/1.1" 200 75 2 Nacos-Java-Client:v1.2.1
127.0.0.1 - - [19/Aug/2022:10:43:45 +0800] "GET /nacos/v1/ns/instance/list?app=unknown&healthyOnly=false&namespaceId=30a7f7f1-f414-4acc-8a4b-bbb5808727d5&clientIP=192.168.72.1&serviceName=example%40%40mftcc-gateway&udpPort=49185&encoding=UTF-8 HTTP/1.1" 200 548 1 Nacos-Java-Client:v1.2.1
127.0.0.1 - - [19/Aug/2022:10:43:45 +0800] "GET /nacos/v1/cs/configs?dataId=mftcc.yml&group=example&tenant=30a7f7f1-f414-4acc-8a4b-bbb5808727d5 HTTP/1.1" 200 4530 4 Java/1.8.0_144
127.0.0.1 - - [19/Aug/2022:10:43:45 +0800] "GET /nacos/v1/cs/configs?dataId=mftcc-sys-server&group=example&tenant=30a7f7f1-f414-4acc-8a4b-bbb5808727d5 HTTP/1.1" 404 23 2 Java/1.8.0_144
127.0.0.1 - - [19/Aug/2022:10:43:45 +0800] "GET /nacos/v1/cs/configs?dataId=mftcc-sys-server.yml&group=example&tenant=30a7f7f1-f414-4acc-8a4b-bbb5808727d5 HTTP/1.1" 200 353 3 Java/1.8.0_144
192.168.255.1 - - [19/Aug/2022:10:43:46 +0800] "GET /nacos/v1/cs/health HTTP/1.1" 200 2 3 Apache-HttpAsyncClient/4.1.3 (Java/1.8.0_144)
127.0.0.1 - - [19/Aug/2022:10:43:48 +0800] "GET /nacos/v1/ns/service/list?app=unknown&pageSize=2147483647&groupName=example&encoding=UTF-8&namespaceId=30a7f7f1-f414-4acc-8a4b-bbb5808727d5&pageNo=1 HTTP/1.1" 200 47 2 Nacos-Java-Client:v1.2.1
127.0.0.1 - - [19/Aug/2022:10:43:49 +0800] "PUT /nacos/v1/ns/instance/beat?app=unknown&namespaceId=30a7f7f1-f414-4acc-8a4b-bbb5808727d5&port=7019&clusterName=DEFAULT&ip=192.168.255.1&serviceName=example%40%40mftcc-gateway&encoding=UTF-8 HTTP/1.1" 200 75 2 Nacos-Java-Client:v1.2.1
127.0.0.1 - - [19/Aug/2022:10:43:51 +0800] "POST /nacos/v1/cs/configs/listener HTTP/1.1" 200 - 29505 Java/1.8.0_144
192.168.255.1 - - [19/Aug/2022:10:43:51 +0800] "GET /nacos/v1/cs/health HTTP/1.1" 200 2 2 Apache-HttpAsyncClient/4.1.3 (Java/1.8.0_144)
127.0.0.1 - - [19/Aug/2022:10:43:54 +0800] "PUT /nacos/v1/ns/instance/beat?app=unknown&namespaceId=30a7f7f1-f414-4acc-8a4b-bbb5808727d5&port=7019&clusterName=DEFAULT&ip=192.168.255.1&serviceName=example%40%40mftcc-gateway&encoding=UTF-8 HTTP/1.1" 200 75 2 Nacos-Java-Client:v1.2.1
127.0.0.1 - - [19/Aug/2022:10:43:55 +0800] "GET /nacos/v1/ns/instance/list?app=unknown&healthyOnly=false&namespaceId=30a7f7f1-f414-4acc-8a4b-bbb5808727d5&clientIP=192.168.72.1&serviceName=example%40%40mftcc-gateway&udpPort=49185&encoding=UTF-8 HTTP/1.1" 200 548 2 Nacos-Java-Client:v1.2.1
192.168.255.1 - - [19/Aug/2022:10:43:56 +0800] "GET /nacos/v1/cs/health HTTP/1.1" 200 2 6 Apache-HttpAsyncClient/4.1.3 (Java/1.8.0_144)
127.0.0.1 - - [19/Aug/2022:10:43:59 +0800] "PUT /nacos/v1/ns/instance/beat?app=unknown&namespaceId=30a7f7f1-f414-4acc-8a4b-bbb5808727d5&port=7019&clusterName=DEFAULT&ip=192.168.255.1&serviceName=example%40%40mftcc-gateway&encoding=UTF-8 HTTP/1.1" 200 75 2 Nacos-Java-Client:v1.2.1
127.0.0.1 - - [19/Aug/2022:10:44:00 +0800] "POST /nacos/v1/ns/instance?app=mftcc-sys-server&metadata=%7B%22preserved.register.source%22%3A%22SPRING_CLOUD%22%7D&ip=192.168.255.1&weight=1.0&ephemeral=true&serviceName=example%40%40mftcc-sys-server&encoding=UTF-8&groupName=example&namespaceId=30a7f7f1-f414-4acc-8a4b-bbb5808727d5&port=8071&enable=true&healthy=true&clusterName=DEFAULT HTTP/1.1" 200 2 3 Nacos-Java-Client:v1.2.1
192.168.255.1 - - [19/Aug/2022:10:44:01 +0800] "GET /nacos/v1/cs/health HTTP/1.1" 200 2 3 Apache-HttpAsyncClient/4.1.3 (Java/1.8.0_144)
127.0.0.1 - - [19/Aug/2022:10:44:04 +0800] "PUT /nacos/v1/ns/instance/beat?app=unknown&namespaceId=30a7f7f1-f414-4acc-8a4b-bbb5808727d5&port=7019&clusterName=DEFAULT&ip=192.168.255.1&serviceName=example%40%40mftcc-gateway&encoding=UTF-8 HTTP/1.1" 200 75 3 Nacos-Java-Client:v1.2.1
127.0.0.1 - - [19/Aug/2022:10:44:05 +0800] "GET /nacos/v1/ns/instance/list?app=unknown&healthyOnly=false&namespaceId=30a7f7f1-f414-4acc-8a4b-bbb5808727d5&clientIP=192.168.72.1&serviceName=example%40%40mftcc-gateway&udpPort=49185&encoding=UTF-8 HTTP/1.1" 200 548 2 Nacos-Java-Client:v1.2.1
127.0.0.1 - - [19/Aug/2022:10:44:06 +0800] "PUT /nacos/v1/ns/instance/beat?app=mftcc-sys-server&namespaceId=30a7f7f1-f414-4acc-8a4b-bbb5808727d5&port=8071&clusterName=DEFAULT&ip=192.168.255.1&serviceName=example%40%40mftcc-sys-server&encoding=UTF-8 HTTP/1.1" 200 75 5 Nacos-Java-Client:v1.2.1
192.168.255.1 - - [19/Aug/2022:10:44:06 +0800] "GET /nacos/v1/cs/health HTTP/1.1" 200 2 3 Apache-HttpAsyncClient/4.1.3 (Java/1.8.0_144)
127.0.0.1 - - [19/Aug/2022:10:44:09 +0800] "PUT /nacos/v1/ns/instance/beat?app=unknown&namespaceId=30a7f7f1-f414-4acc-8a4b-bbb5808727d5&port=7019&clusterName=DEFAULT&ip=192.168.255.1&serviceName=example%40%40mftcc-gateway&encoding=UTF-8 HTTP/1.1" 200 75 3 Nacos-Java-Client:v1.2.1
127.0.0.1 - - [19/Aug/2022:10:44:10 +0800] "POST /nacos/v1/cs/configs/listener HTTP/1.1" 200 - 3 Java/1.8.0_144
127.0.0.1 - - [19/Aug/2022:10:44:11 +0800] "PUT /nacos/v1/ns/instance/beat?app=mftcc-sys-server&namespaceId=30a7f7f1-f414-4acc-8a4b-bbb5808727d5&port=8071&clusterName=DEFAULT&ip=192.168.255.1&serviceName=example%40%40mftcc-sys-server&encoding=UTF-8 HTTP/1.1" 200 75 7 Nacos-Java-Client:v1.2.1
192.168.255.1 - - [19/Aug/2022:10:44:11 +0800] "GET /nacos/v1/cs/health HTTP/1.1" 200 2 3 Apache-HttpAsyncClient/4.1.3 (Java/1.8.0_144)
127.0.0.1 - - [19/Aug/2022:10:44:12 +0800] "GET /nacos/v1/ns/operator/metrics?app=mftcc-sys-server&encoding=UTF-8&namespaceId=30a7f7f1-f414-4acc-8a4b-bbb5808727d5 HTTP/1.1" 200 188 3 Nacos-Java-Client:v1.2.1
127.0.0.1 - - [19/Aug/2022:10:44:12 +0800] "GET /nacos/v1/ns/service/list?app=mftcc-sys-server&pageSize=2147483647&groupName=example&encoding=UTF-8&namespaceId=30a7f7f1-f414-4acc-8a4b-bbb5808727d5&pageNo=1 HTTP/1.1" 200 66 2 Nacos-Java-Client:v1.2.1
127.0.0.1 - - [19/Aug/2022:10:44:14 +0800] "PUT /nacos/v1/ns/instance/beat?app=unknown&namespaceId=30a7f7f1-f414-4acc-8a4b-bbb5808727d5&port=7019&clusterName=DEFAULT&ip=192.168.255.1&serviceName=example%40%40mftcc-gateway&encoding=UTF-8 HTTP/1.1" 200 75 2 Nacos-Java-Client:v1.2.1
127.0.0.1 - - [19/Aug/2022:10:44:15 +0800] "GET /nacos/v1/ns/instance/list?app=unknown&healthyOnly=false&namespaceId=30a7f7f1-f414-4acc-8a4b-bbb5808727d5&clientIP=192.168.72.1&serviceName=example%40%40mftcc-gateway&udpPort=49185&encoding=UTF-8 HTTP/1.1" 200 548 2 Nacos-Java-Client:v1.2.1
127.0.0.1 - - [19/Aug/2022:10:44:15 +0800] "GET /nacos/v1/cs/configs?dataId=mftcc.yml&group=example&tenant=30a7f7f1-f414-4acc-8a4b-bbb5808727d5 HTTP/1.1" 200 4530 3 Java/1.8.0_144
127.0.0.1 - - [19/Aug/2022:10:44:15 +0800] "GET /nacos/v1/cs/configs?dataId=mftcc-example-server&group=example&tenant=30a7f7f1-f414-4acc-8a4b-bbb5808727d5 HTTP/1.1" 404 23 3 Java/1.8.0_144
127.0.0.1 - - [19/Aug/2022:10:44:15 +0800] "GET /nacos/v1/cs/configs?dataId=mftcc-example-server.yml&group=example&tenant=30a7f7f1-f414-4acc-8a4b-bbb5808727d5 HTTP/1.1" 200 393 3 Java/1.8.0_144
127.0.0.1 - - [19/Aug/2022:10:44:16 +0800] "PUT /nacos/v1/ns/instance/beat?app=mftcc-sys-server&namespaceId=30a7f7f1-f414-4acc-8a4b-bbb5808727d5&port=8071&clusterName=DEFAULT&ip=192.168.255.1&serviceName=example%40%40mftcc-sys-server&encoding=UTF-8 HTTP/1.1" 200 75 3 Nacos-Java-Client:v1.2.1
