127.0.0.1 - - [24/Aug/2022:09:40:47 +0800] "GET /nacos/v1/ns/instance/list?app=unknown&healthyOnly=false&namespaceId=30a7f7f1-f414-4acc-8a4b-bbb5808727d5&clientIP=192.168.72.1&serviceName=example%40%40mftcc-example-server&udpPort=64166&encoding=UTF-8 HTTP/1.1" 200 576 2 Nacos-Java-Client:v1.2.1
127.0.0.1 - - [24/Aug/2022:09:40:47 +0800] "GET /nacos/v1/ns/instance/list?app=unknown&healthyOnly=false&namespaceId=30a7f7f1-f414-4acc-8a4b-bbb5808727d5&clientIP=192.168.72.1&serviceName=example%40%40mftcc-sys-server&udpPort=64166&encoding=UTF-8 HTTP/1.1" 200 560 1 Nacos-Java-Client:v1.2.1
192.168.255.1 - - [24/Aug/2022:09:40:48 +0800] "GET /nacos/v1/cs/health HTTP/1.1" 200 2 3 Apache-HttpAsyncClient/4.1.3 (Java/1.8.0_144)
127.0.0.1 - - [24/Aug/2022:09:40:49 +0800] "PUT /nacos/v1/ns/instance/beat?app=mftcc-example-server&namespaceId=30a7f7f1-f414-4acc-8a4b-bbb5808727d5&port=8060&clusterName=DEFAULT&ip=192.168.255.1&serviceName=example%40%40mftcc-example-server&encoding=UTF-8 HTTP/1.1" 200 75 2 Nacos-Java-Client:v1.2.1
127.0.0.1 - - [24/Aug/2022:09:40:49 +0800] "PUT /nacos/v1/ns/instance/beat?app=mftcc-sys-server&namespaceId=30a7f7f1-f414-4acc-8a4b-bbb5808727d5&port=8071&clusterName=DEFAULT&ip=192.168.255.1&serviceName=example%40%40mftcc-sys-server&encoding=UTF-8 HTTP/1.1" 200 75 2 Nacos-Java-Client:v1.2.1
127.0.0.1 - - [24/Aug/2022:09:40:49 +0800] "POST /nacos/v1/cs/configs/listener HTTP/1.1" 200 - 29504 Java/1.8.0_144
192.168.1.33 - - [24/Aug/2022:09:40:49 +0800] "POST /nacos/v1/cs/configs/listener HTTP/1.1" 200 - 29502 Java/1.8.0_144
127.0.0.1 - - [24/Aug/2022:09:40:52 +0800] "POST /nacos/v1/cs/configs/listener HTTP/1.1" 200 - 29512 Java/1.8.0_144
127.0.0.1 - - [24/Aug/2022:09:40:52 +0800] "PUT /nacos/v1/ns/instance/beat?app=unknown&namespaceId=30a7f7f1-f414-4acc-8a4b-bbb5808727d5&port=7019&clusterName=DEFAULT&ip=192.168.255.1&serviceName=example%40%40mftcc-gateway&encoding=UTF-8 HTTP/1.1" 200 75 1 Nacos-Java-Client:v1.2.1
192.168.255.1 - - [24/Aug/2022:09:40:53 +0800] "GET /nacos/v1/cs/health HTTP/1.1" 200 2 1 Apache-HttpAsyncClient/4.1.3 (Java/1.8.0_144)
127.0.0.1 - - [24/Aug/2022:09:40:53 +0800] "GET /nacos/v1/ns/instance/list?app=unknown&healthyOnly=false&namespaceId=30a7f7f1-f414-4acc-8a4b-bbb5808727d5&clientIP=192.168.72.1&serviceName=example%40%40mftcc-gateway&udpPort=64166&encoding=UTF-8 HTTP/1.1" 200 548 2 Nacos-Java-Client:v1.2.1
127.0.0.1 - - [24/Aug/2022:09:40:54 +0800] "PUT /nacos/v1/ns/instance/beat?app=mftcc-example-server&namespaceId=30a7f7f1-f414-4acc-8a4b-bbb5808727d5&port=8060&clusterName=DEFAULT&ip=192.168.255.1&serviceName=example%40%40mftcc-example-server&encoding=UTF-8 HTTP/1.1" 200 75 1 Nacos-Java-Client:v1.2.1
127.0.0.1 - - [24/Aug/2022:09:40:54 +0800] "PUT /nacos/v1/ns/instance/beat?app=mftcc-sys-server&namespaceId=30a7f7f1-f414-4acc-8a4b-bbb5808727d5&port=8071&clusterName=DEFAULT&ip=192.168.255.1&serviceName=example%40%40mftcc-sys-server&encoding=UTF-8 HTTP/1.1" 200 75 1 Nacos-Java-Client:v1.2.1
127.0.0.1 - - [24/Aug/2022:09:40:57 +0800] "PUT /nacos/v1/ns/instance/beat?app=unknown&namespaceId=30a7f7f1-f414-4acc-8a4b-bbb5808727d5&port=7019&clusterName=DEFAULT&ip=192.168.255.1&serviceName=example%40%40mftcc-gateway&encoding=UTF-8 HTTP/1.1" 200 75 2 Nacos-Java-Client:v1.2.1
127.0.0.1 - - [24/Aug/2022:09:40:57 +0800] "GET /nacos/v1/ns/instance/list?app=unknown&healthyOnly=false&namespaceId=30a7f7f1-f414-4acc-8a4b-bbb5808727d5&clientIP=192.168.72.1&serviceName=example%40%40mftcc-sys-server&udpPort=64166&encoding=UTF-8 HTTP/1.1" 200 560 1 Nacos-Java-Client:v1.2.1
127.0.0.1 - - [24/Aug/2022:09:40:57 +0800] "GET /nacos/v1/ns/instance/list?app=unknown&healthyOnly=false&namespaceId=30a7f7f1-f414-4acc-8a4b-bbb5808727d5&clientIP=192.168.72.1&serviceName=example%40%40mftcc-example-server&udpPort=64166&encoding=UTF-8 HTTP/1.1" 200 576 2 Nacos-Java-Client:v1.2.1
192.168.255.1 - - [24/Aug/2022:09:40:58 +0800] "GET /nacos/v1/cs/health HTTP/1.1" 200 2 3 Apache-HttpAsyncClient/4.1.3 (Java/1.8.0_144)
127.0.0.1 - - [24/Aug/2022:09:40:59 +0800] "PUT /nacos/v1/ns/instance/beat?app=mftcc-example-server&namespaceId=30a7f7f1-f414-4acc-8a4b-bbb5808727d5&port=8060&clusterName=DEFAULT&ip=192.168.255.1&serviceName=example%40%40mftcc-example-server&encoding=UTF-8 HTTP/1.1" 200 75 1 Nacos-Java-Client:v1.2.1
127.0.0.1 - - [24/Aug/2022:09:40:59 +0800] "PUT /nacos/v1/ns/instance/beat?app=mftcc-sys-server&namespaceId=30a7f7f1-f414-4acc-8a4b-bbb5808727d5&port=8071&clusterName=DEFAULT&ip=192.168.255.1&serviceName=example%40%40mftcc-sys-server&encoding=UTF-8 HTTP/1.1" 200 75 1 Nacos-Java-Client:v1.2.1
127.0.0.1 - - [24/Aug/2022:09:41:02 +0800] "PUT /nacos/v1/ns/instance/beat?app=unknown&namespaceId=30a7f7f1-f414-4acc-8a4b-bbb5808727d5&port=7019&clusterName=DEFAULT&ip=192.168.255.1&serviceName=example%40%40mftcc-gateway&encoding=UTF-8 HTTP/1.1" 200 75 2 Nacos-Java-Client:v1.2.1
192.168.255.1 - - [24/Aug/2022:09:41:03 +0800] "GET /nacos/v1/cs/health HTTP/1.1" 200 2 2 Apache-HttpAsyncClient/4.1.3 (Java/1.8.0_144)
127.0.0.1 - - [24/Aug/2022:09:41:03 +0800] "GET /nacos/v1/ns/instance/list?app=unknown&healthyOnly=false&namespaceId=30a7f7f1-f414-4acc-8a4b-bbb5808727d5&clientIP=192.168.72.1&serviceName=example%40%40mftcc-gateway&udpPort=64166&encoding=UTF-8 HTTP/1.1" 200 548 7 Nacos-Java-Client:v1.2.1
127.0.0.1 - - [24/Aug/2022:09:41:04 +0800] "PUT /nacos/v1/ns/instance/beat?app=mftcc-example-server&namespaceId=30a7f7f1-f414-4acc-8a4b-bbb5808727d5&port=8060&clusterName=DEFAULT&ip=192.168.255.1&serviceName=example%40%40mftcc-example-server&encoding=UTF-8 HTTP/1.1" 200 75 1 Nacos-Java-Client:v1.2.1
127.0.0.1 - - [24/Aug/2022:09:41:04 +0800] "PUT /nacos/v1/ns/instance/beat?app=mftcc-sys-server&namespaceId=30a7f7f1-f414-4acc-8a4b-bbb5808727d5&port=8071&clusterName=DEFAULT&ip=192.168.255.1&serviceName=example%40%40mftcc-sys-server&encoding=UTF-8 HTTP/1.1" 200 75 2 Nacos-Java-Client:v1.2.1
127.0.0.1 - - [24/Aug/2022:09:41:07 +0800] "PUT /nacos/v1/ns/instance/beat?app=unknown&namespaceId=30a7f7f1-f414-4acc-8a4b-bbb5808727d5&port=7019&clusterName=DEFAULT&ip=192.168.255.1&serviceName=example%40%40mftcc-gateway&encoding=UTF-8 HTTP/1.1" 200 75 2 Nacos-Java-Client:v1.2.1
127.0.0.1 - - [24/Aug/2022:09:41:07 +0800] "GET /nacos/v1/ns/instance/list?app=unknown&healthyOnly=false&namespaceId=30a7f7f1-f414-4acc-8a4b-bbb5808727d5&clientIP=192.168.72.1&serviceName=example%40%40mftcc-example-server&udpPort=64166&encoding=UTF-8 HTTP/1.1" 200 576 2 Nacos-Java-Client:v1.2.1
127.0.0.1 - - [24/Aug/2022:09:41:07 +0800] "GET /nacos/v1/ns/instance/list?app=unknown&healthyOnly=false&namespaceId=30a7f7f1-f414-4acc-8a4b-bbb5808727d5&clientIP=192.168.72.1&serviceName=example%40%40mftcc-sys-server&udpPort=64166&encoding=UTF-8 HTTP/1.1" 200 560 1 Nacos-Java-Client:v1.2.1
192.168.255.1 - - [24/Aug/2022:09:41:08 +0800] "GET /nacos/v1/cs/health HTTP/1.1" 200 2 3 Apache-HttpAsyncClient/4.1.3 (Java/1.8.0_144)
127.0.0.1 - - [24/Aug/2022:09:41:09 +0800] "PUT /nacos/v1/ns/instance/beat?app=mftcc-example-server&namespaceId=30a7f7f1-f414-4acc-8a4b-bbb5808727d5&port=8060&clusterName=DEFAULT&ip=192.168.255.1&serviceName=example%40%40mftcc-example-server&encoding=UTF-8 HTTP/1.1" 200 75 1 Nacos-Java-Client:v1.2.1
127.0.0.1 - - [24/Aug/2022:09:41:09 +0800] "PUT /nacos/v1/ns/instance/beat?app=mftcc-sys-server&namespaceId=30a7f7f1-f414-4acc-8a4b-bbb5808727d5&port=8071&clusterName=DEFAULT&ip=192.168.255.1&serviceName=example%40%40mftcc-sys-server&encoding=UTF-8 HTTP/1.1" 200 75 2 Nacos-Java-Client:v1.2.1
127.0.0.1 - - [24/Aug/2022:09:41:12 +0800] "PUT /nacos/v1/ns/instance/beat?app=unknown&namespaceId=30a7f7f1-f414-4acc-8a4b-bbb5808727d5&port=7019&clusterName=DEFAULT&ip=192.168.255.1&serviceName=example%40%40mftcc-gateway&encoding=UTF-8 HTTP/1.1" 200 75 2 Nacos-Java-Client:v1.2.1
192.168.255.1 - - [24/Aug/2022:09:41:13 +0800] "GET /nacos/v1/cs/health HTTP/1.1" 200 2 2 Apache-HttpAsyncClient/4.1.3 (Java/1.8.0_144)
127.0.0.1 - - [24/Aug/2022:09:41:13 +0800] "GET /nacos/v1/ns/instance/list?app=unknown&healthyOnly=false&namespaceId=30a7f7f1-f414-4acc-8a4b-bbb5808727d5&clientIP=192.168.72.1&serviceName=example%40%40mftcc-gateway&udpPort=64166&encoding=UTF-8 HTTP/1.1" 200 548 2 Nacos-Java-Client:v1.2.1
127.0.0.1 - - [24/Aug/2022:09:41:14 +0800] "PUT /nacos/v1/ns/instance/beat?app=mftcc-example-server&namespaceId=30a7f7f1-f414-4acc-8a4b-bbb5808727d5&port=8060&clusterName=DEFAULT&ip=192.168.255.1&serviceName=example%40%40mftcc-example-server&encoding=UTF-8 HTTP/1.1" 200 75 1 Nacos-Java-Client:v1.2.1
127.0.0.1 - - [24/Aug/2022:09:41:14 +0800] "PUT /nacos/v1/ns/instance/beat?app=mftcc-sys-server&namespaceId=30a7f7f1-f414-4acc-8a4b-bbb5808727d5&port=8071&clusterName=DEFAULT&ip=192.168.255.1&serviceName=example%40%40mftcc-sys-server&encoding=UTF-8 HTTP/1.1" 200 75 2 Nacos-Java-Client:v1.2.1
127.0.0.1 - - [24/Aug/2022:09:41:16 +0800] "GET /nacos/v1/ns/service/list?app=unknown&pageSize=2147483647&groupName=example&encoding=UTF-8&namespaceId=30a7f7f1-f414-4acc-8a4b-bbb5808727d5&pageNo=1 HTTP/1.1" 200 89 3 Nacos-Java-Client:v1.2.1
127.0.0.1 - - [24/Aug/2022:09:41:17 +0800] "PUT /nacos/v1/ns/instance/beat?app=unknown&namespaceId=30a7f7f1-f414-4acc-8a4b-bbb5808727d5&port=7019&clusterName=DEFAULT&ip=192.168.255.1&serviceName=example%40%40mftcc-gateway&encoding=UTF-8 HTTP/1.1" 200 75 2 Nacos-Java-Client:v1.2.1
127.0.0.1 - - [24/Aug/2022:09:41:17 +0800] "GET /nacos/v1/ns/instance/list?app=unknown&healthyOnly=false&namespaceId=30a7f7f1-f414-4acc-8a4b-bbb5808727d5&clientIP=192.168.72.1&serviceName=example%40%40mftcc-sys-server&udpPort=64166&encoding=UTF-8 HTTP/1.1" 200 560 2 Nacos-Java-Client:v1.2.1
127.0.0.1 - - [24/Aug/2022:09:41:17 +0800] "GET /nacos/v1/ns/instance/list?app=unknown&healthyOnly=false&namespaceId=30a7f7f1-f414-4acc-8a4b-bbb5808727d5&clientIP=192.168.72.1&serviceName=example%40%40mftcc-example-server&udpPort=64166&encoding=UTF-8 HTTP/1.1" 200 576 1 Nacos-Java-Client:v1.2.1
192.168.255.1 - - [24/Aug/2022:09:41:18 +0800] "GET /nacos/v1/cs/health HTTP/1.1" 200 2 1 Apache-HttpAsyncClient/4.1.3 (Java/1.8.0_144)
127.0.0.1 - - [24/Aug/2022:09:41:19 +0800] "POST /nacos/v1/cs/configs/listener HTTP/1.1" 200 - 29514 Java/1.8.0_144
127.0.0.1 - - [24/Aug/2022:09:41:19 +0800] "PUT /nacos/v1/ns/instance/beat?app=mftcc-example-server&namespaceId=30a7f7f1-f414-4acc-8a4b-bbb5808727d5&port=8060&clusterName=DEFAULT&ip=192.168.255.1&serviceName=example%40%40mftcc-example-server&encoding=UTF-8 HTTP/1.1" 200 75 1 Nacos-Java-Client:v1.2.1
192.168.1.33 - - [24/Aug/2022:09:41:19 +0800] "POST /nacos/v1/cs/configs/listener HTTP/1.1" 200 - 29512 Java/1.8.0_144
127.0.0.1 - - [24/Aug/2022:09:41:19 +0800] "PUT /nacos/v1/ns/instance/beat?app=mftcc-sys-server&namespaceId=30a7f7f1-f414-4acc-8a4b-bbb5808727d5&port=8071&clusterName=DEFAULT&ip=192.168.255.1&serviceName=example%40%40mftcc-sys-server&encoding=UTF-8 HTTP/1.1" 200 75 2 Nacos-Java-Client:v1.2.1
127.0.0.1 - - [24/Aug/2022:09:41:21 +0800] "POST /nacos/v1/cs/configs/listener HTTP/1.1" 200 - 29513 Java/1.8.0_144
127.0.0.1 - - [24/Aug/2022:09:41:22 +0800] "PUT /nacos/v1/ns/instance/beat?app=unknown&namespaceId=30a7f7f1-f414-4acc-8a4b-bbb5808727d5&port=7019&clusterName=DEFAULT&ip=192.168.255.1&serviceName=example%40%40mftcc-gateway&encoding=UTF-8 HTTP/1.1" 200 75 2 Nacos-Java-Client:v1.2.1
192.168.255.1 - - [24/Aug/2022:09:41:23 +0800] "GET /nacos/v1/cs/health HTTP/1.1" 200 2 2 Apache-HttpAsyncClient/4.1.3 (Java/1.8.0_144)
127.0.0.1 - - [24/Aug/2022:09:41:23 +0800] "GET /nacos/v1/ns/instance/list?app=unknown&healthyOnly=false&namespaceId=30a7f7f1-f414-4acc-8a4b-bbb5808727d5&clientIP=192.168.72.1&serviceName=example%40%40mftcc-gateway&udpPort=64166&encoding=UTF-8 HTTP/1.1" 200 548 2 Nacos-Java-Client:v1.2.1
127.0.0.1 - - [24/Aug/2022:09:41:24 +0800] "PUT /nacos/v1/ns/instance/beat?app=mftcc-example-server&namespaceId=30a7f7f1-f414-4acc-8a4b-bbb5808727d5&port=8060&clusterName=DEFAULT&ip=192.168.255.1&serviceName=example%40%40mftcc-example-server&encoding=UTF-8 HTTP/1.1" 200 75 2 Nacos-Java-Client:v1.2.1
127.0.0.1 - - [24/Aug/2022:09:41:24 +0800] "PUT /nacos/v1/ns/instance/beat?app=mftcc-sys-server&namespaceId=30a7f7f1-f414-4acc-8a4b-bbb5808727d5&port=8071&clusterName=DEFAULT&ip=192.168.255.1&serviceName=example%40%40mftcc-sys-server&encoding=UTF-8 HTTP/1.1" 200 75 1 Nacos-Java-Client:v1.2.1
127.0.0.1 - - [24/Aug/2022:09:41:27 +0800] "PUT /nacos/v1/ns/instance/beat?app=unknown&namespaceId=30a7f7f1-f414-4acc-8a4b-bbb5808727d5&port=7019&clusterName=DEFAULT&ip=192.168.255.1&serviceName=example%40%40mftcc-gateway&encoding=UTF-8 HTTP/1.1" 200 75 3 Nacos-Java-Client:v1.2.1
127.0.0.1 - - [24/Aug/2022:09:41:27 +0800] "GET /nacos/v1/ns/instance/list?app=unknown&healthyOnly=false&namespaceId=30a7f7f1-f414-4acc-8a4b-bbb5808727d5&clientIP=192.168.72.1&serviceName=example%40%40mftcc-example-server&udpPort=64166&encoding=UTF-8 HTTP/1.1" 200 576 2 Nacos-Java-Client:v1.2.1
127.0.0.1 - - [24/Aug/2022:09:41:27 +0800] "GET /nacos/v1/ns/instance/list?app=unknown&healthyOnly=false&namespaceId=30a7f7f1-f414-4acc-8a4b-bbb5808727d5&clientIP=192.168.72.1&serviceName=example%40%40mftcc-sys-server&udpPort=64166&encoding=UTF-8 HTTP/1.1" 200 560 1 Nacos-Java-Client:v1.2.1
192.168.255.1 - - [24/Aug/2022:09:41:28 +0800] "GET /nacos/v1/cs/health HTTP/1.1" 200 2 2 Apache-HttpAsyncClient/4.1.3 (Java/1.8.0_144)
127.0.0.1 - - [24/Aug/2022:09:41:29 +0800] "PUT /nacos/v1/ns/instance/beat?app=mftcc-example-server&namespaceId=30a7f7f1-f414-4acc-8a4b-bbb5808727d5&port=8060&clusterName=DEFAULT&ip=192.168.255.1&serviceName=example%40%40mftcc-example-server&encoding=UTF-8 HTTP/1.1" 200 75 1 Nacos-Java-Client:v1.2.1
127.0.0.1 - - [24/Aug/2022:09:41:29 +0800] "PUT /nacos/v1/ns/instance/beat?app=mftcc-sys-server&namespaceId=30a7f7f1-f414-4acc-8a4b-bbb5808727d5&port=8071&clusterName=DEFAULT&ip=192.168.255.1&serviceName=example%40%40mftcc-sys-server&encoding=UTF-8 HTTP/1.1" 200 75 2 Nacos-Java-Client:v1.2.1
127.0.0.1 - - [24/Aug/2022:09:41:32 +0800] "PUT /nacos/v1/ns/instance/beat?app=unknown&namespaceId=30a7f7f1-f414-4acc-8a4b-bbb5808727d5&port=7019&clusterName=DEFAULT&ip=192.168.255.1&serviceName=example%40%40mftcc-gateway&encoding=UTF-8 HTTP/1.1" 200 75 1 Nacos-Java-Client:v1.2.1
192.168.255.1 - - [24/Aug/2022:09:41:33 +0800] "GET /nacos/v1/cs/health HTTP/1.1" 200 2 2 Apache-HttpAsyncClient/4.1.3 (Java/1.8.0_144)
127.0.0.1 - - [24/Aug/2022:09:41:33 +0800] "GET /nacos/v1/ns/instance/list?app=unknown&healthyOnly=false&namespaceId=30a7f7f1-f414-4acc-8a4b-bbb5808727d5&clientIP=192.168.72.1&serviceName=example%40%40mftcc-gateway&udpPort=64166&encoding=UTF-8 HTTP/1.1" 200 548 2 Nacos-Java-Client:v1.2.1
127.0.0.1 - - [24/Aug/2022:09:41:34 +0800] "PUT /nacos/v1/ns/instance/beat?app=mftcc-example-server&namespaceId=30a7f7f1-f414-4acc-8a4b-bbb5808727d5&port=8060&clusterName=DEFAULT&ip=192.168.255.1&serviceName=example%40%40mftcc-example-server&encoding=UTF-8 HTTP/1.1" 200 75 4 Nacos-Java-Client:v1.2.1
127.0.0.1 - - [24/Aug/2022:09:41:34 +0800] "PUT /nacos/v1/ns/instance/beat?app=mftcc-sys-server&namespaceId=30a7f7f1-f414-4acc-8a4b-bbb5808727d5&port=8071&clusterName=DEFAULT&ip=192.168.255.1&serviceName=example%40%40mftcc-sys-server&encoding=UTF-8 HTTP/1.1" 200 75 4 Nacos-Java-Client:v1.2.1
127.0.0.1 - - [24/Aug/2022:09:41:37 +0800] "PUT /nacos/v1/ns/instance/beat?app=unknown&namespaceId=30a7f7f1-f414-4acc-8a4b-bbb5808727d5&port=7019&clusterName=DEFAULT&ip=192.168.255.1&serviceName=example%40%40mftcc-gateway&encoding=UTF-8 HTTP/1.1" 200 75 2 Nacos-Java-Client:v1.2.1
127.0.0.1 - - [24/Aug/2022:09:41:37 +0800] "GET /nacos/v1/ns/instance/list?app=unknown&healthyOnly=false&namespaceId=30a7f7f1-f414-4acc-8a4b-bbb5808727d5&clientIP=192.168.72.1&serviceName=example%40%40mftcc-sys-server&udpPort=64166&encoding=UTF-8 HTTP/1.1" 200 560 5 Nacos-Java-Client:v1.2.1
127.0.0.1 - - [24/Aug/2022:09:41:37 +0800] "GET /nacos/v1/ns/instance/list?app=unknown&healthyOnly=false&namespaceId=30a7f7f1-f414-4acc-8a4b-bbb5808727d5&clientIP=192.168.72.1&serviceName=example%40%40mftcc-example-server&udpPort=64166&encoding=UTF-8 HTTP/1.1" 200 576 4 Nacos-Java-Client:v1.2.1
192.168.255.1 - - [24/Aug/2022:09:41:38 +0800] "GET /nacos/v1/cs/health HTTP/1.1" 200 2 5 Apache-HttpAsyncClient/4.1.3 (Java/1.8.0_144)
127.0.0.1 - - [24/Aug/2022:09:41:39 +0800] "PUT /nacos/v1/ns/instance/beat?app=mftcc-example-server&namespaceId=30a7f7f1-f414-4acc-8a4b-bbb5808727d5&port=8060&clusterName=DEFAULT&ip=192.168.255.1&serviceName=example%40%40mftcc-example-server&encoding=UTF-8 HTTP/1.1" 200 75 1 Nacos-Java-Client:v1.2.1
127.0.0.1 - - [24/Aug/2022:09:41:39 +0800] "PUT /nacos/v1/ns/instance/beat?app=mftcc-sys-server&namespaceId=30a7f7f1-f414-4acc-8a4b-bbb5808727d5&port=8071&clusterName=DEFAULT&ip=192.168.255.1&serviceName=example%40%40mftcc-sys-server&encoding=UTF-8 HTTP/1.1" 200 75 1 Nacos-Java-Client:v1.2.1
127.0.0.1 - - [24/Aug/2022:09:41:42 +0800] "PUT /nacos/v1/ns/instance/beat?app=unknown&namespaceId=30a7f7f1-f414-4acc-8a4b-bbb5808727d5&port=7019&clusterName=DEFAULT&ip=192.168.255.1&serviceName=example%40%40mftcc-gateway&encoding=UTF-8 HTTP/1.1" 200 75 1 Nacos-Java-Client:v1.2.1
192.168.255.1 - - [24/Aug/2022:09:41:43 +0800] "GET /nacos/v1/cs/health HTTP/1.1" 200 2 2 Apache-HttpAsyncClient/4.1.3 (Java/1.8.0_144)
127.0.0.1 - - [24/Aug/2022:09:41:43 +0800] "GET /nacos/v1/ns/instance/list?app=unknown&healthyOnly=false&namespaceId=30a7f7f1-f414-4acc-8a4b-bbb5808727d5&clientIP=192.168.72.1&serviceName=example%40%40mftcc-gateway&udpPort=64166&encoding=UTF-8 HTTP/1.1" 200 548 3 Nacos-Java-Client:v1.2.1
127.0.0.1 - - [24/Aug/2022:09:41:44 +0800] "PUT /nacos/v1/ns/instance/beat?app=mftcc-example-server&namespaceId=30a7f7f1-f414-4acc-8a4b-bbb5808727d5&port=8060&clusterName=DEFAULT&ip=192.168.255.1&serviceName=example%40%40mftcc-example-server&encoding=UTF-8 HTTP/1.1" 200 75 1 Nacos-Java-Client:v1.2.1
127.0.0.1 - - [24/Aug/2022:09:41:44 +0800] "PUT /nacos/v1/ns/instance/beat?app=mftcc-sys-server&namespaceId=30a7f7f1-f414-4acc-8a4b-bbb5808727d5&port=8071&clusterName=DEFAULT&ip=192.168.255.1&serviceName=example%40%40mftcc-sys-server&encoding=UTF-8 HTTP/1.1" 200 75 1 Nacos-Java-Client:v1.2.1
127.0.0.1 - - [24/Aug/2022:09:41:46 +0800] "GET /nacos/v1/ns/service/list?app=unknown&pageSize=2147483647&groupName=example&encoding=UTF-8&namespaceId=30a7f7f1-f414-4acc-8a4b-bbb5808727d5&pageNo=1 HTTP/1.1" 200 89 2 Nacos-Java-Client:v1.2.1
127.0.0.1 - - [24/Aug/2022:09:41:47 +0800] "PUT /nacos/v1/ns/instance/beat?app=unknown&namespaceId=30a7f7f1-f414-4acc-8a4b-bbb5808727d5&port=7019&clusterName=DEFAULT&ip=192.168.255.1&serviceName=example%40%40mftcc-gateway&encoding=UTF-8 HTTP/1.1" 200 75 2 Nacos-Java-Client:v1.2.1
127.0.0.1 - - [24/Aug/2022:09:41:47 +0800] "GET /nacos/v1/ns/instance/list?app=unknown&healthyOnly=false&namespaceId=30a7f7f1-f414-4acc-8a4b-bbb5808727d5&clientIP=192.168.72.1&serviceName=example%40%40mftcc-sys-server&udpPort=64166&encoding=UTF-8 HTTP/1.1" 200 560 3 Nacos-Java-Client:v1.2.1
127.0.0.1 - - [24/Aug/2022:09:41:47 +0800] "GET /nacos/v1/ns/instance/list?app=unknown&healthyOnly=false&namespaceId=30a7f7f1-f414-4acc-8a4b-bbb5808727d5&clientIP=192.168.72.1&serviceName=example%40%40mftcc-example-server&udpPort=64166&encoding=UTF-8 HTTP/1.1" 200 576 2 Nacos-Java-Client:v1.2.1
127.0.0.1 - - [24/Aug/2022:09:41:48 +0800] "POST /nacos/v1/cs/configs/listener HTTP/1.1" 200 - 29509 Java/1.8.0_144
192.168.255.1 - - [24/Aug/2022:09:41:48 +0800] "GET /nacos/v1/cs/health HTTP/1.1" 200 2 2 Apache-HttpAsyncClient/4.1.3 (Java/1.8.0_144)
192.168.1.33 - - [24/Aug/2022:09:41:48 +0800] "POST /nacos/v1/cs/configs/listener HTTP/1.1" 200 - 29510 Java/1.8.0_144
127.0.0.1 - - [24/Aug/2022:09:41:49 +0800] "PUT /nacos/v1/ns/instance/beat?app=mftcc-example-server&namespaceId=30a7f7f1-f414-4acc-8a4b-bbb5808727d5&port=8060&clusterName=DEFAULT&ip=192.168.255.1&serviceName=example%40%40mftcc-example-server&encoding=UTF-8 HTTP/1.1" 200 75 4 Nacos-Java-Client:v1.2.1
127.0.0.1 - - [24/Aug/2022:09:41:49 +0800] "PUT /nacos/v1/ns/instance/beat?app=mftcc-sys-server&namespaceId=30a7f7f1-f414-4acc-8a4b-bbb5808727d5&port=8071&clusterName=DEFAULT&ip=192.168.255.1&serviceName=example%40%40mftcc-sys-server&encoding=UTF-8 HTTP/1.1" 200 75 2 Nacos-Java-Client:v1.2.1
127.0.0.1 - - [24/Aug/2022:09:41:51 +0800] "POST /nacos/v1/cs/configs/listener HTTP/1.1" 200 - 29513 Java/1.8.0_144
127.0.0.1 - - [24/Aug/2022:09:41:52 +0800] "PUT /nacos/v1/ns/instance/beat?app=unknown&namespaceId=30a7f7f1-f414-4acc-8a4b-bbb5808727d5&port=7019&clusterName=DEFAULT&ip=192.168.255.1&serviceName=example%40%40mftcc-gateway&encoding=UTF-8 HTTP/1.1" 200 75 3 Nacos-Java-Client:v1.2.1
192.168.1.33 - - [24/Aug/2022:09:41:53 +0800] "POST /nacos/v1/ns/instance?app=unknown&metadata=%7B%22preserved.register.source%22%3A%22SPRING_CLOUD%22%7D&ip=192.168.255.1&weight=1.0&ephemeral=true&serviceName=example%40%40mftcc-rule-server&encoding=UTF-8&groupName=example&namespaceId=30a7f7f1-f414-4acc-8a4b-bbb5808727d5&port=9999&enable=true&healthy=true&clusterName=DEFAULT HTTP/1.1" 200 2 4 Nacos-Java-Client:v1.2.1
192.168.255.1 - - [24/Aug/2022:09:41:53 +0800] "GET /nacos/v1/cs/health HTTP/1.1" 200 2 2 Apache-HttpAsyncClient/4.1.3 (Java/1.8.0_144)
127.0.0.1 - - [24/Aug/2022:09:41:53 +0800] "GET /nacos/v1/ns/instance/list?app=unknown&healthyOnly=false&namespaceId=30a7f7f1-f414-4acc-8a4b-bbb5808727d5&clientIP=192.168.72.1&serviceName=example%40%40mftcc-gateway&udpPort=64166&encoding=UTF-8 HTTP/1.1" 200 548 2 Nacos-Java-Client:v1.2.1
127.0.0.1 - - [24/Aug/2022:09:41:54 +0800] "PUT /nacos/v1/ns/instance/beat?app=mftcc-example-server&namespaceId=30a7f7f1-f414-4acc-8a4b-bbb5808727d5&port=8060&clusterName=DEFAULT&ip=192.168.255.1&serviceName=example%40%40mftcc-example-server&encoding=UTF-8 HTTP/1.1" 200 75 1 Nacos-Java-Client:v1.2.1
127.0.0.1 - - [24/Aug/2022:09:41:54 +0800] "PUT /nacos/v1/ns/instance/beat?app=mftcc-sys-server&namespaceId=30a7f7f1-f414-4acc-8a4b-bbb5808727d5&port=8071&clusterName=DEFAULT&ip=192.168.255.1&serviceName=example%40%40mftcc-sys-server&encoding=UTF-8 HTTP/1.1" 200 75 2 Nacos-Java-Client:v1.2.1
127.0.0.1 - - [24/Aug/2022:09:41:57 +0800] "PUT /nacos/v1/ns/instance/beat?app=unknown&namespaceId=30a7f7f1-f414-4acc-8a4b-bbb5808727d5&port=7019&clusterName=DEFAULT&ip=192.168.255.1&serviceName=example%40%40mftcc-gateway&encoding=UTF-8 HTTP/1.1" 200 75 3 Nacos-Java-Client:v1.2.1
127.0.0.1 - - [24/Aug/2022:09:41:57 +0800] "GET /nacos/v1/ns/instance/list?app=unknown&healthyOnly=false&namespaceId=30a7f7f1-f414-4acc-8a4b-bbb5808727d5&clientIP=192.168.72.1&serviceName=example%40%40mftcc-example-server&udpPort=64166&encoding=UTF-8 HTTP/1.1" 200 576 1 Nacos-Java-Client:v1.2.1
127.0.0.1 - - [24/Aug/2022:09:41:57 +0800] "GET /nacos/v1/ns/instance/list?app=unknown&healthyOnly=false&namespaceId=30a7f7f1-f414-4acc-8a4b-bbb5808727d5&clientIP=192.168.72.1&serviceName=example%40%40mftcc-sys-server&udpPort=64166&encoding=UTF-8 HTTP/1.1" 200 560 1 Nacos-Java-Client:v1.2.1
192.168.1.33 - - [24/Aug/2022:09:41:58 +0800] "PUT /nacos/v1/ns/instance/beat?app=unknown&namespaceId=30a7f7f1-f414-4acc-8a4b-bbb5808727d5&port=9999&clusterName=DEFAULT&ip=192.168.255.1&serviceName=example%40%40mftcc-rule-server&encoding=UTF-8 HTTP/1.1" 200 75 2 Nacos-Java-Client:v1.2.1
192.168.255.1 - - [24/Aug/2022:09:41:58 +0800] "GET /nacos/v1/cs/health HTTP/1.1" 200 2 3 Apache-HttpAsyncClient/4.1.3 (Java/1.8.0_144)
192.168.1.33 - - [24/Aug/2022:09:41:58 +0800] "POST /nacos/v1/cs/configs/listener HTTP/1.1" 200 - 4 Java/1.8.0_144
127.0.0.1 - - [24/Aug/2022:09:41:59 +0800] "PUT /nacos/v1/ns/instance/beat?app=mftcc-example-server&namespaceId=30a7f7f1-f414-4acc-8a4b-bbb5808727d5&port=8060&clusterName=DEFAULT&ip=192.168.255.1&serviceName=example%40%40mftcc-example-server&encoding=UTF-8 HTTP/1.1" 200 75 2 Nacos-Java-Client:v1.2.1
127.0.0.1 - - [24/Aug/2022:09:41:59 +0800] "PUT /nacos/v1/ns/instance/beat?app=mftcc-sys-server&namespaceId=30a7f7f1-f414-4acc-8a4b-bbb5808727d5&port=8071&clusterName=DEFAULT&ip=192.168.255.1&serviceName=example%40%40mftcc-sys-server&encoding=UTF-8 HTTP/1.1" 200 75 1 Nacos-Java-Client:v1.2.1
127.0.0.1 - - [24/Aug/2022:09:42:02 +0800] "PUT /nacos/v1/ns/instance/beat?app=unknown&namespaceId=30a7f7f1-f414-4acc-8a4b-bbb5808727d5&port=7019&clusterName=DEFAULT&ip=192.168.255.1&serviceName=example%40%40mftcc-gateway&encoding=UTF-8 HTTP/1.1" 200 75 4 Nacos-Java-Client:v1.2.1
192.168.1.33 - - [24/Aug/2022:09:42:03 +0800] "PUT /nacos/v1/ns/instance/beat?app=unknown&namespaceId=30a7f7f1-f414-4acc-8a4b-bbb5808727d5&port=9999&clusterName=DEFAULT&ip=192.168.255.1&serviceName=example%40%40mftcc-rule-server&encoding=UTF-8 HTTP/1.1" 200 75 2 Nacos-Java-Client:v1.2.1
192.168.255.1 - - [24/Aug/2022:09:42:03 +0800] "GET /nacos/v1/cs/health HTTP/1.1" 200 2 4 Apache-HttpAsyncClient/4.1.3 (Java/1.8.0_144)
127.0.0.1 - - [24/Aug/2022:09:42:03 +0800] "GET /nacos/v1/ns/instance/list?app=unknown&healthyOnly=false&namespaceId=30a7f7f1-f414-4acc-8a4b-bbb5808727d5&clientIP=192.168.72.1&serviceName=example%40%40mftcc-gateway&udpPort=64166&encoding=UTF-8 HTTP/1.1" 200 548 5 Nacos-Java-Client:v1.2.1
127.0.0.1 - - [24/Aug/2022:09:42:04 +0800] "PUT /nacos/v1/ns/instance/beat?app=mftcc-example-server&namespaceId=30a7f7f1-f414-4acc-8a4b-bbb5808727d5&port=8060&clusterName=DEFAULT&ip=192.168.255.1&serviceName=example%40%40mftcc-example-server&encoding=UTF-8 HTTP/1.1" 200 75 2 Nacos-Java-Client:v1.2.1
127.0.0.1 - - [24/Aug/2022:09:42:04 +0800] "PUT /nacos/v1/ns/instance/beat?app=mftcc-sys-server&namespaceId=30a7f7f1-f414-4acc-8a4b-bbb5808727d5&port=8071&clusterName=DEFAULT&ip=192.168.255.1&serviceName=example%40%40mftcc-sys-server&encoding=UTF-8 HTTP/1.1" 200 75 2 Nacos-Java-Client:v1.2.1
192.168.1.33 - - [24/Aug/2022:09:42:07 +0800] "GET /nacos/index.html HTTP/1.1" 304 - 130 Mozilla/5.0 (Windows NT 10.0; Win64; x64) AppleWebKit/537.36 (KHTML, like Gecko) Chrome/103.0.0.0 Safari/537.36
192.168.1.33 - - [24/Aug/2022:09:42:07 +0800] "GET /nacos/console-fe/public/css/merge.css HTTP/1.1" 304 - 14 Mozilla/5.0 (Windows NT 10.0; Win64; x64) AppleWebKit/537.36 (KHTML, like Gecko) Chrome/103.0.0.0 Safari/537.36
192.168.1.33 - - [24/Aug/2022:09:42:07 +0800] "GET /nacos/console-fe/public/css/font-awesome.css HTTP/1.1" 304 - 14 Mozilla/5.0 (Windows NT 10.0; Win64; x64) AppleWebKit/537.36 (KHTML, like Gecko) Chrome/103.0.0.0 Safari/537.36
192.168.1.33 - - [24/Aug/2022:09:42:07 +0800] "GET /nacos/console-fe/public/css/console1412.css HTTP/1.1" 304 - 17 Mozilla/5.0 (Windows NT 10.0; Win64; x64) AppleWebKit/537.36 (KHTML, like Gecko) Chrome/103.0.0.0 Safari/537.36
192.168.1.33 - - [24/Aug/2022:09:42:07 +0800] "GET /nacos/console-fe/public/css/codemirror.css HTTP/1.1" 304 - 18 Mozilla/5.0 (Windows NT 10.0; Win64; x64) AppleWebKit/537.36 (KHTML, like Gecko) Chrome/103.0.0.0 Safari/537.36
192.168.1.33 - - [24/Aug/2022:09:42:07 +0800] "GET /nacos/console-fe/public/css/bootstrap.css HTTP/1.1" 304 - 27 Mozilla/5.0 (Windows NT 10.0; Win64; x64) AppleWebKit/537.36 (KHTML, like Gecko) Chrome/103.0.0.0 Safari/537.36
192.168.1.33 - - [24/Aug/2022:09:42:07 +0800] "GET /nacos/console-fe/public/css/icon.css HTTP/1.1" 304 - 26 Mozilla/5.0 (Windows NT 10.0; Win64; x64) AppleWebKit/537.36 (KHTML, like Gecko) Chrome/103.0.0.0 Safari/537.36
192.168.1.33 - - [24/Aug/2022:09:42:07 +0800] "GET /nacos/console-fe/public/js/jquery.js HTTP/1.1" 304 - 15 Mozilla/5.0 (Windows NT 10.0; Win64; x64) AppleWebKit/537.36 (KHTML, like Gecko) Chrome/103.0.0.0 Safari/537.36
192.168.1.33 - - [24/Aug/2022:09:42:07 +0800] "GET /nacos/css/main.css HTTP/1.1" 304 - 31 Mozilla/5.0 (Windows NT 10.0; Win64; x64) AppleWebKit/537.36 (KHTML, like Gecko) Chrome/103.0.0.0 Safari/537.36
192.168.1.33 - - [24/Aug/2022:09:42:07 +0800] "GET /nacos/console-fe/public/js/codemirror.addone.fullscreen.js HTTP/1.1" 304 - 15 Mozilla/5.0 (Windows NT 10.0; Win64; x64) AppleWebKit/537.36 (KHTML, like Gecko) Chrome/103.0.0.0 Safari/537.36
192.168.1.33 - - [24/Aug/2022:09:42:07 +0800] "GET /nacos/console-fe/public/js/codemirror.js HTTP/1.1" 304 - 19 Mozilla/5.0 (Windows NT 10.0; Win64; x64) AppleWebKit/537.36 (KHTML, like Gecko) Chrome/103.0.0.0 Safari/537.36
192.168.1.33 - - [24/Aug/2022:09:42:07 +0800] "GET /nacos/console-fe/public/js/xml.js HTTP/1.1" 304 - 24 Mozilla/5.0 (Windows NT 10.0; Win64; x64) AppleWebKit/537.36 (KHTML, like Gecko) Chrome/103.0.0.0 Safari/537.36
192.168.1.33 - - [24/Aug/2022:09:42:07 +0800] "GET /nacos/console-fe/public/js/codemirror.addone.lint.js HTTP/1.1" 304 - 13 Mozilla/5.0 (Windows NT 10.0; Win64; x64) AppleWebKit/537.36 (KHTML, like Gecko) Chrome/103.0.0.0 Safari/537.36
192.168.1.33 - - [24/Aug/2022:09:42:07 +0800] "GET /nacos/console-fe/public/js/javascript.js HTTP/1.1" 304 - 23 Mozilla/5.0 (Windows NT 10.0; Win64; x64) AppleWebKit/537.36 (KHTML, like Gecko) Chrome/103.0.0.0 Safari/537.36
192.168.1.33 - - [24/Aug/2022:09:42:07 +0800] "GET /nacos/console-fe/public/js/codemirror.lib.json-lint.js HTTP/1.1" 304 - 9 Mozilla/5.0 (Windows NT 10.0; Win64; x64) AppleWebKit/537.36 (KHTML, like Gecko) Chrome/103.0.0.0 Safari/537.36
192.168.1.33 - - [24/Aug/2022:09:42:07 +0800] "GET /nacos/console-fe/public/js/diff_match_patch.js HTTP/1.1" 304 - 7 Mozilla/5.0 (Windows NT 10.0; Win64; x64) AppleWebKit/537.36 (KHTML, like Gecko) Chrome/103.0.0.0 Safari/537.36
192.168.1.33 - - [24/Aug/2022:09:42:07 +0800] "GET /nacos/js/main.js HTTP/1.1" 304 - 4 Mozilla/5.0 (Windows NT 10.0; Win64; x64) AppleWebKit/537.36 (KHTML, like Gecko) Chrome/103.0.0.0 Safari/537.36
192.168.1.33 - - [24/Aug/2022:09:42:07 +0800] "GET /nacos/console-fe/public/js/codemirror.lib.clike-lint.js HTTP/1.1" 304 - 12 Mozilla/5.0 (Windows NT 10.0; Win64; x64) AppleWebKit/537.36 (KHTML, like Gecko) Chrome/103.0.0.0 Safari/537.36
192.168.1.33 - - [24/Aug/2022:09:42:07 +0800] "GET /nacos/console-fe/public/js/merge.js HTTP/1.1" 304 - 7 Mozilla/5.0 (Windows NT 10.0; Win64; x64) AppleWebKit/537.36 (KHTML, like Gecko) Chrome/103.0.0.0 Safari/537.36
192.168.1.33 - - [24/Aug/2022:09:42:07 +0800] "GET /nacos/console-fe/public/js/codemirror.addone.json-lint.js HTTP/1.1" 304 - 19 Mozilla/5.0 (Windows NT 10.0; Win64; x64) AppleWebKit/537.36 (KHTML, like Gecko) Chrome/103.0.0.0 Safari/537.36
192.168.1.33 - - [24/Aug/2022:09:42:07 +0800] "GET /nacos/console-fe/public/js/loader.js HTTP/1.1" 304 - 8 Mozilla/5.0 (Windows NT 10.0; Win64; x64) AppleWebKit/537.36 (KHTML, like Gecko) Chrome/103.0.0.0 Safari/537.36
192.168.1.33 - - [24/Aug/2022:09:42:07 +0800] "GET /nacos/console-fe/public/js/vs/editor/editor.main.js HTTP/1.1" 304 - 11 Mozilla/5.0 (Windows NT 10.0; Win64; x64) AppleWebKit/537.36 (KHTML, like Gecko) Chrome/103.0.0.0 Safari/537.36
127.0.0.1 - - [24/Aug/2022:09:42:07 +0800] "PUT /nacos/v1/ns/instance/beat?app=unknown&namespaceId=30a7f7f1-f414-4acc-8a4b-bbb5808727d5&port=7019&clusterName=DEFAULT&ip=192.168.255.1&serviceName=example%40%40mftcc-gateway&encoding=UTF-8 HTTP/1.1" 200 75 3 Nacos-Java-Client:v1.2.1
192.168.1.33 - - [24/Aug/2022:09:42:07 +0800] "GET /nacos/img/logo-2000-390.svg HTTP/1.1" 304 - 3 Mozilla/5.0 (Windows NT 10.0; Win64; x64) AppleWebKit/537.36 (KHTML, like Gecko) Chrome/103.0.0.0 Safari/537.36
192.168.1.33 - - [24/Aug/2022:09:42:07 +0800] "GET /nacos/v1/console/server/state?accessToken= HTTP/1.1" 200 82 4 Mozilla/5.0 (Windows NT 10.0; Win64; x64) AppleWebKit/537.36 (KHTML, like Gecko) Chrome/103.0.0.0 Safari/537.36
192.168.1.33 - - [24/Aug/2022:09:42:07 +0800] "GET /nacos/console-fe/public/icons/icon-font.woff2 HTTP/1.1" 404 177 25 Mozilla/5.0 (Windows NT 10.0; Win64; x64) AppleWebKit/537.36 (KHTML, like Gecko) Chrome/103.0.0.0 Safari/537.36
127.0.0.1 - - [24/Aug/2022:09:42:07 +0800] "GET /nacos/v1/ns/instance/list?app=unknown&healthyOnly=false&namespaceId=30a7f7f1-f414-4acc-8a4b-bbb5808727d5&clientIP=192.168.72.1&serviceName=example%40%40mftcc-example-server&udpPort=64166&encoding=UTF-8 HTTP/1.1" 200 576 3 Nacos-Java-Client:v1.2.1
127.0.0.1 - - [24/Aug/2022:09:42:07 +0800] "GET /nacos/v1/ns/instance/list?app=unknown&healthyOnly=false&namespaceId=30a7f7f1-f414-4acc-8a4b-bbb5808727d5&clientIP=192.168.72.1&serviceName=example%40%40mftcc-sys-server&udpPort=64166&encoding=UTF-8 HTTP/1.1" 200 560 3 Nacos-Java-Client:v1.2.1
192.168.1.33 - - [24/Aug/2022:09:42:08 +0800] "GET /nacos/v1/console/namespaces?&accessToken=&namespaceId=30a7f7f1-f414-4acc-8a4b-bbb5808727d5 HTTP/1.1" 200 364 55 Mozilla/5.0 (Windows NT 10.0; Win64; x64) AppleWebKit/537.36 (KHTML, like Gecko) Chrome/103.0.0.0 Safari/537.36
192.168.1.33 - - [24/Aug/2022:09:42:08 +0800] "GET /nacos/console-fe/public/js/vs/editor/editor.main.css HTTP/1.1" 304 - 4 Mozilla/5.0 (Windows NT 10.0; Win64; x64) AppleWebKit/537.36 (KHTML, like Gecko) Chrome/103.0.0.0 Safari/537.36
192.168.1.33 - - [24/Aug/2022:09:42:08 +0800] "GET /nacos/console-fe/public/js/vs/editor/editor.main.nls.zh-cn.js HTTP/1.1" 304 - 3 Mozilla/5.0 (Windows NT 10.0; Win64; x64) AppleWebKit/537.36 (KHTML, like Gecko) Chrome/103.0.0.0 Safari/537.36
192.168.1.33 - - [24/Aug/2022:09:42:08 +0800] "GET /nacos/console-fe/public/icons/icon-font.woff HTTP/1.1" 304 - 11 Mozilla/5.0 (Windows NT 10.0; Win64; x64) AppleWebKit/537.36 (KHTML, like Gecko) Chrome/103.0.0.0 Safari/537.36
192.168.1.33 - - [24/Aug/2022:09:42:08 +0800] "GET /nacos/v1/cs/configs?search=accurate&dataId=&group=&appName=&config_tags=&pageNo=1&pageSize=10&tenant=&accessToken=&namespaceId= HTTP/1.1" 200 76 37 Mozilla/5.0 (Windows NT 10.0; Win64; x64) AppleWebKit/537.36 (KHTML, like Gecko) Chrome/103.0.0.0 Safari/537.36
192.168.1.33 - - [24/Aug/2022:09:42:08 +0800] "PUT /nacos/v1/ns/instance/beat?app=unknown&namespaceId=30a7f7f1-f414-4acc-8a4b-bbb5808727d5&port=9999&clusterName=DEFAULT&ip=192.168.255.1&serviceName=example%40%40mftcc-rule-server&encoding=UTF-8 HTTP/1.1" 200 75 1 Nacos-Java-Client:v1.2.1
192.168.255.1 - - [24/Aug/2022:09:42:08 +0800] "GET /nacos/v1/cs/health HTTP/1.1" 200 2 2 Apache-HttpAsyncClient/4.1.3 (Java/1.8.0_144)
127.0.0.1 - - [24/Aug/2022:09:42:09 +0800] "PUT /nacos/v1/ns/instance/beat?app=mftcc-example-server&namespaceId=30a7f7f1-f414-4acc-8a4b-bbb5808727d5&port=8060&clusterName=DEFAULT&ip=192.168.255.1&serviceName=example%40%40mftcc-example-server&encoding=UTF-8 HTTP/1.1" 200 75 1 Nacos-Java-Client:v1.2.1
127.0.0.1 - - [24/Aug/2022:09:42:09 +0800] "PUT /nacos/v1/ns/instance/beat?app=mftcc-sys-server&namespaceId=30a7f7f1-f414-4acc-8a4b-bbb5808727d5&port=8071&clusterName=DEFAULT&ip=192.168.255.1&serviceName=example%40%40mftcc-sys-server&encoding=UTF-8 HTTP/1.1" 200 75 1 Nacos-Java-Client:v1.2.1
192.168.1.33 - - [24/Aug/2022:09:42:09 +0800] "GET /nacos/v1/cs/configs?search=accurate&dataId=&group=&appName=&config_tags=&pageNo=1&pageSize=10&tenant=30a7f7f1-f414-4acc-8a4b-bbb5808727d5&accessToken=&namespaceId=30a7f7f1-f414-4acc-8a4b-bbb5808727d5 HTTP/1.1" 200 12692 25 Mozilla/5.0 (Windows NT 10.0; Win64; x64) AppleWebKit/537.36 (KHTML, like Gecko) Chrome/103.0.0.0 Safari/537.36
192.168.1.33 - - [24/Aug/2022:09:42:12 +0800] "GET /nacos/v1/ns/catalog/services?hasIpCount=true&withInstances=false&pageNo=1&pageSize=10&serviceNameParam=&groupNameParam=&accessToken=&namespaceId= HTTP/1.1" 200 39 5 Mozilla/5.0 (Windows NT 10.0; Win64; x64) AppleWebKit/537.36 (KHTML, like Gecko) Chrome/103.0.0.0 Safari/537.36
127.0.0.1 - - [24/Aug/2022:09:42:12 +0800] "PUT /nacos/v1/ns/instance/beat?app=unknown&namespaceId=30a7f7f1-f414-4acc-8a4b-bbb5808727d5&port=7019&clusterName=DEFAULT&ip=192.168.255.1&serviceName=example%40%40mftcc-gateway&encoding=UTF-8 HTTP/1.1" 200 75 3 Nacos-Java-Client:v1.2.1
192.168.1.33 - - [24/Aug/2022:09:42:13 +0800] "GET /nacos/v1/ns/catalog/services?hasIpCount=true&withInstances=false&pageNo=1&pageSize=10&serviceNameParam=&groupNameParam=&accessToken=&namespaceId=30a7f7f1-f414-4acc-8a4b-bbb5808727d5 HTTP/1.1" 200 545 4 Mozilla/5.0 (Windows NT 10.0; Win64; x64) AppleWebKit/537.36 (KHTML, like Gecko) Chrome/103.0.0.0 Safari/537.36
192.168.1.33 - - [24/Aug/2022:09:42:13 +0800] "PUT /nacos/v1/ns/instance/beat?app=unknown&namespaceId=30a7f7f1-f414-4acc-8a4b-bbb5808727d5&port=9999&clusterName=DEFAULT&ip=192.168.255.1&serviceName=example%40%40mftcc-rule-server&encoding=UTF-8 HTTP/1.1" 200 75 5 Nacos-Java-Client:v1.2.1
192.168.255.1 - - [24/Aug/2022:09:42:13 +0800] "GET /nacos/v1/cs/health HTTP/1.1" 200 2 1 Apache-HttpAsyncClient/4.1.3 (Java/1.8.0_144)
127.0.0.1 - - [24/Aug/2022:09:42:13 +0800] "GET /nacos/v1/ns/instance/list?app=unknown&healthyOnly=false&namespaceId=30a7f7f1-f414-4acc-8a4b-bbb5808727d5&clientIP=192.168.72.1&serviceName=example%40%40mftcc-gateway&udpPort=64166&encoding=UTF-8 HTTP/1.1" 200 548 2 Nacos-Java-Client:v1.2.1
127.0.0.1 - - [24/Aug/2022:09:42:14 +0800] "PUT /nacos/v1/ns/instance/beat?app=mftcc-example-server&namespaceId=30a7f7f1-f414-4acc-8a4b-bbb5808727d5&port=8060&clusterName=DEFAULT&ip=192.168.255.1&serviceName=example%40%40mftcc-example-server&encoding=UTF-8 HTTP/1.1" 200 75 6 Nacos-Java-Client:v1.2.1
127.0.0.1 - - [24/Aug/2022:09:42:14 +0800] "PUT /nacos/v1/ns/instance/beat?app=mftcc-sys-server&namespaceId=30a7f7f1-f414-4acc-8a4b-bbb5808727d5&port=8071&clusterName=DEFAULT&ip=192.168.255.1&serviceName=example%40%40mftcc-sys-server&encoding=UTF-8 HTTP/1.1" 200 75 1 Nacos-Java-Client:v1.2.1
127.0.0.1 - - [24/Aug/2022:09:42:16 +0800] "GET /nacos/v1/ns/service/list?app=unknown&pageSize=2147483647&groupName=example&encoding=UTF-8&namespaceId=30a7f7f1-f414-4acc-8a4b-bbb5808727d5&pageNo=1 HTTP/1.1" 200 109 7 Nacos-Java-Client:v1.2.1
127.0.0.1 - - [24/Aug/2022:09:42:16 +0800] "GET /nacos/v1/ns/instance/list?app=unknown&healthyOnly=false&namespaceId=30a7f7f1-f414-4acc-8a4b-bbb5808727d5&clientIP=192.168.72.1&serviceName=example%40%40mftcc-rule-server&udpPort=64166&encoding=UTF-8 HTTP/1.1" 200 564 7 Nacos-Java-Client:v1.2.1
127.0.0.1 - - [24/Aug/2022:09:42:17 +0800] "GET /nacos/v1/ns/instance/list?app=unknown&healthyOnly=false&namespaceId=30a7f7f1-f414-4acc-8a4b-bbb5808727d5&clientIP=192.168.72.1&serviceName=example%40%40mftcc-rule-server&udpPort=64166&encoding=UTF-8 HTTP/1.1" 200 564 1 Nacos-Java-Client:v1.2.1
127.0.0.1 - - [24/Aug/2022:09:42:17 +0800] "PUT /nacos/v1/ns/instance/beat?app=unknown&namespaceId=30a7f7f1-f414-4acc-8a4b-bbb5808727d5&port=7019&clusterName=DEFAULT&ip=192.168.255.1&serviceName=example%40%40mftcc-gateway&encoding=UTF-8 HTTP/1.1" 200 75 2 Nacos-Java-Client:v1.2.1
127.0.0.1 - - [24/Aug/2022:09:42:18 +0800] "GET /nacos/v1/ns/instance/list?app=unknown&healthyOnly=false&namespaceId=30a7f7f1-f414-4acc-8a4b-bbb5808727d5&clientIP=192.168.72.1&serviceName=example%40%40mftcc-sys-server&udpPort=64166&encoding=UTF-8 HTTP/1.1" 200 560 5 Nacos-Java-Client:v1.2.1
127.0.0.1 - - [24/Aug/2022:09:42:18 +0800] "GET /nacos/v1/ns/instance/list?app=unknown&healthyOnly=false&namespaceId=30a7f7f1-f414-4acc-8a4b-bbb5808727d5&clientIP=192.168.72.1&serviceName=example%40%40mftcc-example-server&udpPort=64166&encoding=UTF-8 HTTP/1.1" 200 576 4 Nacos-Java-Client:v1.2.1
127.0.0.1 - - [24/Aug/2022:09:42:18 +0800] "POST /nacos/v1/cs/configs/listener HTTP/1.1" 200 - 29515 Java/1.8.0_144
192.168.1.33 - - [24/Aug/2022:09:42:18 +0800] "GET /nacos/console-fe/public/js/vs/language/json/jsonMode.js HTTP/1.1" 200 36549 6 Mozilla/5.0 (Windows NT 10.0; Win64; x64) AppleWebKit/537.36 (KHTML, like Gecko) Chrome/103.0.0.0 Safari/537.36
192.168.1.33 - - [24/Aug/2022:09:42:18 +0800] "GET /nacos/v1/ns/catalog/service?serviceName=mftcc-rule-server&groupName=example&accessToken=&namespaceId=30a7f7f1-f414-4acc-8a4b-bbb5808727d5 HTTP/1.1" 200 320 7 Mozilla/5.0 (Windows NT 10.0; Win64; x64) AppleWebKit/537.36 (KHTML, like Gecko) Chrome/103.0.0.0 Safari/537.36
192.168.1.33 - - [24/Aug/2022:09:42:18 +0800] "POST /nacos/v1/cs/configs/listener HTTP/1.1" 200 - 29513 Java/1.8.0_144
192.168.1.33 - - [24/Aug/2022:09:42:18 +0800] "GET /nacos/console-fe/public/js/vs/base/worker/workerMain.js HTTP/1.1" 304 - 6 Mozilla/5.0 (Windows NT 10.0; Win64; x64) AppleWebKit/537.36 (KHTML, like Gecko) Chrome/103.0.0.0 Safari/537.36
192.168.1.33 - - [24/Aug/2022:09:42:18 +0800] "GET /nacos/v1/ns/catalog/instances?&accessToken=&serviceName=mftcc-rule-server&clusterName=DEFAULT&groupName=example&pageSize=10&pageNo=1&namespaceId=30a7f7f1-f414-4acc-8a4b-bbb5808727d5 HTTP/1.1" 200 653 11 Mozilla/5.0 (Windows NT 10.0; Win64; x64) AppleWebKit/537.36 (KHTML, like Gecko) Chrome/103.0.0.0 Safari/537.36
192.168.1.33 - - [24/Aug/2022:09:42:18 +0800] "GET /nacos/console-fe/public/js/vs/language/json/jsonWorker.js HTTP/1.1" 200 93035 5 Mozilla/5.0 (Windows NT 10.0; Win64; x64) AppleWebKit/537.36 (KHTML, like Gecko) Chrome/103.0.0.0 Safari/537.36
192.168.1.33 - - [24/Aug/2022:09:42:18 +0800] "PUT /nacos/v1/ns/instance/beat?app=unknown&namespaceId=30a7f7f1-f414-4acc-8a4b-bbb5808727d5&port=9999&clusterName=DEFAULT&ip=192.168.255.1&serviceName=example%40%40mftcc-rule-server&encoding=UTF-8 HTTP/1.1" 200 75 2 Nacos-Java-Client:v1.2.1
192.168.255.1 - - [24/Aug/2022:09:42:18 +0800] "GET /nacos/v1/cs/health HTTP/1.1" 200 2 2 Apache-HttpAsyncClient/4.1.3 (Java/1.8.0_144)
127.0.0.1 - - [24/Aug/2022:09:42:19 +0800] "PUT /nacos/v1/ns/instance/beat?app=mftcc-example-server&namespaceId=30a7f7f1-f414-4acc-8a4b-bbb5808727d5&port=8060&clusterName=DEFAULT&ip=192.168.255.1&serviceName=example%40%40mftcc-example-server&encoding=UTF-8 HTTP/1.1" 200 75 2 Nacos-Java-Client:v1.2.1
127.0.0.1 - - [24/Aug/2022:09:42:19 +0800] "PUT /nacos/v1/ns/instance/beat?app=mftcc-sys-server&namespaceId=30a7f7f1-f414-4acc-8a4b-bbb5808727d5&port=8071&clusterName=DEFAULT&ip=192.168.255.1&serviceName=example%40%40mftcc-sys-server&encoding=UTF-8 HTTP/1.1" 200 75 2 Nacos-Java-Client:v1.2.1
192.168.1.33 - - [24/Aug/2022:09:42:20 +0800] "GET /nacos/v1/ns/catalog/services?hasIpCount=true&withInstances=false&pageNo=1&pageSize=10&serviceNameParam=&groupNameParam=&accessToken=&namespaceId=30a7f7f1-f414-4acc-8a4b-bbb5808727d5 HTTP/1.1" 200 545 3 Mozilla/5.0 (Windows NT 10.0; Win64; x64) AppleWebKit/537.36 (KHTML, like Gecko) Chrome/103.0.0.0 Safari/537.36
127.0.0.1 - - [24/Aug/2022:09:42:20 +0800] "POST /nacos/v1/cs/configs/listener HTTP/1.1" 200 - 29515 Java/1.8.0_144
127.0.0.1 - - [24/Aug/2022:09:42:22 +0800] "PUT /nacos/v1/ns/instance/beat?app=unknown&namespaceId=30a7f7f1-f414-4acc-8a4b-bbb5808727d5&port=7019&clusterName=DEFAULT&ip=192.168.255.1&serviceName=example%40%40mftcc-gateway&encoding=UTF-8 HTTP/1.1" 200 75 1 Nacos-Java-Client:v1.2.1
192.168.1.33 - - [24/Aug/2022:09:42:23 +0800] "GET /nacos/v1/cs/configs?search=accurate&dataId=&group=&appName=&config_tags=&pageNo=1&pageSize=10&tenant=30a7f7f1-f414-4acc-8a4b-bbb5808727d5&accessToken=&namespaceId=30a7f7f1-f414-4acc-8a4b-bbb5808727d5 HTTP/1.1" 200 12692 56 Mozilla/5.0 (Windows NT 10.0; Win64; x64) AppleWebKit/537.36 (KHTML, like Gecko) Chrome/103.0.0.0 Safari/537.36
192.168.1.33 - - [24/Aug/2022:09:42:23 +0800] "PUT /nacos/v1/ns/instance/beat?app=unknown&namespaceId=30a7f7f1-f414-4acc-8a4b-bbb5808727d5&port=9999&clusterName=DEFAULT&ip=192.168.255.1&serviceName=example%40%40mftcc-rule-server&encoding=UTF-8 HTTP/1.1" 200 75 1 Nacos-Java-Client:v1.2.1
192.168.255.1 - - [24/Aug/2022:09:42:23 +0800] "GET /nacos/v1/cs/health HTTP/1.1" 200 2 1 Apache-HttpAsyncClient/4.1.3 (Java/1.8.0_144)
127.0.0.1 - - [24/Aug/2022:09:42:23 +0800] "GET /nacos/v1/ns/instance/list?app=unknown&healthyOnly=false&namespaceId=30a7f7f1-f414-4acc-8a4b-bbb5808727d5&clientIP=192.168.72.1&serviceName=example%40%40mftcc-gateway&udpPort=64166&encoding=UTF-8 HTTP/1.1" 200 548 1 Nacos-Java-Client:v1.2.1
127.0.0.1 - - [24/Aug/2022:09:42:24 +0800] "PUT /nacos/v1/ns/instance/beat?app=mftcc-example-server&namespaceId=30a7f7f1-f414-4acc-8a4b-bbb5808727d5&port=8060&clusterName=DEFAULT&ip=192.168.255.1&serviceName=example%40%40mftcc-example-server&encoding=UTF-8 HTTP/1.1" 200 75 1 Nacos-Java-Client:v1.2.1
127.0.0.1 - - [24/Aug/2022:09:42:24 +0800] "PUT /nacos/v1/ns/instance/beat?app=mftcc-sys-server&namespaceId=30a7f7f1-f414-4acc-8a4b-bbb5808727d5&port=8071&clusterName=DEFAULT&ip=192.168.255.1&serviceName=example%40%40mftcc-sys-server&encoding=UTF-8 HTTP/1.1" 200 75 2 Nacos-Java-Client:v1.2.1
192.168.1.33 - - [24/Aug/2022:09:42:26 +0800] "GET /nacos/v1/cs/configs?dataId=mftcc-rule-server.yml&group=example&namespaceId=30a7f7f1-f414-4acc-8a4b-bbb5808727d5&tenant=30a7f7f1-f414-4acc-8a4b-bbb5808727d5&beta=true&accessToken= HTTP/1.1" 200 60 9 Mozilla/5.0 (Windows NT 10.0; Win64; x64) AppleWebKit/537.36 (KHTML, like Gecko) Chrome/103.0.0.0 Safari/537.36
192.168.1.33 - - [24/Aug/2022:09:42:26 +0800] "GET /nacos/v1/cs/configs?dataId=mftcc-rule-server.yml&group=example&namespaceId=30a7f7f1-f414-4acc-8a4b-bbb5808727d5&tenant=30a7f7f1-f414-4acc-8a4b-bbb5808727d5&show=all&accessToken= HTTP/1.1" 200 6201 31 Mozilla/5.0 (Windows NT 10.0; Win64; x64) AppleWebKit/537.36 (KHTML, like Gecko) Chrome/103.0.0.0 Safari/537.36
192.168.1.33 - - [24/Aug/2022:09:42:26 +0800] "GET /nacos/console-fe/public/js/vs/basic-languages/src/yaml.js HTTP/1.1" 304 - 3 Mozilla/5.0 (Windows NT 10.0; Win64; x64) AppleWebKit/537.36 (KHTML, like Gecko) Chrome/103.0.0.0 Safari/537.36
127.0.0.1 - - [24/Aug/2022:09:42:27 +0800] "GET /nacos/v1/ns/instance/list?app=unknown&healthyOnly=false&namespaceId=30a7f7f1-f414-4acc-8a4b-bbb5808727d5&clientIP=192.168.72.1&serviceName=example%40%40mftcc-rule-server&udpPort=64166&encoding=UTF-8 HTTP/1.1" 200 564 5 Nacos-Java-Client:v1.2.1
127.0.0.1 - - [24/Aug/2022:09:42:27 +0800] "PUT /nacos/v1/ns/instance/beat?app=unknown&namespaceId=30a7f7f1-f414-4acc-8a4b-bbb5808727d5&port=7019&clusterName=DEFAULT&ip=192.168.255.1&serviceName=example%40%40mftcc-gateway&encoding=UTF-8 HTTP/1.1" 200 75 2 Nacos-Java-Client:v1.2.1
127.0.0.1 - - [24/Aug/2022:09:42:28 +0800] "GET /nacos/v1/ns/instance/list?app=unknown&healthyOnly=false&namespaceId=30a7f7f1-f414-4acc-8a4b-bbb5808727d5&clientIP=192.168.72.1&serviceName=example%40%40mftcc-sys-server&udpPort=64166&encoding=UTF-8 HTTP/1.1" 200 560 3 Nacos-Java-Client:v1.2.1
127.0.0.1 - - [24/Aug/2022:09:42:28 +0800] "GET /nacos/v1/ns/instance/list?app=unknown&healthyOnly=false&namespaceId=30a7f7f1-f414-4acc-8a4b-bbb5808727d5&clientIP=192.168.72.1&serviceName=example%40%40mftcc-example-server&udpPort=64166&encoding=UTF-8 HTTP/1.1" 200 576 3 Nacos-Java-Client:v1.2.1
192.168.1.33 - - [24/Aug/2022:09:42:28 +0800] "POST /nacos/v1/cs/configs/listener HTTP/1.1" 200 - 29518 Java/1.8.0_144
192.168.1.33 - - [24/Aug/2022:09:42:28 +0800] "PUT /nacos/v1/ns/instance/beat?app=unknown&namespaceId=30a7f7f1-f414-4acc-8a4b-bbb5808727d5&port=9999&clusterName=DEFAULT&ip=192.168.255.1&serviceName=example%40%40mftcc-rule-server&encoding=UTF-8 HTTP/1.1" 200 75 5 Nacos-Java-Client:v1.2.1
192.168.255.1 - - [24/Aug/2022:09:42:28 +0800] "GET /nacos/v1/cs/health HTTP/1.1" 200 2 3 Apache-HttpAsyncClient/4.1.3 (Java/1.8.0_144)
127.0.0.1 - - [24/Aug/2022:09:42:29 +0800] "PUT /nacos/v1/ns/instance/beat?app=mftcc-example-server&namespaceId=30a7f7f1-f414-4acc-8a4b-bbb5808727d5&port=8060&clusterName=DEFAULT&ip=192.168.255.1&serviceName=example%40%40mftcc-example-server&encoding=UTF-8 HTTP/1.1" 200 75 2 Nacos-Java-Client:v1.2.1
127.0.0.1 - - [24/Aug/2022:09:42:29 +0800] "PUT /nacos/v1/ns/instance/beat?app=mftcc-sys-server&namespaceId=30a7f7f1-f414-4acc-8a4b-bbb5808727d5&port=8071&clusterName=DEFAULT&ip=192.168.255.1&serviceName=example%40%40mftcc-sys-server&encoding=UTF-8 HTTP/1.1" 200 75 4 Nacos-Java-Client:v1.2.1
127.0.0.1 - - [24/Aug/2022:09:42:32 +0800] "PUT /nacos/v1/ns/instance/beat?app=unknown&namespaceId=30a7f7f1-f414-4acc-8a4b-bbb5808727d5&port=7019&clusterName=DEFAULT&ip=192.168.255.1&serviceName=example%40%40mftcc-gateway&encoding=UTF-8 HTTP/1.1" 200 75 3 Nacos-Java-Client:v1.2.1
192.168.1.33 - - [24/Aug/2022:09:42:33 +0800] "PUT /nacos/v1/ns/instance/beat?app=unknown&namespaceId=30a7f7f1-f414-4acc-8a4b-bbb5808727d5&port=9999&clusterName=DEFAULT&ip=192.168.255.1&serviceName=example%40%40mftcc-rule-server&encoding=UTF-8 HTTP/1.1" 200 75 5 Nacos-Java-Client:v1.2.1
192.168.255.1 - - [24/Aug/2022:09:42:33 +0800] "GET /nacos/v1/cs/health HTTP/1.1" 200 2 4 Apache-HttpAsyncClient/4.1.3 (Java/1.8.0_144)
127.0.0.1 - - [24/Aug/2022:09:42:33 +0800] "GET /nacos/v1/ns/instance/list?app=unknown&healthyOnly=false&namespaceId=30a7f7f1-f414-4acc-8a4b-bbb5808727d5&clientIP=192.168.72.1&serviceName=example%40%40mftcc-gateway&udpPort=64166&encoding=UTF-8 HTTP/1.1" 200 548 8 Nacos-Java-Client:v1.2.1
127.0.0.1 - - [24/Aug/2022:09:42:34 +0800] "PUT /nacos/v1/ns/instance/beat?app=mftcc-example-server&namespaceId=30a7f7f1-f414-4acc-8a4b-bbb5808727d5&port=8060&clusterName=DEFAULT&ip=192.168.255.1&serviceName=example%40%40mftcc-example-server&encoding=UTF-8 HTTP/1.1" 200 75 2 Nacos-Java-Client:v1.2.1
127.0.0.1 - - [24/Aug/2022:09:42:34 +0800] "PUT /nacos/v1/ns/instance/beat?app=mftcc-sys-server&namespaceId=30a7f7f1-f414-4acc-8a4b-bbb5808727d5&port=8071&clusterName=DEFAULT&ip=192.168.255.1&serviceName=example%40%40mftcc-sys-server&encoding=UTF-8 HTTP/1.1" 200 75 3 Nacos-Java-Client:v1.2.1
127.0.0.1 - - [24/Aug/2022:09:42:37 +0800] "GET /nacos/v1/ns/instance/list?app=unknown&healthyOnly=false&namespaceId=30a7f7f1-f414-4acc-8a4b-bbb5808727d5&clientIP=192.168.72.1&serviceName=example%40%40mftcc-rule-server&udpPort=64166&encoding=UTF-8 HTTP/1.1" 200 564 2 Nacos-Java-Client:v1.2.1
127.0.0.1 - - [24/Aug/2022:09:42:37 +0800] "PUT /nacos/v1/ns/instance/beat?app=unknown&namespaceId=30a7f7f1-f414-4acc-8a4b-bbb5808727d5&port=7019&clusterName=DEFAULT&ip=192.168.255.1&serviceName=example%40%40mftcc-gateway&encoding=UTF-8 HTTP/1.1" 200 75 5 Nacos-Java-Client:v1.2.1
127.0.0.1 - - [24/Aug/2022:09:42:38 +0800] "GET /nacos/v1/ns/instance/list?app=unknown&healthyOnly=false&namespaceId=30a7f7f1-f414-4acc-8a4b-bbb5808727d5&clientIP=192.168.72.1&serviceName=example%40%40mftcc-example-server&udpPort=64166&encoding=UTF-8 HTTP/1.1" 200 576 2 Nacos-Java-Client:v1.2.1
127.0.0.1 - - [24/Aug/2022:09:42:38 +0800] "GET /nacos/v1/ns/instance/list?app=unknown&healthyOnly=false&namespaceId=30a7f7f1-f414-4acc-8a4b-bbb5808727d5&clientIP=192.168.72.1&serviceName=example%40%40mftcc-sys-server&udpPort=64166&encoding=UTF-8 HTTP/1.1" 200 560 1 Nacos-Java-Client:v1.2.1
