127.0.0.1 - - [19/Aug/2022:11:10:47 +0800] "GET /nacos/v1/ns/instance/list?app=unknown&healthyOnly=false&namespaceId=30a7f7f1-f414-4acc-8a4b-bbb5808727d5&clientIP=192.168.72.1&serviceName=example%40%40mftcc-gateway&udpPort=64741&encoding=UTF-8 HTTP/1.1" 200 548 4 Nacos-Java-Client:v1.2.1
192.168.255.1 - - [19/Aug/2022:11:10:48 +0800] "GET /nacos/v1/cs/health HTTP/1.1" 200 2 10 Apache-HttpAsyncClient/4.1.3 (Java/1.8.0_144)
127.0.0.1 - - [19/Aug/2022:11:10:49 +0800] "PUT /nacos/v1/ns/instance/beat?app=mftcc-example-server&namespaceId=30a7f7f1-f414-4acc-8a4b-bbb5808727d5&port=8060&clusterName=DEFAULT&ip=192.168.255.1&serviceName=example%40%40mftcc-example-server&encoding=UTF-8 HTTP/1.1" 200 75 2 Nacos-Java-Client:v1.2.1
127.0.0.1 - - [19/Aug/2022:11:10:49 +0800] "POST /nacos/v1/cs/configs/listener HTTP/1.1" 200 - 29511 Java/1.8.0_144
127.0.0.1 - - [19/Aug/2022:11:10:51 +0800] "PUT /nacos/v1/ns/instance/beat?app=unknown&namespaceId=30a7f7f1-f414-4acc-8a4b-bbb5808727d5&port=7019&clusterName=DEFAULT&ip=192.168.255.1&serviceName=example%40%40mftcc-gateway&encoding=UTF-8 HTTP/1.1" 200 75 3 Nacos-Java-Client:v1.2.1
127.0.0.1 - - [19/Aug/2022:11:10:51 +0800] "PUT /nacos/v1/ns/instance/beat?app=mftcc-sys-server&namespaceId=30a7f7f1-f414-4acc-8a4b-bbb5808727d5&port=8071&clusterName=DEFAULT&ip=192.168.255.1&serviceName=example%40%40mftcc-sys-server&encoding=UTF-8 HTTP/1.1" 200 75 3 Nacos-Java-Client:v1.2.1
127.0.0.1 - - [19/Aug/2022:11:10:51 +0800] "POST /nacos/v1/cs/configs/listener HTTP/1.1" 200 - 29506 Java/1.8.0_144
127.0.0.1 - - [19/Aug/2022:11:10:51 +0800] "GET /nacos/v1/ns/instance/list?app=unknown&healthyOnly=false&namespaceId=30a7f7f1-f414-4acc-8a4b-bbb5808727d5&clientIP=192.168.72.1&serviceName=example%40%40mftcc-example-server&udpPort=64741&encoding=UTF-8 HTTP/1.1" 200 576 2 Nacos-Java-Client:v1.2.1
127.0.0.1 - - [19/Aug/2022:11:10:51 +0800] "GET /nacos/v1/ns/instance/list?app=unknown&healthyOnly=false&namespaceId=30a7f7f1-f414-4acc-8a4b-bbb5808727d5&clientIP=192.168.72.1&serviceName=example%40%40mftcc-sys-server&udpPort=64741&encoding=UTF-8 HTTP/1.1" 200 560 3 Nacos-Java-Client:v1.2.1
192.168.255.1 - - [19/Aug/2022:11:10:53 +0800] "GET /nacos/v1/cs/health HTTP/1.1" 200 2 5 Apache-HttpAsyncClient/4.1.3 (Java/1.8.0_144)
127.0.0.1 - - [19/Aug/2022:11:10:54 +0800] "PUT /nacos/v1/ns/instance/beat?app=mftcc-example-server&namespaceId=30a7f7f1-f414-4acc-8a4b-bbb5808727d5&port=8060&clusterName=DEFAULT&ip=192.168.255.1&serviceName=example%40%40mftcc-example-server&encoding=UTF-8 HTTP/1.1" 200 75 3 Nacos-Java-Client:v1.2.1
127.0.0.1 - - [19/Aug/2022:11:10:56 +0800] "PUT /nacos/v1/ns/instance/beat?app=unknown&namespaceId=30a7f7f1-f414-4acc-8a4b-bbb5808727d5&port=7019&clusterName=DEFAULT&ip=192.168.255.1&serviceName=example%40%40mftcc-gateway&encoding=UTF-8 HTTP/1.1" 200 75 3 Nacos-Java-Client:v1.2.1
127.0.0.1 - - [19/Aug/2022:11:10:56 +0800] "PUT /nacos/v1/ns/instance/beat?app=mftcc-sys-server&namespaceId=30a7f7f1-f414-4acc-8a4b-bbb5808727d5&port=8071&clusterName=DEFAULT&ip=192.168.255.1&serviceName=example%40%40mftcc-sys-server&encoding=UTF-8 HTTP/1.1" 200 75 3 Nacos-Java-Client:v1.2.1
127.0.0.1 - - [19/Aug/2022:11:10:57 +0800] "GET /nacos/v1/ns/instance/list?app=unknown&healthyOnly=false&namespaceId=30a7f7f1-f414-4acc-8a4b-bbb5808727d5&clientIP=192.168.72.1&serviceName=example%40%40mftcc-gateway&udpPort=64741&encoding=UTF-8 HTTP/1.1" 200 548 3 Nacos-Java-Client:v1.2.1
192.168.255.1 - - [19/Aug/2022:11:10:58 +0800] "GET /nacos/v1/cs/health HTTP/1.1" 200 2 3 Apache-HttpAsyncClient/4.1.3 (Java/1.8.0_144)
127.0.0.1 - - [19/Aug/2022:11:10:59 +0800] "PUT /nacos/v1/ns/instance/beat?app=mftcc-example-server&namespaceId=30a7f7f1-f414-4acc-8a4b-bbb5808727d5&port=8060&clusterName=DEFAULT&ip=192.168.255.1&serviceName=example%40%40mftcc-example-server&encoding=UTF-8 HTTP/1.1" 200 75 3 Nacos-Java-Client:v1.2.1
127.0.0.1 - - [19/Aug/2022:11:11:00 +0800] "GET /nacos/v1/ns/service/list?app=unknown&pageSize=2147483647&groupName=example&encoding=UTF-8&namespaceId=30a7f7f1-f414-4acc-8a4b-bbb5808727d5&pageNo=1 HTTP/1.1" 200 89 3 Nacos-Java-Client:v1.2.1
127.0.0.1 - - [19/Aug/2022:11:11:01 +0800] "PUT /nacos/v1/ns/instance/beat?app=unknown&namespaceId=30a7f7f1-f414-4acc-8a4b-bbb5808727d5&port=7019&clusterName=DEFAULT&ip=192.168.255.1&serviceName=example%40%40mftcc-gateway&encoding=UTF-8 HTTP/1.1" 200 75 2 Nacos-Java-Client:v1.2.1
127.0.0.1 - - [19/Aug/2022:11:11:01 +0800] "PUT /nacos/v1/ns/instance/beat?app=mftcc-sys-server&namespaceId=30a7f7f1-f414-4acc-8a4b-bbb5808727d5&port=8071&clusterName=DEFAULT&ip=192.168.255.1&serviceName=example%40%40mftcc-sys-server&encoding=UTF-8 HTTP/1.1" 200 75 2 Nacos-Java-Client:v1.2.1
127.0.0.1 - - [19/Aug/2022:11:11:01 +0800] "GET /nacos/v1/ns/instance/list?app=unknown&healthyOnly=false&namespaceId=30a7f7f1-f414-4acc-8a4b-bbb5808727d5&clientIP=192.168.72.1&serviceName=example%40%40mftcc-example-server&udpPort=64741&encoding=UTF-8 HTTP/1.1" 200 576 2 Nacos-Java-Client:v1.2.1
127.0.0.1 - - [19/Aug/2022:11:11:01 +0800] "GET /nacos/v1/ns/instance/list?app=unknown&healthyOnly=false&namespaceId=30a7f7f1-f414-4acc-8a4b-bbb5808727d5&clientIP=192.168.72.1&serviceName=example%40%40mftcc-sys-server&udpPort=64741&encoding=UTF-8 HTTP/1.1" 200 560 3 Nacos-Java-Client:v1.2.1
127.0.0.1 - - [19/Aug/2022:11:11:03 +0800] "POST /nacos/v1/cs/configs/listener HTTP/1.1" 200 - 29515 Java/1.8.0_144
192.168.255.1 - - [19/Aug/2022:11:11:03 +0800] "GET /nacos/v1/cs/health HTTP/1.1" 200 2 1 Apache-HttpAsyncClient/4.1.3 (Java/1.8.0_144)
127.0.0.1 - - [19/Aug/2022:11:11:04 +0800] "PUT /nacos/v1/ns/instance/beat?app=mftcc-example-server&namespaceId=30a7f7f1-f414-4acc-8a4b-bbb5808727d5&port=8060&clusterName=DEFAULT&ip=192.168.255.1&serviceName=example%40%40mftcc-example-server&encoding=UTF-8 HTTP/1.1" 200 75 1 Nacos-Java-Client:v1.2.1
127.0.0.1 - - [19/Aug/2022:11:11:06 +0800] "PUT /nacos/v1/ns/instance/beat?app=unknown&namespaceId=30a7f7f1-f414-4acc-8a4b-bbb5808727d5&port=7019&clusterName=DEFAULT&ip=192.168.255.1&serviceName=example%40%40mftcc-gateway&encoding=UTF-8 HTTP/1.1" 200 75 2 Nacos-Java-Client:v1.2.1
127.0.0.1 - - [19/Aug/2022:11:11:06 +0800] "PUT /nacos/v1/ns/instance/beat?app=mftcc-sys-server&namespaceId=30a7f7f1-f414-4acc-8a4b-bbb5808727d5&port=8071&clusterName=DEFAULT&ip=192.168.255.1&serviceName=example%40%40mftcc-sys-server&encoding=UTF-8 HTTP/1.1" 200 75 2 Nacos-Java-Client:v1.2.1
127.0.0.1 - - [19/Aug/2022:11:11:07 +0800] "GET /nacos/v1/ns/instance/list?app=unknown&healthyOnly=false&namespaceId=30a7f7f1-f414-4acc-8a4b-bbb5808727d5&clientIP=192.168.72.1&serviceName=example%40%40mftcc-gateway&udpPort=64741&encoding=UTF-8 HTTP/1.1" 200 548 3 Nacos-Java-Client:v1.2.1
192.168.255.1 - - [19/Aug/2022:11:11:07 +0800] "GET /nacos/index.html HTTP/1.1" 304 - 10 Mozilla/5.0 (Windows NT 10.0; Win64; x64) AppleWebKit/537.36 (KHTML, like Gecko) Chrome/103.0.0.0 Safari/537.36
192.168.255.1 - - [19/Aug/2022:11:11:07 +0800] "GET /nacos/console-fe/public/css/bootstrap.css HTTP/1.1" 304 - 8 Mozilla/5.0 (Windows NT 10.0; Win64; x64) AppleWebKit/537.36 (KHTML, like Gecko) Chrome/103.0.0.0 Safari/537.36
192.168.255.1 - - [19/Aug/2022:11:11:07 +0800] "GET /nacos/console-fe/public/css/console1412.css HTTP/1.1" 304 - 11 Mozilla/5.0 (Windows NT 10.0; Win64; x64) AppleWebKit/537.36 (KHTML, like Gecko) Chrome/103.0.0.0 Safari/537.36
192.168.255.1 - - [19/Aug/2022:11:11:07 +0800] "GET /nacos/console-fe/public/css/icon.css HTTP/1.1" 304 - 6 Mozilla/5.0 (Windows NT 10.0; Win64; x64) AppleWebKit/537.36 (KHTML, like Gecko) Chrome/103.0.0.0 Safari/537.36
192.168.255.1 - - [19/Aug/2022:11:11:07 +0800] "GET /nacos/console-fe/public/css/codemirror.css HTTP/1.1" 304 - 9 Mozilla/5.0 (Windows NT 10.0; Win64; x64) AppleWebKit/537.36 (KHTML, like Gecko) Chrome/103.0.0.0 Safari/537.36
192.168.255.1 - - [19/Aug/2022:11:11:07 +0800] "GET /nacos/console-fe/public/css/merge.css HTTP/1.1" 304 - 8 Mozilla/5.0 (Windows NT 10.0; Win64; x64) AppleWebKit/537.36 (KHTML, like Gecko) Chrome/103.0.0.0 Safari/537.36
192.168.255.1 - - [19/Aug/2022:11:11:07 +0800] "GET /nacos/console-fe/public/js/jquery.js HTTP/1.1" 304 - 9 Mozilla/5.0 (Windows NT 10.0; Win64; x64) AppleWebKit/537.36 (KHTML, like Gecko) Chrome/103.0.0.0 Safari/537.36
192.168.255.1 - - [19/Aug/2022:11:11:07 +0800] "GET /nacos/console-fe/public/css/font-awesome.css HTTP/1.1" 304 - 8 Mozilla/5.0 (Windows NT 10.0; Win64; x64) AppleWebKit/537.36 (KHTML, like Gecko) Chrome/103.0.0.0 Safari/537.36
192.168.255.1 - - [19/Aug/2022:11:11:07 +0800] "GET /nacos/css/main.css HTTP/1.1" 304 - 9 Mozilla/5.0 (Windows NT 10.0; Win64; x64) AppleWebKit/537.36 (KHTML, like Gecko) Chrome/103.0.0.0 Safari/537.36
192.168.255.1 - - [19/Aug/2022:11:11:07 +0800] "GET /nacos/console-fe/public/js/codemirror.js HTTP/1.1" 304 - 5 Mozilla/5.0 (Windows NT 10.0; Win64; x64) AppleWebKit/537.36 (KHTML, like Gecko) Chrome/103.0.0.0 Safari/537.36
192.168.255.1 - - [19/Aug/2022:11:11:07 +0800] "GET /nacos/console-fe/public/js/xml.js HTTP/1.1" 304 - 4 Mozilla/5.0 (Windows NT 10.0; Win64; x64) AppleWebKit/537.36 (KHTML, like Gecko) Chrome/103.0.0.0 Safari/537.36
192.168.255.1 - - [19/Aug/2022:11:11:07 +0800] "GET /nacos/console-fe/public/js/codemirror.addone.fullscreen.js HTTP/1.1" 304 - 7 Mozilla/5.0 (Windows NT 10.0; Win64; x64) AppleWebKit/537.36 (KHTML, like Gecko) Chrome/103.0.0.0 Safari/537.36
192.168.255.1 - - [19/Aug/2022:11:11:07 +0800] "GET /nacos/console-fe/public/js/javascript.js HTTP/1.1" 304 - 12 Mozilla/5.0 (Windows NT 10.0; Win64; x64) AppleWebKit/537.36 (KHTML, like Gecko) Chrome/103.0.0.0 Safari/537.36
192.168.255.1 - - [19/Aug/2022:11:11:07 +0800] "GET /nacos/console-fe/public/js/codemirror.lib.json-lint.js HTTP/1.1" 304 - 9 Mozilla/5.0 (Windows NT 10.0; Win64; x64) AppleWebKit/537.36 (KHTML, like Gecko) Chrome/103.0.0.0 Safari/537.36
192.168.255.1 - - [19/Aug/2022:11:11:07 +0800] "GET /nacos/console-fe/public/js/codemirror.addone.lint.js HTTP/1.1" 304 - 10 Mozilla/5.0 (Windows NT 10.0; Win64; x64) AppleWebKit/537.36 (KHTML, like Gecko) Chrome/103.0.0.0 Safari/537.36
192.168.255.1 - - [19/Aug/2022:11:11:07 +0800] "GET /nacos/console-fe/public/js/codemirror.addone.json-lint.js HTTP/1.1" 304 - 15 Mozilla/5.0 (Windows NT 10.0; Win64; x64) AppleWebKit/537.36 (KHTML, like Gecko) Chrome/103.0.0.0 Safari/537.36
192.168.255.1 - - [19/Aug/2022:11:11:07 +0800] "GET /nacos/console-fe/public/js/codemirror.lib.clike-lint.js HTTP/1.1" 304 - 15 Mozilla/5.0 (Windows NT 10.0; Win64; x64) AppleWebKit/537.36 (KHTML, like Gecko) Chrome/103.0.0.0 Safari/537.36
192.168.255.1 - - [19/Aug/2022:11:11:07 +0800] "GET /nacos/js/main.js HTTP/1.1" 304 - 11 Mozilla/5.0 (Windows NT 10.0; Win64; x64) AppleWebKit/537.36 (KHTML, like Gecko) Chrome/103.0.0.0 Safari/537.36
192.168.255.1 - - [19/Aug/2022:11:11:07 +0800] "GET /nacos/console-fe/public/js/merge.js HTTP/1.1" 304 - 15 Mozilla/5.0 (Windows NT 10.0; Win64; x64) AppleWebKit/537.36 (KHTML, like Gecko) Chrome/103.0.0.0 Safari/537.36
192.168.255.1 - - [19/Aug/2022:11:11:07 +0800] "GET /nacos/console-fe/public/js/diff_match_patch.js HTTP/1.1" 304 - 17 Mozilla/5.0 (Windows NT 10.0; Win64; x64) AppleWebKit/537.36 (KHTML, like Gecko) Chrome/103.0.0.0 Safari/537.36
192.168.255.1 - - [19/Aug/2022:11:11:07 +0800] "GET /nacos/console-fe/public/js/loader.js HTTP/1.1" 304 - 13 Mozilla/5.0 (Windows NT 10.0; Win64; x64) AppleWebKit/537.36 (KHTML, like Gecko) Chrome/103.0.0.0 Safari/537.36
192.168.255.1 - - [19/Aug/2022:11:11:07 +0800] "GET /nacos/console-fe/public/js/vs/editor/editor.main.js HTTP/1.1" 304 - 4 Mozilla/5.0 (Windows NT 10.0; Win64; x64) AppleWebKit/537.36 (KHTML, like Gecko) Chrome/103.0.0.0 Safari/537.36
192.168.255.1 - - [19/Aug/2022:11:11:08 +0800] "GET /nacos/img/logo-2000-390.svg HTTP/1.1" 304 - 3 Mozilla/5.0 (Windows NT 10.0; Win64; x64) AppleWebKit/537.36 (KHTML, like Gecko) Chrome/103.0.0.0 Safari/537.36
192.168.255.1 - - [19/Aug/2022:11:11:08 +0800] "GET /nacos/v1/console/server/state?accessToken= HTTP/1.1" 200 82 8 Mozilla/5.0 (Windows NT 10.0; Win64; x64) AppleWebKit/537.36 (KHTML, like Gecko) Chrome/103.0.0.0 Safari/537.36
192.168.255.1 - - [19/Aug/2022:11:11:08 +0800] "GET /nacos/console-fe/public/icons/icon-font.woff2 HTTP/1.1" 404 177 28 Mozilla/5.0 (Windows NT 10.0; Win64; x64) AppleWebKit/537.36 (KHTML, like Gecko) Chrome/103.0.0.0 Safari/537.36
192.168.255.1 - - [19/Aug/2022:11:11:08 +0800] "GET /nacos/console-fe/public/icons/icon-font.woff HTTP/1.1" 304 - 8 Mozilla/5.0 (Windows NT 10.0; Win64; x64) AppleWebKit/537.36 (KHTML, like Gecko) Chrome/103.0.0.0 Safari/537.36
192.168.255.1 - - [19/Aug/2022:11:11:08 +0800] "GET /nacos/console-fe/public/js/vs/editor/editor.main.css HTTP/1.1" 304 - 6 Mozilla/5.0 (Windows NT 10.0; Win64; x64) AppleWebKit/537.36 (KHTML, like Gecko) Chrome/103.0.0.0 Safari/537.36
192.168.255.1 - - [19/Aug/2022:11:11:08 +0800] "GET /nacos/console-fe/public/js/vs/editor/editor.main.nls.zh-cn.js HTTP/1.1" 304 - 3 Mozilla/5.0 (Windows NT 10.0; Win64; x64) AppleWebKit/537.36 (KHTML, like Gecko) Chrome/103.0.0.0 Safari/537.36
192.168.255.1 - - [19/Aug/2022:11:11:08 +0800] "GET /nacos/console-fe/public/img/favicon.ico HTTP/1.1" 304 - 2 Mozilla/5.0 (Windows NT 10.0; Win64; x64) AppleWebKit/537.36 (KHTML, like Gecko) Chrome/103.0.0.0 Safari/537.36
192.168.255.1 - - [19/Aug/2022:11:11:08 +0800] "GET /nacos/v1/console/namespaces?&accessToken=&namespaceId=30a7f7f1-f414-4acc-8a4b-bbb5808727d5 HTTP/1.1" 200 364 285 Mozilla/5.0 (Windows NT 10.0; Win64; x64) AppleWebKit/537.36 (KHTML, like Gecko) Chrome/103.0.0.0 Safari/537.36
192.168.255.1 - - [19/Aug/2022:11:11:08 +0800] "GET /nacos/v1/ns/catalog/services?hasIpCount=true&withInstances=false&pageNo=1&pageSize=10&serviceNameParam=&groupNameParam=&accessToken=&namespaceId=30a7f7f1-f414-4acc-8a4b-bbb5808727d5 HTTP/1.1" 200 418 7 Mozilla/5.0 (Windows NT 10.0; Win64; x64) AppleWebKit/537.36 (KHTML, like Gecko) Chrome/103.0.0.0 Safari/537.36
192.168.255.1 - - [19/Aug/2022:11:11:08 +0800] "GET /nacos/v1/cs/health HTTP/1.1" 200 2 6 Apache-HttpAsyncClient/4.1.3 (Java/1.8.0_144)
127.0.0.1 - - [19/Aug/2022:11:11:09 +0800] "PUT /nacos/v1/ns/instance/beat?app=mftcc-example-server&namespaceId=30a7f7f1-f414-4acc-8a4b-bbb5808727d5&port=8060&clusterName=DEFAULT&ip=192.168.255.1&serviceName=example%40%40mftcc-example-server&encoding=UTF-8 HTTP/1.1" 200 75 2 Nacos-Java-Client:v1.2.1
192.168.255.1 - - [19/Aug/2022:11:11:09 +0800] "GET /nacos/v1/cs/configs?search=accurate&dataId=&group=&appName=&config_tags=&pageNo=1&pageSize=10&tenant=30a7f7f1-f414-4acc-8a4b-bbb5808727d5&accessToken=&namespaceId=30a7f7f1-f414-4acc-8a4b-bbb5808727d5 HTTP/1.1" 200 12578 18 Mozilla/5.0 (Windows NT 10.0; Win64; x64) AppleWebKit/537.36 (KHTML, like Gecko) Chrome/103.0.0.0 Safari/537.36
127.0.0.1 - - [19/Aug/2022:11:11:11 +0800] "PUT /nacos/v1/ns/instance/beat?app=unknown&namespaceId=30a7f7f1-f414-4acc-8a4b-bbb5808727d5&port=7019&clusterName=DEFAULT&ip=192.168.255.1&serviceName=example%40%40mftcc-gateway&encoding=UTF-8 HTTP/1.1" 200 75 13 Nacos-Java-Client:v1.2.1
127.0.0.1 - - [19/Aug/2022:11:11:11 +0800] "PUT /nacos/v1/ns/instance/beat?app=mftcc-sys-server&namespaceId=30a7f7f1-f414-4acc-8a4b-bbb5808727d5&port=8071&clusterName=DEFAULT&ip=192.168.255.1&serviceName=example%40%40mftcc-sys-server&encoding=UTF-8 HTTP/1.1" 200 75 7 Nacos-Java-Client:v1.2.1
127.0.0.1 - - [19/Aug/2022:11:11:11 +0800] "GET /nacos/v1/ns/instance/list?app=unknown&healthyOnly=false&namespaceId=30a7f7f1-f414-4acc-8a4b-bbb5808727d5&clientIP=192.168.72.1&serviceName=example%40%40mftcc-example-server&udpPort=64741&encoding=UTF-8 HTTP/1.1" 200 576 1 Nacos-Java-Client:v1.2.1
127.0.0.1 - - [19/Aug/2022:11:11:11 +0800] "GET /nacos/v1/ns/instance/list?app=unknown&healthyOnly=false&namespaceId=30a7f7f1-f414-4acc-8a4b-bbb5808727d5&clientIP=192.168.72.1&serviceName=example%40%40mftcc-sys-server&udpPort=64741&encoding=UTF-8 HTTP/1.1" 200 560 2 Nacos-Java-Client:v1.2.1
192.168.255.1 - - [19/Aug/2022:11:11:13 +0800] "GET /nacos/v1/cs/configs?dataId=mftcc-flowable-server.yml&group=example&namespaceId=30a7f7f1-f414-4acc-8a4b-bbb5808727d5&tenant=30a7f7f1-f414-4acc-8a4b-bbb5808727d5&beta=true&accessToken= HTTP/1.1" 200 60 4 Mozilla/5.0 (Windows NT 10.0; Win64; x64) AppleWebKit/537.36 (KHTML, like Gecko) Chrome/103.0.0.0 Safari/537.36
192.168.255.1 - - [19/Aug/2022:11:11:13 +0800] "GET /nacos/v1/cs/configs?dataId=mftcc-flowable-server.yml&group=example&namespaceId=30a7f7f1-f414-4acc-8a4b-bbb5808727d5&tenant=30a7f7f1-f414-4acc-8a4b-bbb5808727d5&show=all&accessToken= HTTP/1.1" 200 2002 142 Mozilla/5.0 (Windows NT 10.0; Win64; x64) AppleWebKit/537.36 (KHTML, like Gecko) Chrome/103.0.0.0 Safari/537.36
192.168.255.1 - - [19/Aug/2022:11:11:13 +0800] "GET /nacos/console-fe/public/js/vs/basic-languages/src/yaml.js HTTP/1.1" 304 - 3 Mozilla/5.0 (Windows NT 10.0; Win64; x64) AppleWebKit/537.36 (KHTML, like Gecko) Chrome/103.0.0.0 Safari/537.36
192.168.255.1 - - [19/Aug/2022:11:11:13 +0800] "GET /nacos/console-fe/public/js/vs/base/worker/workerMain.js HTTP/1.1" 304 - 3 Mozilla/5.0 (Windows NT 10.0; Win64; x64) AppleWebKit/537.36 (KHTML, like Gecko) Chrome/103.0.0.0 Safari/537.36
192.168.255.1 - - [19/Aug/2022:11:11:13 +0800] "GET /nacos/v1/cs/health HTTP/1.1" 200 2 6 Apache-HttpAsyncClient/4.1.3 (Java/1.8.0_144)
127.0.0.1 - - [19/Aug/2022:11:11:14 +0800] "PUT /nacos/v1/ns/instance/beat?app=mftcc-example-server&namespaceId=30a7f7f1-f414-4acc-8a4b-bbb5808727d5&port=8060&clusterName=DEFAULT&ip=192.168.255.1&serviceName=example%40%40mftcc-example-server&encoding=UTF-8 HTTP/1.1" 200 75 3 Nacos-Java-Client:v1.2.1
127.0.0.1 - - [19/Aug/2022:11:11:16 +0800] "PUT /nacos/v1/ns/instance/beat?app=unknown&namespaceId=30a7f7f1-f414-4acc-8a4b-bbb5808727d5&port=7019&clusterName=DEFAULT&ip=192.168.255.1&serviceName=example%40%40mftcc-gateway&encoding=UTF-8 HTTP/1.1" 200 75 3 Nacos-Java-Client:v1.2.1
127.0.0.1 - - [19/Aug/2022:11:11:16 +0800] "PUT /nacos/v1/ns/instance/beat?app=mftcc-sys-server&namespaceId=30a7f7f1-f414-4acc-8a4b-bbb5808727d5&port=8071&clusterName=DEFAULT&ip=192.168.255.1&serviceName=example%40%40mftcc-sys-server&encoding=UTF-8 HTTP/1.1" 200 75 2 Nacos-Java-Client:v1.2.1
127.0.0.1 - - [19/Aug/2022:11:11:17 +0800] "GET /nacos/v1/ns/instance/list?app=unknown&healthyOnly=false&namespaceId=30a7f7f1-f414-4acc-8a4b-bbb5808727d5&clientIP=192.168.72.1&serviceName=example%40%40mftcc-gateway&udpPort=64741&encoding=UTF-8 HTTP/1.1" 200 548 2 Nacos-Java-Client:v1.2.1
192.168.255.1 - - [19/Aug/2022:11:11:18 +0800] "GET /nacos/v1/cs/health HTTP/1.1" 200 2 3 Apache-HttpAsyncClient/4.1.3 (Java/1.8.0_144)
127.0.0.1 - - [19/Aug/2022:11:11:19 +0800] "POST /nacos/v1/cs/configs/listener HTTP/1.1" 200 - 29506 Java/1.8.0_144
127.0.0.1 - - [19/Aug/2022:11:11:19 +0800] "PUT /nacos/v1/ns/instance/beat?app=mftcc-example-server&namespaceId=30a7f7f1-f414-4acc-8a4b-bbb5808727d5&port=8060&clusterName=DEFAULT&ip=192.168.255.1&serviceName=example%40%40mftcc-example-server&encoding=UTF-8 HTTP/1.1" 200 75 2 Nacos-Java-Client:v1.2.1
192.168.255.1 - - [19/Aug/2022:11:11:20 +0800] "GET /nacos/v1/cs/configs?search=accurate&dataId=&group=&appName=&config_tags=&pageNo=1&pageSize=10&tenant=30a7f7f1-f414-4acc-8a4b-bbb5808727d5&accessToken=&namespaceId=30a7f7f1-f414-4acc-8a4b-bbb5808727d5 HTTP/1.1" 200 12578 10 Mozilla/5.0 (Windows NT 10.0; Win64; x64) AppleWebKit/537.36 (KHTML, like Gecko) Chrome/103.0.0.0 Safari/537.36
127.0.0.1 - - [19/Aug/2022:11:11:20 +0800] "POST /nacos/v1/cs/configs/listener HTTP/1.1" 200 - 29513 Java/1.8.0_144
127.0.0.1 - - [19/Aug/2022:11:11:21 +0800] "PUT /nacos/v1/ns/instance/beat?app=unknown&namespaceId=30a7f7f1-f414-4acc-8a4b-bbb5808727d5&port=7019&clusterName=DEFAULT&ip=192.168.255.1&serviceName=example%40%40mftcc-gateway&encoding=UTF-8 HTTP/1.1" 200 75 2 Nacos-Java-Client:v1.2.1
127.0.0.1 - - [19/Aug/2022:11:11:21 +0800] "PUT /nacos/v1/ns/instance/beat?app=mftcc-sys-server&namespaceId=30a7f7f1-f414-4acc-8a4b-bbb5808727d5&port=8071&clusterName=DEFAULT&ip=192.168.255.1&serviceName=example%40%40mftcc-sys-server&encoding=UTF-8 HTTP/1.1" 200 75 5 Nacos-Java-Client:v1.2.1
127.0.0.1 - - [19/Aug/2022:11:11:21 +0800] "GET /nacos/v1/ns/instance/list?app=unknown&healthyOnly=false&namespaceId=30a7f7f1-f414-4acc-8a4b-bbb5808727d5&clientIP=192.168.72.1&serviceName=example%40%40mftcc-example-server&udpPort=64741&encoding=UTF-8 HTTP/1.1" 200 576 2 Nacos-Java-Client:v1.2.1
127.0.0.1 - - [19/Aug/2022:11:11:21 +0800] "GET /nacos/v1/ns/instance/list?app=unknown&healthyOnly=false&namespaceId=30a7f7f1-f414-4acc-8a4b-bbb5808727d5&clientIP=192.168.72.1&serviceName=example%40%40mftcc-sys-server&udpPort=64741&encoding=UTF-8 HTTP/1.1" 200 560 2 Nacos-Java-Client:v1.2.1
192.168.255.1 - - [19/Aug/2022:11:11:23 +0800] "GET /nacos/v1/cs/health HTTP/1.1" 200 2 3 Apache-HttpAsyncClient/4.1.3 (Java/1.8.0_144)
127.0.0.1 - - [19/Aug/2022:11:11:24 +0800] "PUT /nacos/v1/ns/instance/beat?app=mftcc-example-server&namespaceId=30a7f7f1-f414-4acc-8a4b-bbb5808727d5&port=8060&clusterName=DEFAULT&ip=192.168.255.1&serviceName=example%40%40mftcc-example-server&encoding=UTF-8 HTTP/1.1" 200 75 5 Nacos-Java-Client:v1.2.1
127.0.0.1 - - [19/Aug/2022:11:11:26 +0800] "PUT /nacos/v1/ns/instance/beat?app=unknown&namespaceId=30a7f7f1-f414-4acc-8a4b-bbb5808727d5&port=7019&clusterName=DEFAULT&ip=192.168.255.1&serviceName=example%40%40mftcc-gateway&encoding=UTF-8 HTTP/1.1" 200 75 2 Nacos-Java-Client:v1.2.1
127.0.0.1 - - [19/Aug/2022:11:11:26 +0800] "PUT /nacos/v1/ns/instance/beat?app=mftcc-sys-server&namespaceId=30a7f7f1-f414-4acc-8a4b-bbb5808727d5&port=8071&clusterName=DEFAULT&ip=192.168.255.1&serviceName=example%40%40mftcc-sys-server&encoding=UTF-8 HTTP/1.1" 200 75 1 Nacos-Java-Client:v1.2.1
127.0.0.1 - - [19/Aug/2022:11:11:27 +0800] "GET /nacos/v1/ns/instance/list?app=unknown&healthyOnly=false&namespaceId=30a7f7f1-f414-4acc-8a4b-bbb5808727d5&clientIP=192.168.72.1&serviceName=example%40%40mftcc-gateway&udpPort=64741&encoding=UTF-8 HTTP/1.1" 200 548 2 Nacos-Java-Client:v1.2.1
192.168.255.1 - - [19/Aug/2022:11:11:28 +0800] "GET /nacos/v1/cs/health HTTP/1.1" 200 2 6 Apache-HttpAsyncClient/4.1.3 (Java/1.8.0_144)
127.0.0.1 - - [19/Aug/2022:11:11:29 +0800] "PUT /nacos/v1/ns/instance/beat?app=mftcc-example-server&namespaceId=30a7f7f1-f414-4acc-8a4b-bbb5808727d5&port=8060&clusterName=DEFAULT&ip=192.168.255.1&serviceName=example%40%40mftcc-example-server&encoding=UTF-8 HTTP/1.1" 200 75 7 Nacos-Java-Client:v1.2.1
127.0.0.1 - - [19/Aug/2022:11:11:30 +0800] "GET /nacos/v1/ns/service/list?app=unknown&pageSize=2147483647&groupName=example&encoding=UTF-8&namespaceId=30a7f7f1-f414-4acc-8a4b-bbb5808727d5&pageNo=1 HTTP/1.1" 200 89 2 Nacos-Java-Client:v1.2.1
127.0.0.1 - - [19/Aug/2022:11:11:31 +0800] "PUT /nacos/v1/ns/instance/beat?app=unknown&namespaceId=30a7f7f1-f414-4acc-8a4b-bbb5808727d5&port=7019&clusterName=DEFAULT&ip=192.168.255.1&serviceName=example%40%40mftcc-gateway&encoding=UTF-8 HTTP/1.1" 200 75 2 Nacos-Java-Client:v1.2.1
127.0.0.1 - - [19/Aug/2022:11:11:31 +0800] "PUT /nacos/v1/ns/instance/beat?app=mftcc-sys-server&namespaceId=30a7f7f1-f414-4acc-8a4b-bbb5808727d5&port=8071&clusterName=DEFAULT&ip=192.168.255.1&serviceName=example%40%40mftcc-sys-server&encoding=UTF-8 HTTP/1.1" 200 75 1 Nacos-Java-Client:v1.2.1
127.0.0.1 - - [19/Aug/2022:11:11:31 +0800] "GET /nacos/v1/ns/instance/list?app=unknown&healthyOnly=false&namespaceId=30a7f7f1-f414-4acc-8a4b-bbb5808727d5&clientIP=192.168.72.1&serviceName=example%40%40mftcc-example-server&udpPort=64741&encoding=UTF-8 HTTP/1.1" 200 576 2 Nacos-Java-Client:v1.2.1
127.0.0.1 - - [19/Aug/2022:11:11:31 +0800] "GET /nacos/v1/ns/instance/list?app=unknown&healthyOnly=false&namespaceId=30a7f7f1-f414-4acc-8a4b-bbb5808727d5&clientIP=192.168.72.1&serviceName=example%40%40mftcc-sys-server&udpPort=64741&encoding=UTF-8 HTTP/1.1" 200 560 2 Nacos-Java-Client:v1.2.1
127.0.0.1 - - [19/Aug/2022:11:11:33 +0800] "POST /nacos/v1/cs/configs/listener HTTP/1.1" 200 - 29509 Java/1.8.0_144
192.168.255.1 - - [19/Aug/2022:11:11:33 +0800] "GET /nacos/v1/cs/health HTTP/1.1" 200 2 2 Apache-HttpAsyncClient/4.1.3 (Java/1.8.0_144)
127.0.0.1 - - [19/Aug/2022:11:11:34 +0800] "PUT /nacos/v1/ns/instance/beat?app=mftcc-example-server&namespaceId=30a7f7f1-f414-4acc-8a4b-bbb5808727d5&port=8060&clusterName=DEFAULT&ip=192.168.255.1&serviceName=example%40%40mftcc-example-server&encoding=UTF-8 HTTP/1.1" 200 75 2 Nacos-Java-Client:v1.2.1
127.0.0.1 - - [19/Aug/2022:11:11:36 +0800] "PUT /nacos/v1/ns/instance/beat?app=unknown&namespaceId=30a7f7f1-f414-4acc-8a4b-bbb5808727d5&port=7019&clusterName=DEFAULT&ip=192.168.255.1&serviceName=example%40%40mftcc-gateway&encoding=UTF-8 HTTP/1.1" 200 75 3 Nacos-Java-Client:v1.2.1
127.0.0.1 - - [19/Aug/2022:11:11:36 +0800] "PUT /nacos/v1/ns/instance/beat?app=mftcc-sys-server&namespaceId=30a7f7f1-f414-4acc-8a4b-bbb5808727d5&port=8071&clusterName=DEFAULT&ip=192.168.255.1&serviceName=example%40%40mftcc-sys-server&encoding=UTF-8 HTTP/1.1" 200 75 1 Nacos-Java-Client:v1.2.1
127.0.0.1 - - [19/Aug/2022:11:11:37 +0800] "GET /nacos/v1/ns/instance/list?app=unknown&healthyOnly=false&namespaceId=30a7f7f1-f414-4acc-8a4b-bbb5808727d5&clientIP=192.168.72.1&serviceName=example%40%40mftcc-gateway&udpPort=64741&encoding=UTF-8 HTTP/1.1" 200 548 3 Nacos-Java-Client:v1.2.1
192.168.255.1 - - [19/Aug/2022:11:11:38 +0800] "GET /nacos/v1/cs/health HTTP/1.1" 200 2 6 Apache-HttpAsyncClient/4.1.3 (Java/1.8.0_144)
127.0.0.1 - - [19/Aug/2022:11:11:39 +0800] "PUT /nacos/v1/ns/instance/beat?app=mftcc-example-server&namespaceId=30a7f7f1-f414-4acc-8a4b-bbb5808727d5&port=8060&clusterName=DEFAULT&ip=192.168.255.1&serviceName=example%40%40mftcc-example-server&encoding=UTF-8 HTTP/1.1" 200 75 2 Nacos-Java-Client:v1.2.1
127.0.0.1 - - [19/Aug/2022:11:11:41 +0800] "PUT /nacos/v1/ns/instance/beat?app=unknown&namespaceId=30a7f7f1-f414-4acc-8a4b-bbb5808727d5&port=7019&clusterName=DEFAULT&ip=192.168.255.1&serviceName=example%40%40mftcc-gateway&encoding=UTF-8 HTTP/1.1" 200 75 4 Nacos-Java-Client:v1.2.1
127.0.0.1 - - [19/Aug/2022:11:11:41 +0800] "PUT /nacos/v1/ns/instance/beat?app=mftcc-sys-server&namespaceId=30a7f7f1-f414-4acc-8a4b-bbb5808727d5&port=8071&clusterName=DEFAULT&ip=192.168.255.1&serviceName=example%40%40mftcc-sys-server&encoding=UTF-8 HTTP/1.1" 200 75 2 Nacos-Java-Client:v1.2.1
127.0.0.1 - - [19/Aug/2022:11:11:41 +0800] "GET /nacos/v1/ns/instance/list?app=unknown&healthyOnly=false&namespaceId=30a7f7f1-f414-4acc-8a4b-bbb5808727d5&clientIP=192.168.72.1&serviceName=example%40%40mftcc-example-server&udpPort=64741&encoding=UTF-8 HTTP/1.1" 200 576 2 Nacos-Java-Client:v1.2.1
127.0.0.1 - - [19/Aug/2022:11:11:41 +0800] "GET /nacos/v1/ns/instance/list?app=unknown&healthyOnly=false&namespaceId=30a7f7f1-f414-4acc-8a4b-bbb5808727d5&clientIP=192.168.72.1&serviceName=example%40%40mftcc-sys-server&udpPort=64741&encoding=UTF-8 HTTP/1.1" 200 560 3 Nacos-Java-Client:v1.2.1
192.168.255.1 - - [19/Aug/2022:11:11:43 +0800] "GET /nacos/v1/cs/health HTTP/1.1" 200 2 2 Apache-HttpAsyncClient/4.1.3 (Java/1.8.0_144)
127.0.0.1 - - [19/Aug/2022:11:11:44 +0800] "PUT /nacos/v1/ns/instance/beat?app=mftcc-example-server&namespaceId=30a7f7f1-f414-4acc-8a4b-bbb5808727d5&port=8060&clusterName=DEFAULT&ip=192.168.255.1&serviceName=example%40%40mftcc-example-server&encoding=UTF-8 HTTP/1.1" 200 75 2 Nacos-Java-Client:v1.2.1
127.0.0.1 - - [19/Aug/2022:11:11:46 +0800] "PUT /nacos/v1/ns/instance/beat?app=unknown&namespaceId=30a7f7f1-f414-4acc-8a4b-bbb5808727d5&port=7019&clusterName=DEFAULT&ip=192.168.255.1&serviceName=example%40%40mftcc-gateway&encoding=UTF-8 HTTP/1.1" 200 75 3 Nacos-Java-Client:v1.2.1
127.0.0.1 - - [19/Aug/2022:11:11:46 +0800] "PUT /nacos/v1/ns/instance/beat?app=mftcc-sys-server&namespaceId=30a7f7f1-f414-4acc-8a4b-bbb5808727d5&port=8071&clusterName=DEFAULT&ip=192.168.255.1&serviceName=example%40%40mftcc-sys-server&encoding=UTF-8 HTTP/1.1" 200 75 2 Nacos-Java-Client:v1.2.1
127.0.0.1 - - [19/Aug/2022:11:11:46 +0800] "GET /nacos/v1/cs/configs?dataId=mftcc.yml&group=example&tenant=30a7f7f1-f414-4acc-8a4b-bbb5808727d5 HTTP/1.1" 200 4530 5 Java/1.8.0_144
127.0.0.1 - - [19/Aug/2022:11:11:46 +0800] "GET /nacos/v1/cs/configs?dataId=mftcc-flowable-server&group=example&tenant=30a7f7f1-f414-4acc-8a4b-bbb5808727d5 HTTP/1.1" 404 23 2 Java/1.8.0_144
127.0.0.1 - - [19/Aug/2022:11:11:46 +0800] "GET /nacos/v1/cs/configs?dataId=mftcc-flowable-server.yml&group=example&tenant=30a7f7f1-f414-4acc-8a4b-bbb5808727d5 HTTP/1.1" 200 1547 3 Java/1.8.0_144
127.0.0.1 - - [19/Aug/2022:11:11:47 +0800] "GET /nacos/v1/ns/instance/list?app=unknown&healthyOnly=false&namespaceId=30a7f7f1-f414-4acc-8a4b-bbb5808727d5&clientIP=192.168.72.1&serviceName=example%40%40mftcc-gateway&udpPort=64741&encoding=UTF-8 HTTP/1.1" 200 548 2 Nacos-Java-Client:v1.2.1
127.0.0.1 - - [19/Aug/2022:11:11:48 +0800] "POST /nacos/v1/cs/configs/listener HTTP/1.1" 200 - 29510 Java/1.8.0_144
192.168.255.1 - - [19/Aug/2022:11:11:48 +0800] "GET /nacos/v1/cs/health HTTP/1.1" 200 2 2 Apache-HttpAsyncClient/4.1.3 (Java/1.8.0_144)
127.0.0.1 - - [19/Aug/2022:11:11:49 +0800] "PUT /nacos/v1/ns/instance/beat?app=mftcc-example-server&namespaceId=30a7f7f1-f414-4acc-8a4b-bbb5808727d5&port=8060&clusterName=DEFAULT&ip=192.168.255.1&serviceName=example%40%40mftcc-example-server&encoding=UTF-8 HTTP/1.1" 200 75 2 Nacos-Java-Client:v1.2.1
127.0.0.1 - - [19/Aug/2022:11:11:50 +0800] "POST /nacos/v1/cs/configs/listener HTTP/1.1" 200 - 29506 Java/1.8.0_144
127.0.0.1 - - [19/Aug/2022:11:11:51 +0800] "PUT /nacos/v1/ns/instance/beat?app=unknown&namespaceId=30a7f7f1-f414-4acc-8a4b-bbb5808727d5&port=7019&clusterName=DEFAULT&ip=192.168.255.1&serviceName=example%40%40mftcc-gateway&encoding=UTF-8 HTTP/1.1" 200 75 2 Nacos-Java-Client:v1.2.1
127.0.0.1 - - [19/Aug/2022:11:11:51 +0800] "PUT /nacos/v1/ns/instance/beat?app=mftcc-sys-server&namespaceId=30a7f7f1-f414-4acc-8a4b-bbb5808727d5&port=8071&clusterName=DEFAULT&ip=192.168.255.1&serviceName=example%40%40mftcc-sys-server&encoding=UTF-8 HTTP/1.1" 200 75 2 Nacos-Java-Client:v1.2.1
127.0.0.1 - - [19/Aug/2022:11:11:51 +0800] "GET /nacos/v1/ns/instance/list?app=unknown&healthyOnly=false&namespaceId=30a7f7f1-f414-4acc-8a4b-bbb5808727d5&clientIP=192.168.72.1&serviceName=example%40%40mftcc-example-server&udpPort=64741&encoding=UTF-8 HTTP/1.1" 200 576 5 Nacos-Java-Client:v1.2.1
127.0.0.1 - - [19/Aug/2022:11:11:51 +0800] "GET /nacos/v1/ns/instance/list?app=unknown&healthyOnly=false&namespaceId=30a7f7f1-f414-4acc-8a4b-bbb5808727d5&clientIP=192.168.72.1&serviceName=example%40%40mftcc-sys-server&udpPort=64741&encoding=UTF-8 HTTP/1.1" 200 560 2 Nacos-Java-Client:v1.2.1
192.168.255.1 - - [19/Aug/2022:11:11:53 +0800] "GET /nacos/v1/cs/health HTTP/1.1" 200 2 3 Apache-HttpAsyncClient/4.1.3 (Java/1.8.0_144)
127.0.0.1 - - [19/Aug/2022:11:11:54 +0800] "PUT /nacos/v1/ns/instance/beat?app=mftcc-example-server&namespaceId=30a7f7f1-f414-4acc-8a4b-bbb5808727d5&port=8060&clusterName=DEFAULT&ip=192.168.255.1&serviceName=example%40%40mftcc-example-server&encoding=UTF-8 HTTP/1.1" 200 75 2 Nacos-Java-Client:v1.2.1
127.0.0.1 - - [19/Aug/2022:11:11:56 +0800] "PUT /nacos/v1/ns/instance/beat?app=unknown&namespaceId=30a7f7f1-f414-4acc-8a4b-bbb5808727d5&port=7019&clusterName=DEFAULT&ip=192.168.255.1&serviceName=example%40%40mftcc-gateway&encoding=UTF-8 HTTP/1.1" 200 75 2 Nacos-Java-Client:v1.2.1
127.0.0.1 - - [19/Aug/2022:11:11:56 +0800] "PUT /nacos/v1/ns/instance/beat?app=mftcc-sys-server&namespaceId=30a7f7f1-f414-4acc-8a4b-bbb5808727d5&port=8071&clusterName=DEFAULT&ip=192.168.255.1&serviceName=example%40%40mftcc-sys-server&encoding=UTF-8 HTTP/1.1" 200 75 2 Nacos-Java-Client:v1.2.1
127.0.0.1 - - [19/Aug/2022:11:11:57 +0800] "GET /nacos/v1/ns/instance/list?app=unknown&healthyOnly=false&namespaceId=30a7f7f1-f414-4acc-8a4b-bbb5808727d5&clientIP=192.168.72.1&serviceName=example%40%40mftcc-gateway&udpPort=64741&encoding=UTF-8 HTTP/1.1" 200 548 2 Nacos-Java-Client:v1.2.1
192.168.255.1 - - [19/Aug/2022:11:11:58 +0800] "GET /nacos/v1/cs/health HTTP/1.1" 200 2 1 Apache-HttpAsyncClient/4.1.3 (Java/1.8.0_144)
127.0.0.1 - - [19/Aug/2022:11:11:59 +0800] "PUT /nacos/v1/ns/instance/beat?app=mftcc-example-server&namespaceId=30a7f7f1-f414-4acc-8a4b-bbb5808727d5&port=8060&clusterName=DEFAULT&ip=192.168.255.1&serviceName=example%40%40mftcc-example-server&encoding=UTF-8 HTTP/1.1" 200 75 1 Nacos-Java-Client:v1.2.1
127.0.0.1 - - [19/Aug/2022:11:12:00 +0800] "GET /nacos/v1/ns/service/list?app=unknown&pageSize=2147483647&groupName=example&encoding=UTF-8&namespaceId=30a7f7f1-f414-4acc-8a4b-bbb5808727d5&pageNo=1 HTTP/1.1" 200 89 2 Nacos-Java-Client:v1.2.1
127.0.0.1 - - [19/Aug/2022:11:12:01 +0800] "PUT /nacos/v1/ns/instance/beat?app=unknown&namespaceId=30a7f7f1-f414-4acc-8a4b-bbb5808727d5&port=7019&clusterName=DEFAULT&ip=192.168.255.1&serviceName=example%40%40mftcc-gateway&encoding=UTF-8 HTTP/1.1" 200 75 2 Nacos-Java-Client:v1.2.1
127.0.0.1 - - [19/Aug/2022:11:12:01 +0800] "PUT /nacos/v1/ns/instance/beat?app=mftcc-sys-server&namespaceId=30a7f7f1-f414-4acc-8a4b-bbb5808727d5&port=8071&clusterName=DEFAULT&ip=192.168.255.1&serviceName=example%40%40mftcc-sys-server&encoding=UTF-8 HTTP/1.1" 200 75 2 Nacos-Java-Client:v1.2.1
127.0.0.1 - - [19/Aug/2022:11:12:01 +0800] "GET /nacos/v1/ns/instance/list?app=unknown&healthyOnly=false&namespaceId=30a7f7f1-f414-4acc-8a4b-bbb5808727d5&clientIP=192.168.72.1&serviceName=example%40%40mftcc-sys-server&udpPort=64741&encoding=UTF-8 HTTP/1.1" 200 560 2 Nacos-Java-Client:v1.2.1
127.0.0.1 - - [19/Aug/2022:11:12:01 +0800] "GET /nacos/v1/ns/instance/list?app=unknown&healthyOnly=false&namespaceId=30a7f7f1-f414-4acc-8a4b-bbb5808727d5&clientIP=192.168.72.1&serviceName=example%40%40mftcc-example-server&udpPort=64741&encoding=UTF-8 HTTP/1.1" 200 576 1 Nacos-Java-Client:v1.2.1
127.0.0.1 - - [19/Aug/2022:11:12:02 +0800] "POST /nacos/v1/cs/configs/listener HTTP/1.1" 200 - 29516 Java/1.8.0_144
192.168.255.1 - - [19/Aug/2022:11:12:03 +0800] "GET /nacos/v1/cs/health HTTP/1.1" 200 2 2 Apache-HttpAsyncClient/4.1.3 (Java/1.8.0_144)
127.0.0.1 - - [19/Aug/2022:11:12:04 +0800] "PUT /nacos/v1/ns/instance/beat?app=mftcc-example-server&namespaceId=30a7f7f1-f414-4acc-8a4b-bbb5808727d5&port=8060&clusterName=DEFAULT&ip=192.168.255.1&serviceName=example%40%40mftcc-example-server&encoding=UTF-8 HTTP/1.1" 200 75 2 Nacos-Java-Client:v1.2.1
127.0.0.1 - - [19/Aug/2022:11:12:06 +0800] "PUT /nacos/v1/ns/instance/beat?app=unknown&namespaceId=30a7f7f1-f414-4acc-8a4b-bbb5808727d5&port=7019&clusterName=DEFAULT&ip=192.168.255.1&serviceName=example%40%40mftcc-gateway&encoding=UTF-8 HTTP/1.1" 200 75 2 Nacos-Java-Client:v1.2.1
127.0.0.1 - - [19/Aug/2022:11:12:06 +0800] "PUT /nacos/v1/ns/instance/beat?app=mftcc-sys-server&namespaceId=30a7f7f1-f414-4acc-8a4b-bbb5808727d5&port=8071&clusterName=DEFAULT&ip=192.168.255.1&serviceName=example%40%40mftcc-sys-server&encoding=UTF-8 HTTP/1.1" 200 75 1 Nacos-Java-Client:v1.2.1
127.0.0.1 - - [19/Aug/2022:11:12:07 +0800] "GET /nacos/v1/ns/instance/list?app=unknown&healthyOnly=false&namespaceId=30a7f7f1-f414-4acc-8a4b-bbb5808727d5&clientIP=192.168.72.1&serviceName=example%40%40mftcc-gateway&udpPort=64741&encoding=UTF-8 HTTP/1.1" 200 548 3 Nacos-Java-Client:v1.2.1
192.168.255.1 - - [19/Aug/2022:11:12:08 +0800] "GET /nacos/v1/cs/health HTTP/1.1" 200 2 2 Apache-HttpAsyncClient/4.1.3 (Java/1.8.0_144)
127.0.0.1 - - [19/Aug/2022:11:12:09 +0800] "PUT /nacos/v1/ns/instance/beat?app=mftcc-example-server&namespaceId=30a7f7f1-f414-4acc-8a4b-bbb5808727d5&port=8060&clusterName=DEFAULT&ip=192.168.255.1&serviceName=example%40%40mftcc-example-server&encoding=UTF-8 HTTP/1.1" 200 75 2 Nacos-Java-Client:v1.2.1
127.0.0.1 - - [19/Aug/2022:11:12:11 +0800] "PUT /nacos/v1/ns/instance/beat?app=unknown&namespaceId=30a7f7f1-f414-4acc-8a4b-bbb5808727d5&port=7019&clusterName=DEFAULT&ip=192.168.255.1&serviceName=example%40%40mftcc-gateway&encoding=UTF-8 HTTP/1.1" 200 75 3 Nacos-Java-Client:v1.2.1
127.0.0.1 - - [19/Aug/2022:11:12:11 +0800] "PUT /nacos/v1/ns/instance/beat?app=mftcc-sys-server&namespaceId=30a7f7f1-f414-4acc-8a4b-bbb5808727d5&port=8071&clusterName=DEFAULT&ip=192.168.255.1&serviceName=example%40%40mftcc-sys-server&encoding=UTF-8 HTTP/1.1" 200 75 1 Nacos-Java-Client:v1.2.1
127.0.0.1 - - [19/Aug/2022:11:12:11 +0800] "GET /nacos/v1/ns/instance/list?app=unknown&healthyOnly=false&namespaceId=30a7f7f1-f414-4acc-8a4b-bbb5808727d5&clientIP=192.168.72.1&serviceName=example%40%40mftcc-sys-server&udpPort=64741&encoding=UTF-8 HTTP/1.1" 200 560 2 Nacos-Java-Client:v1.2.1
127.0.0.1 - - [19/Aug/2022:11:12:11 +0800] "GET /nacos/v1/ns/instance/list?app=unknown&healthyOnly=false&namespaceId=30a7f7f1-f414-4acc-8a4b-bbb5808727d5&clientIP=192.168.72.1&serviceName=example%40%40mftcc-example-server&udpPort=64741&encoding=UTF-8 HTTP/1.1" 200 576 3 Nacos-Java-Client:v1.2.1
192.168.255.1 - - [19/Aug/2022:11:12:13 +0800] "GET /nacos/v1/cs/health HTTP/1.1" 200 2 3 Apache-HttpAsyncClient/4.1.3 (Java/1.8.0_144)
127.0.0.1 - - [19/Aug/2022:11:12:14 +0800] "PUT /nacos/v1/ns/instance/beat?app=mftcc-example-server&namespaceId=30a7f7f1-f414-4acc-8a4b-bbb5808727d5&port=8060&clusterName=DEFAULT&ip=192.168.255.1&serviceName=example%40%40mftcc-example-server&encoding=UTF-8 HTTP/1.1" 200 75 2 Nacos-Java-Client:v1.2.1
127.0.0.1 - - [19/Aug/2022:11:12:16 +0800] "PUT /nacos/v1/ns/instance/beat?app=unknown&namespaceId=30a7f7f1-f414-4acc-8a4b-bbb5808727d5&port=7019&clusterName=DEFAULT&ip=192.168.255.1&serviceName=example%40%40mftcc-gateway&encoding=UTF-8 HTTP/1.1" 200 75 2 Nacos-Java-Client:v1.2.1
127.0.0.1 - - [19/Aug/2022:11:12:16 +0800] "PUT /nacos/v1/ns/instance/beat?app=mftcc-sys-server&namespaceId=30a7f7f1-f414-4acc-8a4b-bbb5808727d5&port=8071&clusterName=DEFAULT&ip=192.168.255.1&serviceName=example%40%40mftcc-sys-server&encoding=UTF-8 HTTP/1.1" 200 75 1 Nacos-Java-Client:v1.2.1
127.0.0.1 - - [19/Aug/2022:11:12:17 +0800] "GET /nacos/v1/ns/instance/list?app=unknown&healthyOnly=false&namespaceId=30a7f7f1-f414-4acc-8a4b-bbb5808727d5&clientIP=192.168.72.1&serviceName=example%40%40mftcc-gateway&udpPort=64741&encoding=UTF-8 HTTP/1.1" 200 548 3 Nacos-Java-Client:v1.2.1
127.0.0.1 - - [19/Aug/2022:11:12:18 +0800] "POST /nacos/v1/cs/configs/listener HTTP/1.1" 200 - 29508 Java/1.8.0_144
192.168.255.1 - - [19/Aug/2022:11:12:19 +0800] "GET /nacos/v1/cs/health HTTP/1.1" 200 2 3 Apache-HttpAsyncClient/4.1.3 (Java/1.8.0_144)
127.0.0.1 - - [19/Aug/2022:11:12:19 +0800] "PUT /nacos/v1/ns/instance/beat?app=mftcc-example-server&namespaceId=30a7f7f1-f414-4acc-8a4b-bbb5808727d5&port=8060&clusterName=DEFAULT&ip=192.168.255.1&serviceName=example%40%40mftcc-example-server&encoding=UTF-8 HTTP/1.1" 200 75 2 Nacos-Java-Client:v1.2.1
127.0.0.1 - - [19/Aug/2022:11:12:19 +0800] "POST /nacos/v1/cs/configs/listener HTTP/1.1" 200 - 29507 Java/1.8.0_144
127.0.0.1 - - [19/Aug/2022:11:12:21 +0800] "PUT /nacos/v1/ns/instance/beat?app=unknown&namespaceId=30a7f7f1-f414-4acc-8a4b-bbb5808727d5&port=7019&clusterName=DEFAULT&ip=192.168.255.1&serviceName=example%40%40mftcc-gateway&encoding=UTF-8 HTTP/1.1" 200 75 2 Nacos-Java-Client:v1.2.1
127.0.0.1 - - [19/Aug/2022:11:12:21 +0800] "PUT /nacos/v1/ns/instance/beat?app=mftcc-sys-server&namespaceId=30a7f7f1-f414-4acc-8a4b-bbb5808727d5&port=8071&clusterName=DEFAULT&ip=192.168.255.1&serviceName=example%40%40mftcc-sys-server&encoding=UTF-8 HTTP/1.1" 200 75 1 Nacos-Java-Client:v1.2.1
127.0.0.1 - - [19/Aug/2022:11:12:21 +0800] "GET /nacos/v1/ns/instance/list?app=unknown&healthyOnly=false&namespaceId=30a7f7f1-f414-4acc-8a4b-bbb5808727d5&clientIP=192.168.72.1&serviceName=example%40%40mftcc-sys-server&udpPort=64741&encoding=UTF-8 HTTP/1.1" 200 560 2 Nacos-Java-Client:v1.2.1
127.0.0.1 - - [19/Aug/2022:11:12:21 +0800] "GET /nacos/v1/ns/instance/list?app=unknown&healthyOnly=false&namespaceId=30a7f7f1-f414-4acc-8a4b-bbb5808727d5&clientIP=192.168.72.1&serviceName=example%40%40mftcc-example-server&udpPort=64741&encoding=UTF-8 HTTP/1.1" 200 576 1 Nacos-Java-Client:v1.2.1
192.168.255.1 - - [19/Aug/2022:11:12:24 +0800] "GET /nacos/v1/cs/health HTTP/1.1" 200 2 3 Apache-HttpAsyncClient/4.1.3 (Java/1.8.0_144)
127.0.0.1 - - [19/Aug/2022:11:12:24 +0800] "PUT /nacos/v1/ns/instance/beat?app=mftcc-example-server&namespaceId=30a7f7f1-f414-4acc-8a4b-bbb5808727d5&port=8060&clusterName=DEFAULT&ip=192.168.255.1&serviceName=example%40%40mftcc-example-server&encoding=UTF-8 HTTP/1.1" 200 75 3 Nacos-Java-Client:v1.2.1
127.0.0.1 - - [19/Aug/2022:11:12:26 +0800] "PUT /nacos/v1/ns/instance/beat?app=unknown&namespaceId=30a7f7f1-f414-4acc-8a4b-bbb5808727d5&port=7019&clusterName=DEFAULT&ip=192.168.255.1&serviceName=example%40%40mftcc-gateway&encoding=UTF-8 HTTP/1.1" 200 75 3 Nacos-Java-Client:v1.2.1
127.0.0.1 - - [19/Aug/2022:11:12:26 +0800] "PUT /nacos/v1/ns/instance/beat?app=mftcc-sys-server&namespaceId=30a7f7f1-f414-4acc-8a4b-bbb5808727d5&port=8071&clusterName=DEFAULT&ip=192.168.255.1&serviceName=example%40%40mftcc-sys-server&encoding=UTF-8 HTTP/1.1" 200 75 3 Nacos-Java-Client:v1.2.1
127.0.0.1 - - [19/Aug/2022:11:12:27 +0800] "GET /nacos/v1/ns/instance/list?app=unknown&healthyOnly=false&namespaceId=30a7f7f1-f414-4acc-8a4b-bbb5808727d5&clientIP=192.168.72.1&serviceName=example%40%40mftcc-gateway&udpPort=64741&encoding=UTF-8 HTTP/1.1" 200 548 2 Nacos-Java-Client:v1.2.1
192.168.255.1 - - [19/Aug/2022:11:12:29 +0800] "GET /nacos/v1/cs/health HTTP/1.1" 200 2 4 Apache-HttpAsyncClient/4.1.3 (Java/1.8.0_144)
127.0.0.1 - - [19/Aug/2022:11:12:29 +0800] "PUT /nacos/v1/ns/instance/beat?app=mftcc-example-server&namespaceId=30a7f7f1-f414-4acc-8a4b-bbb5808727d5&port=8060&clusterName=DEFAULT&ip=192.168.255.1&serviceName=example%40%40mftcc-example-server&encoding=UTF-8 HTTP/1.1" 200 75 4 Nacos-Java-Client:v1.2.1
127.0.0.1 - - [19/Aug/2022:11:12:30 +0800] "GET /nacos/v1/ns/service/list?app=unknown&pageSize=2147483647&groupName=example&encoding=UTF-8&namespaceId=30a7f7f1-f414-4acc-8a4b-bbb5808727d5&pageNo=1 HTTP/1.1" 200 89 3 Nacos-Java-Client:v1.2.1
127.0.0.1 - - [19/Aug/2022:11:12:31 +0800] "PUT /nacos/v1/ns/instance/beat?app=unknown&namespaceId=30a7f7f1-f414-4acc-8a4b-bbb5808727d5&port=7019&clusterName=DEFAULT&ip=192.168.255.1&serviceName=example%40%40mftcc-gateway&encoding=UTF-8 HTTP/1.1" 200 75 2 Nacos-Java-Client:v1.2.1
127.0.0.1 - - [19/Aug/2022:11:12:31 +0800] "PUT /nacos/v1/ns/instance/beat?app=mftcc-sys-server&namespaceId=30a7f7f1-f414-4acc-8a4b-bbb5808727d5&port=8071&clusterName=DEFAULT&ip=192.168.255.1&serviceName=example%40%40mftcc-sys-server&encoding=UTF-8 HTTP/1.1" 200 75 2 Nacos-Java-Client:v1.2.1
127.0.0.1 - - [19/Aug/2022:11:12:31 +0800] "GET /nacos/v1/ns/instance/list?app=unknown&healthyOnly=false&namespaceId=30a7f7f1-f414-4acc-8a4b-bbb5808727d5&clientIP=192.168.72.1&serviceName=example%40%40mftcc-sys-server&udpPort=64741&encoding=UTF-8 HTTP/1.1" 200 560 1 Nacos-Java-Client:v1.2.1
127.0.0.1 - - [19/Aug/2022:11:12:31 +0800] "GET /nacos/v1/ns/instance/list?app=unknown&healthyOnly=false&namespaceId=30a7f7f1-f414-4acc-8a4b-bbb5808727d5&clientIP=192.168.72.1&serviceName=example%40%40mftcc-example-server&udpPort=64741&encoding=UTF-8 HTTP/1.1" 200 576 2 Nacos-Java-Client:v1.2.1
127.0.0.1 - - [19/Aug/2022:11:12:32 +0800] "POST /nacos/v1/cs/configs/listener HTTP/1.1" 200 - 29517 Java/1.8.0_144
192.168.255.1 - - [19/Aug/2022:11:12:34 +0800] "GET /nacos/v1/cs/health HTTP/1.1" 200 2 2 Apache-HttpAsyncClient/4.1.3 (Java/1.8.0_144)
127.0.0.1 - - [19/Aug/2022:11:12:34 +0800] "PUT /nacos/v1/ns/instance/beat?app=mftcc-example-server&namespaceId=30a7f7f1-f414-4acc-8a4b-bbb5808727d5&port=8060&clusterName=DEFAULT&ip=192.168.255.1&serviceName=example%40%40mftcc-example-server&encoding=UTF-8 HTTP/1.1" 200 75 2 Nacos-Java-Client:v1.2.1
127.0.0.1 - - [19/Aug/2022:11:12:36 +0800] "PUT /nacos/v1/ns/instance/beat?app=unknown&namespaceId=30a7f7f1-f414-4acc-8a4b-bbb5808727d5&port=7019&clusterName=DEFAULT&ip=192.168.255.1&serviceName=example%40%40mftcc-gateway&encoding=UTF-8 HTTP/1.1" 200 75 4 Nacos-Java-Client:v1.2.1
127.0.0.1 - - [19/Aug/2022:11:12:36 +0800] "PUT /nacos/v1/ns/instance/beat?app=mftcc-sys-server&namespaceId=30a7f7f1-f414-4acc-8a4b-bbb5808727d5&port=8071&clusterName=DEFAULT&ip=192.168.255.1&serviceName=example%40%40mftcc-sys-server&encoding=UTF-8 HTTP/1.1" 200 75 2 Nacos-Java-Client:v1.2.1
127.0.0.1 - - [19/Aug/2022:11:12:37 +0800] "GET /nacos/v1/ns/instance/list?app=unknown&healthyOnly=false&namespaceId=30a7f7f1-f414-4acc-8a4b-bbb5808727d5&clientIP=192.168.72.1&serviceName=example%40%40mftcc-gateway&udpPort=64741&encoding=UTF-8 HTTP/1.1" 200 548 3 Nacos-Java-Client:v1.2.1
192.168.255.1 - - [19/Aug/2022:11:12:39 +0800] "GET /nacos/v1/cs/health HTTP/1.1" 200 2 3 Apache-HttpAsyncClient/4.1.3 (Java/1.8.0_144)
127.0.0.1 - - [19/Aug/2022:11:12:39 +0800] "PUT /nacos/v1/ns/instance/beat?app=mftcc-example-server&namespaceId=30a7f7f1-f414-4acc-8a4b-bbb5808727d5&port=8060&clusterName=DEFAULT&ip=192.168.255.1&serviceName=example%40%40mftcc-example-server&encoding=UTF-8 HTTP/1.1" 200 75 2 Nacos-Java-Client:v1.2.1
127.0.0.1 - - [19/Aug/2022:11:12:41 +0800] "PUT /nacos/v1/ns/instance/beat?app=unknown&namespaceId=30a7f7f1-f414-4acc-8a4b-bbb5808727d5&port=7019&clusterName=DEFAULT&ip=192.168.255.1&serviceName=example%40%40mftcc-gateway&encoding=UTF-8 HTTP/1.1" 200 75 5 Nacos-Java-Client:v1.2.1
127.0.0.1 - - [19/Aug/2022:11:12:41 +0800] "PUT /nacos/v1/ns/instance/beat?app=mftcc-sys-server&namespaceId=30a7f7f1-f414-4acc-8a4b-bbb5808727d5&port=8071&clusterName=DEFAULT&ip=192.168.255.1&serviceName=example%40%40mftcc-sys-server&encoding=UTF-8 HTTP/1.1" 200 75 1 Nacos-Java-Client:v1.2.1
127.0.0.1 - - [19/Aug/2022:11:12:41 +0800] "GET /nacos/v1/ns/instance/list?app=unknown&healthyOnly=false&namespaceId=30a7f7f1-f414-4acc-8a4b-bbb5808727d5&clientIP=192.168.72.1&serviceName=example%40%40mftcc-sys-server&udpPort=64741&encoding=UTF-8 HTTP/1.1" 200 560 6 Nacos-Java-Client:v1.2.1
127.0.0.1 - - [19/Aug/2022:11:12:41 +0800] "GET /nacos/v1/ns/instance/list?app=unknown&healthyOnly=false&namespaceId=30a7f7f1-f414-4acc-8a4b-bbb5808727d5&clientIP=192.168.72.1&serviceName=example%40%40mftcc-example-server&udpPort=64741&encoding=UTF-8 HTTP/1.1" 200 576 7 Nacos-Java-Client:v1.2.1
192.168.255.1 - - [19/Aug/2022:11:12:44 +0800] "GET /nacos/v1/cs/health HTTP/1.1" 200 2 2 Apache-HttpAsyncClient/4.1.3 (Java/1.8.0_144)
127.0.0.1 - - [19/Aug/2022:11:12:44 +0800] "PUT /nacos/v1/ns/instance/beat?app=mftcc-example-server&namespaceId=30a7f7f1-f414-4acc-8a4b-bbb5808727d5&port=8060&clusterName=DEFAULT&ip=192.168.255.1&serviceName=example%40%40mftcc-example-server&encoding=UTF-8 HTTP/1.1" 200 75 4 Nacos-Java-Client:v1.2.1
127.0.0.1 - - [19/Aug/2022:11:12:46 +0800] "PUT /nacos/v1/ns/instance/beat?app=unknown&namespaceId=30a7f7f1-f414-4acc-8a4b-bbb5808727d5&port=7019&clusterName=DEFAULT&ip=192.168.255.1&serviceName=example%40%40mftcc-gateway&encoding=UTF-8 HTTP/1.1" 200 75 5 Nacos-Java-Client:v1.2.1
127.0.0.1 - - [19/Aug/2022:11:12:46 +0800] "PUT /nacos/v1/ns/instance/beat?app=mftcc-sys-server&namespaceId=30a7f7f1-f414-4acc-8a4b-bbb5808727d5&port=8071&clusterName=DEFAULT&ip=192.168.255.1&serviceName=example%40%40mftcc-sys-server&encoding=UTF-8 HTTP/1.1" 200 75 2 Nacos-Java-Client:v1.2.1
127.0.0.1 - - [19/Aug/2022:11:12:47 +0800] "GET /nacos/v1/ns/instance/list?app=unknown&healthyOnly=false&namespaceId=30a7f7f1-f414-4acc-8a4b-bbb5808727d5&clientIP=192.168.72.1&serviceName=example%40%40mftcc-gateway&udpPort=64741&encoding=UTF-8 HTTP/1.1" 200 548 5 Nacos-Java-Client:v1.2.1
127.0.0.1 - - [19/Aug/2022:11:12:47 +0800] "POST /nacos/v1/cs/configs/listener HTTP/1.1" 200 - 29516 Java/1.8.0_144
192.168.255.1 - - [19/Aug/2022:11:12:49 +0800] "GET /nacos/v1/cs/health HTTP/1.1" 200 2 7 Apache-HttpAsyncClient/4.1.3 (Java/1.8.0_144)
127.0.0.1 - - [19/Aug/2022:11:12:49 +0800] "POST /nacos/v1/cs/configs/listener HTTP/1.1" 200 - 29516 Java/1.8.0_144
127.0.0.1 - - [19/Aug/2022:11:12:49 +0800] "PUT /nacos/v1/ns/instance/beat?app=mftcc-example-server&namespaceId=30a7f7f1-f414-4acc-8a4b-bbb5808727d5&port=8060&clusterName=DEFAULT&ip=192.168.255.1&serviceName=example%40%40mftcc-example-server&encoding=UTF-8 HTTP/1.1" 200 75 2 Nacos-Java-Client:v1.2.1
127.0.0.1 - - [19/Aug/2022:11:12:51 +0800] "PUT /nacos/v1/ns/instance/beat?app=unknown&namespaceId=30a7f7f1-f414-4acc-8a4b-bbb5808727d5&port=7019&clusterName=DEFAULT&ip=192.168.255.1&serviceName=example%40%40mftcc-gateway&encoding=UTF-8 HTTP/1.1" 200 75 3 Nacos-Java-Client:v1.2.1
127.0.0.1 - - [19/Aug/2022:11:12:51 +0800] "PUT /nacos/v1/ns/instance/beat?app=mftcc-sys-server&namespaceId=30a7f7f1-f414-4acc-8a4b-bbb5808727d5&port=8071&clusterName=DEFAULT&ip=192.168.255.1&serviceName=example%40%40mftcc-sys-server&encoding=UTF-8 HTTP/1.1" 200 75 2 Nacos-Java-Client:v1.2.1
127.0.0.1 - - [19/Aug/2022:11:12:51 +0800] "GET /nacos/v1/ns/instance/list?app=unknown&healthyOnly=false&namespaceId=30a7f7f1-f414-4acc-8a4b-bbb5808727d5&clientIP=192.168.72.1&serviceName=example%40%40mftcc-sys-server&udpPort=64741&encoding=UTF-8 HTTP/1.1" 200 560 2 Nacos-Java-Client:v1.2.1
127.0.0.1 - - [19/Aug/2022:11:12:51 +0800] "GET /nacos/v1/ns/instance/list?app=unknown&healthyOnly=false&namespaceId=30a7f7f1-f414-4acc-8a4b-bbb5808727d5&clientIP=192.168.72.1&serviceName=example%40%40mftcc-example-server&udpPort=64741&encoding=UTF-8 HTTP/1.1" 200 576 3 Nacos-Java-Client:v1.2.1
192.168.255.1 - - [19/Aug/2022:11:12:54 +0800] "GET /nacos/v1/cs/health HTTP/1.1" 200 2 9 Apache-HttpAsyncClient/4.1.3 (Java/1.8.0_144)
127.0.0.1 - - [19/Aug/2022:11:12:54 +0800] "PUT /nacos/v1/ns/instance/beat?app=mftcc-example-server&namespaceId=30a7f7f1-f414-4acc-8a4b-bbb5808727d5&port=8060&clusterName=DEFAULT&ip=192.168.255.1&serviceName=example%40%40mftcc-example-server&encoding=UTF-8 HTTP/1.1" 200 75 2 Nacos-Java-Client:v1.2.1
127.0.0.1 - - [19/Aug/2022:11:12:54 +0800] "POST /nacos/v1/ns/instance?app=unknown&metadata=%7B%22preserved.register.source%22%3A%22SPRING_CLOUD%22%7D&ip=192.168.255.1&weight=1.0&ephemeral=true&serviceName=example%40%40mftcc-flowable-server&encoding=UTF-8&groupName=example&namespaceId=30a7f7f1-f414-4acc-8a4b-bbb5808727d5&port=8039&enable=true&healthy=true&clusterName=DEFAULT HTTP/1.1" 200 2 3 Nacos-Java-Client:v1.2.1
