127.0.0.1 - - [24/Aug/2022:09:52:59 +0800] "PUT /nacos/v1/ns/instance/beat?app=unknown&namespaceId=30a7f7f1-f414-4acc-8a4b-bbb5808727d5&port=7019&clusterName=DEFAULT&ip=192.168.255.1&serviceName=example%40%40mftcc-gateway&encoding=UTF-8 HTTP/1.1" 200 75 2 Nacos-Java-Client:v1.2.1
192.168.255.1 - - [24/Aug/2022:09:52:59 +0800] "GET /nacos/v1/cs/health HTTP/1.1" 200 2 2 Apache-HttpAsyncClient/4.1.3 (Java/1.8.0_144)
127.0.0.1 - - [24/Aug/2022:09:53:00 +0800] "PUT /nacos/v1/ns/instance/beat?app=mftcc-example-server&namespaceId=30a7f7f1-f414-4acc-8a4b-bbb5808727d5&port=8060&clusterName=DEFAULT&ip=192.168.255.1&serviceName=example%40%40mftcc-example-server&encoding=UTF-8 HTTP/1.1" 200 75 2 Nacos-Java-Client:v1.2.1
192.168.1.33 - - [24/Aug/2022:09:53:00 +0800] "PUT /nacos/v1/ns/instance/beat?app=unknown&namespaceId=30a7f7f1-f414-4acc-8a4b-bbb5808727d5&port=9999&clusterName=DEFAULT&ip=192.168.255.1&serviceName=example%40%40mftcc-rule-server&encoding=UTF-8 HTTP/1.1" 200 75 2 Nacos-Java-Client:v1.2.1
127.0.0.1 - - [24/Aug/2022:09:53:00 +0800] "PUT /nacos/v1/ns/instance/beat?app=mftcc-sys-server&namespaceId=30a7f7f1-f414-4acc-8a4b-bbb5808727d5&port=8071&clusterName=DEFAULT&ip=192.168.255.1&serviceName=example%40%40mftcc-sys-server&encoding=UTF-8 HTTP/1.1" 200 75 0 Nacos-Java-Client:v1.2.1
127.0.0.1 - - [24/Aug/2022:09:53:04 +0800] "PUT /nacos/v1/ns/instance/beat?app=unknown&namespaceId=30a7f7f1-f414-4acc-8a4b-bbb5808727d5&port=7019&clusterName=DEFAULT&ip=192.168.255.1&serviceName=example%40%40mftcc-gateway&encoding=UTF-8 HTTP/1.1" 200 75 1 Nacos-Java-Client:v1.2.1
127.0.0.1 - - [24/Aug/2022:09:53:04 +0800] "GET /nacos/v1/ns/instance/list?app=unknown&healthyOnly=false&namespaceId=30a7f7f1-f414-4acc-8a4b-bbb5808727d5&clientIP=192.168.72.1&serviceName=example%40%40mftcc-gateway&udpPort=64166&encoding=UTF-8 HTTP/1.1" 200 548 5 Nacos-Java-Client:v1.2.1
192.168.255.1 - - [24/Aug/2022:09:53:04 +0800] "GET /nacos/v1/cs/health HTTP/1.1" 200 2 1 Apache-HttpAsyncClient/4.1.3 (Java/1.8.0_144)
127.0.0.1 - - [24/Aug/2022:09:53:05 +0800] "PUT /nacos/v1/ns/instance/beat?app=mftcc-example-server&namespaceId=30a7f7f1-f414-4acc-8a4b-bbb5808727d5&port=8060&clusterName=DEFAULT&ip=192.168.255.1&serviceName=example%40%40mftcc-example-server&encoding=UTF-8 HTTP/1.1" 200 75 4 Nacos-Java-Client:v1.2.1
192.168.1.33 - - [24/Aug/2022:09:53:05 +0800] "PUT /nacos/v1/ns/instance/beat?app=unknown&namespaceId=30a7f7f1-f414-4acc-8a4b-bbb5808727d5&port=9999&clusterName=DEFAULT&ip=192.168.255.1&serviceName=example%40%40mftcc-rule-server&encoding=UTF-8 HTTP/1.1" 200 75 1 Nacos-Java-Client:v1.2.1
127.0.0.1 - - [24/Aug/2022:09:53:05 +0800] "PUT /nacos/v1/ns/instance/beat?app=mftcc-sys-server&namespaceId=30a7f7f1-f414-4acc-8a4b-bbb5808727d5&port=8071&clusterName=DEFAULT&ip=192.168.255.1&serviceName=example%40%40mftcc-sys-server&encoding=UTF-8 HTTP/1.1" 200 75 1 Nacos-Java-Client:v1.2.1
127.0.0.1 - - [24/Aug/2022:09:53:07 +0800] "POST /nacos/v1/cs/configs/listener HTTP/1.1" 200 - 29508 Java/1.8.0_144
192.168.1.33 - - [24/Aug/2022:09:53:07 +0800] "POST /nacos/v1/cs/configs/listener HTTP/1.1" 200 - 29504 Java/1.8.0_144
127.0.0.1 - - [24/Aug/2022:09:53:08 +0800] "GET /nacos/v1/ns/instance/list?app=unknown&healthyOnly=false&namespaceId=30a7f7f1-f414-4acc-8a4b-bbb5808727d5&clientIP=192.168.72.1&serviceName=example%40%40mftcc-rule-server&udpPort=64166&encoding=UTF-8 HTTP/1.1" 200 564 2 Nacos-Java-Client:v1.2.1
127.0.0.1 - - [24/Aug/2022:09:53:08 +0800] "GET /nacos/v1/ns/instance/list?app=unknown&healthyOnly=false&namespaceId=30a7f7f1-f414-4acc-8a4b-bbb5808727d5&clientIP=192.168.72.1&serviceName=example%40%40mftcc-example-server&udpPort=64166&encoding=UTF-8 HTTP/1.1" 200 576 3 Nacos-Java-Client:v1.2.1
127.0.0.1 - - [24/Aug/2022:09:53:08 +0800] "GET /nacos/v1/ns/instance/list?app=unknown&healthyOnly=false&namespaceId=30a7f7f1-f414-4acc-8a4b-bbb5808727d5&clientIP=192.168.72.1&serviceName=example%40%40mftcc-sys-server&udpPort=64166&encoding=UTF-8 HTTP/1.1" 200 560 3 Nacos-Java-Client:v1.2.1
127.0.0.1 - - [24/Aug/2022:09:53:09 +0800] "PUT /nacos/v1/ns/instance/beat?app=unknown&namespaceId=30a7f7f1-f414-4acc-8a4b-bbb5808727d5&port=7019&clusterName=DEFAULT&ip=192.168.255.1&serviceName=example%40%40mftcc-gateway&encoding=UTF-8 HTTP/1.1" 200 75 1 Nacos-Java-Client:v1.2.1
192.168.255.1 - - [24/Aug/2022:09:53:09 +0800] "GET /nacos/v1/cs/health HTTP/1.1" 200 2 1 Apache-HttpAsyncClient/4.1.3 (Java/1.8.0_144)
127.0.0.1 - - [24/Aug/2022:09:53:10 +0800] "POST /nacos/v1/cs/configs/listener HTTP/1.1" 200 - 29513 Java/1.8.0_144
127.0.0.1 - - [24/Aug/2022:09:53:10 +0800] "PUT /nacos/v1/ns/instance/beat?app=mftcc-example-server&namespaceId=30a7f7f1-f414-4acc-8a4b-bbb5808727d5&port=8060&clusterName=DEFAULT&ip=192.168.255.1&serviceName=example%40%40mftcc-example-server&encoding=UTF-8 HTTP/1.1" 200 75 3 Nacos-Java-Client:v1.2.1
192.168.1.33 - - [24/Aug/2022:09:53:10 +0800] "PUT /nacos/v1/ns/instance/beat?app=unknown&namespaceId=30a7f7f1-f414-4acc-8a4b-bbb5808727d5&port=9999&clusterName=DEFAULT&ip=192.168.255.1&serviceName=example%40%40mftcc-rule-server&encoding=UTF-8 HTTP/1.1" 200 75 3 Nacos-Java-Client:v1.2.1
127.0.0.1 - - [24/Aug/2022:09:53:10 +0800] "PUT /nacos/v1/ns/instance/beat?app=mftcc-sys-server&namespaceId=30a7f7f1-f414-4acc-8a4b-bbb5808727d5&port=8071&clusterName=DEFAULT&ip=192.168.255.1&serviceName=example%40%40mftcc-sys-server&encoding=UTF-8 HTTP/1.1" 200 75 0 Nacos-Java-Client:v1.2.1
127.0.0.1 - - [24/Aug/2022:09:53:14 +0800] "PUT /nacos/v1/ns/instance/beat?app=unknown&namespaceId=30a7f7f1-f414-4acc-8a4b-bbb5808727d5&port=7019&clusterName=DEFAULT&ip=192.168.255.1&serviceName=example%40%40mftcc-gateway&encoding=UTF-8 HTTP/1.1" 200 75 1 Nacos-Java-Client:v1.2.1
127.0.0.1 - - [24/Aug/2022:09:53:14 +0800] "GET /nacos/v1/ns/instance/list?app=unknown&healthyOnly=false&namespaceId=30a7f7f1-f414-4acc-8a4b-bbb5808727d5&clientIP=192.168.72.1&serviceName=example%40%40mftcc-gateway&udpPort=64166&encoding=UTF-8 HTTP/1.1" 200 548 1 Nacos-Java-Client:v1.2.1
192.168.255.1 - - [24/Aug/2022:09:53:14 +0800] "GET /nacos/v1/cs/health HTTP/1.1" 200 2 1 Apache-HttpAsyncClient/4.1.3 (Java/1.8.0_144)
127.0.0.1 - - [24/Aug/2022:09:53:15 +0800] "PUT /nacos/v1/ns/instance/beat?app=mftcc-example-server&namespaceId=30a7f7f1-f414-4acc-8a4b-bbb5808727d5&port=8060&clusterName=DEFAULT&ip=192.168.255.1&serviceName=example%40%40mftcc-example-server&encoding=UTF-8 HTTP/1.1" 200 75 3 Nacos-Java-Client:v1.2.1
192.168.1.33 - - [24/Aug/2022:09:53:15 +0800] "PUT /nacos/v1/ns/instance/beat?app=unknown&namespaceId=30a7f7f1-f414-4acc-8a4b-bbb5808727d5&port=9999&clusterName=DEFAULT&ip=192.168.255.1&serviceName=example%40%40mftcc-rule-server&encoding=UTF-8 HTTP/1.1" 200 75 1 Nacos-Java-Client:v1.2.1
127.0.0.1 - - [24/Aug/2022:09:53:15 +0800] "PUT /nacos/v1/ns/instance/beat?app=mftcc-sys-server&namespaceId=30a7f7f1-f414-4acc-8a4b-bbb5808727d5&port=8071&clusterName=DEFAULT&ip=192.168.255.1&serviceName=example%40%40mftcc-sys-server&encoding=UTF-8 HTTP/1.1" 200 75 25 Nacos-Java-Client:v1.2.1
127.0.0.1 - - [24/Aug/2022:09:53:17 +0800] "GET /nacos/v1/ns/service/list?app=unknown&pageSize=2147483647&groupName=example&encoding=UTF-8&namespaceId=30a7f7f1-f414-4acc-8a4b-bbb5808727d5&pageNo=1 HTTP/1.1" 200 109 2 Nacos-Java-Client:v1.2.1
192.168.1.33 - - [24/Aug/2022:09:53:18 +0800] "POST /nacos/v1/cs/configs/listener HTTP/1.1" 200 - 29513 Java/1.8.0_144
127.0.0.1 - - [24/Aug/2022:09:53:18 +0800] "GET /nacos/v1/ns/instance/list?app=unknown&healthyOnly=false&namespaceId=30a7f7f1-f414-4acc-8a4b-bbb5808727d5&clientIP=192.168.72.1&serviceName=example%40%40mftcc-rule-server&udpPort=64166&encoding=UTF-8 HTTP/1.1" 200 564 1 Nacos-Java-Client:v1.2.1
127.0.0.1 - - [24/Aug/2022:09:53:18 +0800] "GET /nacos/v1/ns/instance/list?app=unknown&healthyOnly=false&namespaceId=30a7f7f1-f414-4acc-8a4b-bbb5808727d5&clientIP=192.168.72.1&serviceName=example%40%40mftcc-example-server&udpPort=64166&encoding=UTF-8 HTTP/1.1" 200 576 1 Nacos-Java-Client:v1.2.1
127.0.0.1 - - [24/Aug/2022:09:53:18 +0800] "GET /nacos/v1/ns/instance/list?app=unknown&healthyOnly=false&namespaceId=30a7f7f1-f414-4acc-8a4b-bbb5808727d5&clientIP=192.168.72.1&serviceName=example%40%40mftcc-sys-server&udpPort=64166&encoding=UTF-8 HTTP/1.1" 200 560 1 Nacos-Java-Client:v1.2.1
127.0.0.1 - - [24/Aug/2022:09:53:19 +0800] "PUT /nacos/v1/ns/instance/beat?app=unknown&namespaceId=30a7f7f1-f414-4acc-8a4b-bbb5808727d5&port=7019&clusterName=DEFAULT&ip=192.168.255.1&serviceName=example%40%40mftcc-gateway&encoding=UTF-8 HTTP/1.1" 200 75 1 Nacos-Java-Client:v1.2.1
192.168.255.1 - - [24/Aug/2022:09:53:19 +0800] "GET /nacos/v1/cs/health HTTP/1.1" 200 2 1 Apache-HttpAsyncClient/4.1.3 (Java/1.8.0_144)
127.0.0.1 - - [24/Aug/2022:09:53:20 +0800] "PUT /nacos/v1/ns/instance/beat?app=mftcc-example-server&namespaceId=30a7f7f1-f414-4acc-8a4b-bbb5808727d5&port=8060&clusterName=DEFAULT&ip=192.168.255.1&serviceName=example%40%40mftcc-example-server&encoding=UTF-8 HTTP/1.1" 200 75 1 Nacos-Java-Client:v1.2.1
192.168.1.33 - - [24/Aug/2022:09:53:20 +0800] "PUT /nacos/v1/ns/instance/beat?app=unknown&namespaceId=30a7f7f1-f414-4acc-8a4b-bbb5808727d5&port=9999&clusterName=DEFAULT&ip=192.168.255.1&serviceName=example%40%40mftcc-rule-server&encoding=UTF-8 HTTP/1.1" 200 75 1 Nacos-Java-Client:v1.2.1
127.0.0.1 - - [24/Aug/2022:09:53:20 +0800] "PUT /nacos/v1/ns/instance/beat?app=mftcc-sys-server&namespaceId=30a7f7f1-f414-4acc-8a4b-bbb5808727d5&port=8071&clusterName=DEFAULT&ip=192.168.255.1&serviceName=example%40%40mftcc-sys-server&encoding=UTF-8 HTTP/1.1" 200 75 2 Nacos-Java-Client:v1.2.1
127.0.0.1 - - [24/Aug/2022:09:53:24 +0800] "PUT /nacos/v1/ns/instance/beat?app=unknown&namespaceId=30a7f7f1-f414-4acc-8a4b-bbb5808727d5&port=7019&clusterName=DEFAULT&ip=192.168.255.1&serviceName=example%40%40mftcc-gateway&encoding=UTF-8 HTTP/1.1" 200 75 1 Nacos-Java-Client:v1.2.1
127.0.0.1 - - [24/Aug/2022:09:53:24 +0800] "GET /nacos/v1/ns/instance/list?app=unknown&healthyOnly=false&namespaceId=30a7f7f1-f414-4acc-8a4b-bbb5808727d5&clientIP=192.168.72.1&serviceName=example%40%40mftcc-gateway&udpPort=64166&encoding=UTF-8 HTTP/1.1" 200 548 4 Nacos-Java-Client:v1.2.1
192.168.255.1 - - [24/Aug/2022:09:53:24 +0800] "GET /nacos/v1/cs/health HTTP/1.1" 200 2 2 Apache-HttpAsyncClient/4.1.3 (Java/1.8.0_144)
127.0.0.1 - - [24/Aug/2022:09:53:25 +0800] "PUT /nacos/v1/ns/instance/beat?app=mftcc-example-server&namespaceId=30a7f7f1-f414-4acc-8a4b-bbb5808727d5&port=8060&clusterName=DEFAULT&ip=192.168.255.1&serviceName=example%40%40mftcc-example-server&encoding=UTF-8 HTTP/1.1" 200 75 3 Nacos-Java-Client:v1.2.1
192.168.1.33 - - [24/Aug/2022:09:53:25 +0800] "PUT /nacos/v1/ns/instance/beat?app=unknown&namespaceId=30a7f7f1-f414-4acc-8a4b-bbb5808727d5&port=9999&clusterName=DEFAULT&ip=192.168.255.1&serviceName=example%40%40mftcc-rule-server&encoding=UTF-8 HTTP/1.1" 200 75 2 Nacos-Java-Client:v1.2.1
127.0.0.1 - - [24/Aug/2022:09:53:25 +0800] "PUT /nacos/v1/ns/instance/beat?app=mftcc-sys-server&namespaceId=30a7f7f1-f414-4acc-8a4b-bbb5808727d5&port=8071&clusterName=DEFAULT&ip=192.168.255.1&serviceName=example%40%40mftcc-sys-server&encoding=UTF-8 HTTP/1.1" 200 75 1 Nacos-Java-Client:v1.2.1
127.0.0.1 - - [24/Aug/2022:09:53:28 +0800] "GET /nacos/v1/ns/instance/list?app=unknown&healthyOnly=false&namespaceId=30a7f7f1-f414-4acc-8a4b-bbb5808727d5&clientIP=192.168.72.1&serviceName=example%40%40mftcc-rule-server&udpPort=64166&encoding=UTF-8 HTTP/1.1" 200 564 2 Nacos-Java-Client:v1.2.1
127.0.0.1 - - [24/Aug/2022:09:53:28 +0800] "GET /nacos/v1/ns/instance/list?app=unknown&healthyOnly=false&namespaceId=30a7f7f1-f414-4acc-8a4b-bbb5808727d5&clientIP=192.168.72.1&serviceName=example%40%40mftcc-example-server&udpPort=64166&encoding=UTF-8 HTTP/1.1" 200 576 1 Nacos-Java-Client:v1.2.1
127.0.0.1 - - [24/Aug/2022:09:53:28 +0800] "GET /nacos/v1/ns/instance/list?app=unknown&healthyOnly=false&namespaceId=30a7f7f1-f414-4acc-8a4b-bbb5808727d5&clientIP=192.168.72.1&serviceName=example%40%40mftcc-sys-server&udpPort=64166&encoding=UTF-8 HTTP/1.1" 200 560 1 Nacos-Java-Client:v1.2.1
127.0.0.1 - - [24/Aug/2022:09:53:29 +0800] "PUT /nacos/v1/ns/instance/beat?app=unknown&namespaceId=30a7f7f1-f414-4acc-8a4b-bbb5808727d5&port=7019&clusterName=DEFAULT&ip=192.168.255.1&serviceName=example%40%40mftcc-gateway&encoding=UTF-8 HTTP/1.1" 200 75 1 Nacos-Java-Client:v1.2.1
192.168.255.1 - - [24/Aug/2022:09:53:29 +0800] "GET /nacos/v1/cs/health HTTP/1.1" 200 2 2 Apache-HttpAsyncClient/4.1.3 (Java/1.8.0_144)
127.0.0.1 - - [24/Aug/2022:09:53:30 +0800] "PUT /nacos/v1/ns/instance/beat?app=mftcc-example-server&namespaceId=30a7f7f1-f414-4acc-8a4b-bbb5808727d5&port=8060&clusterName=DEFAULT&ip=192.168.255.1&serviceName=example%40%40mftcc-example-server&encoding=UTF-8 HTTP/1.1" 200 75 2 Nacos-Java-Client:v1.2.1
192.168.1.33 - - [24/Aug/2022:09:53:30 +0800] "PUT /nacos/v1/ns/instance/beat?app=unknown&namespaceId=30a7f7f1-f414-4acc-8a4b-bbb5808727d5&port=9999&clusterName=DEFAULT&ip=192.168.255.1&serviceName=example%40%40mftcc-rule-server&encoding=UTF-8 HTTP/1.1" 200 75 1 Nacos-Java-Client:v1.2.1
127.0.0.1 - - [24/Aug/2022:09:53:30 +0800] "PUT /nacos/v1/ns/instance/beat?app=mftcc-sys-server&namespaceId=30a7f7f1-f414-4acc-8a4b-bbb5808727d5&port=8071&clusterName=DEFAULT&ip=192.168.255.1&serviceName=example%40%40mftcc-sys-server&encoding=UTF-8 HTTP/1.1" 200 75 2 Nacos-Java-Client:v1.2.1
127.0.0.1 - - [24/Aug/2022:09:53:34 +0800] "PUT /nacos/v1/ns/instance/beat?app=unknown&namespaceId=30a7f7f1-f414-4acc-8a4b-bbb5808727d5&port=7019&clusterName=DEFAULT&ip=192.168.255.1&serviceName=example%40%40mftcc-gateway&encoding=UTF-8 HTTP/1.1" 200 75 2 Nacos-Java-Client:v1.2.1
127.0.0.1 - - [24/Aug/2022:09:53:34 +0800] "GET /nacos/v1/ns/instance/list?app=unknown&healthyOnly=false&namespaceId=30a7f7f1-f414-4acc-8a4b-bbb5808727d5&clientIP=192.168.72.1&serviceName=example%40%40mftcc-gateway&udpPort=64166&encoding=UTF-8 HTTP/1.1" 200 548 1 Nacos-Java-Client:v1.2.1
192.168.255.1 - - [24/Aug/2022:09:53:34 +0800] "GET /nacos/v1/cs/health HTTP/1.1" 200 2 1 Apache-HttpAsyncClient/4.1.3 (Java/1.8.0_144)
127.0.0.1 - - [24/Aug/2022:09:53:35 +0800] "PUT /nacos/v1/ns/instance/beat?app=mftcc-example-server&namespaceId=30a7f7f1-f414-4acc-8a4b-bbb5808727d5&port=8060&clusterName=DEFAULT&ip=192.168.255.1&serviceName=example%40%40mftcc-example-server&encoding=UTF-8 HTTP/1.1" 200 75 2 Nacos-Java-Client:v1.2.1
192.168.1.33 - - [24/Aug/2022:09:53:35 +0800] "PUT /nacos/v1/ns/instance/beat?app=unknown&namespaceId=30a7f7f1-f414-4acc-8a4b-bbb5808727d5&port=9999&clusterName=DEFAULT&ip=192.168.255.1&serviceName=example%40%40mftcc-rule-server&encoding=UTF-8 HTTP/1.1" 200 75 1 Nacos-Java-Client:v1.2.1
127.0.0.1 - - [24/Aug/2022:09:53:35 +0800] "PUT /nacos/v1/ns/instance/beat?app=mftcc-sys-server&namespaceId=30a7f7f1-f414-4acc-8a4b-bbb5808727d5&port=8071&clusterName=DEFAULT&ip=192.168.255.1&serviceName=example%40%40mftcc-sys-server&encoding=UTF-8 HTTP/1.1" 200 75 0 Nacos-Java-Client:v1.2.1
127.0.0.1 - - [24/Aug/2022:09:53:36 +0800] "POST /nacos/v1/cs/configs/listener HTTP/1.1" 200 - 29506 Java/1.8.0_144
192.168.1.33 - - [24/Aug/2022:09:53:37 +0800] "POST /nacos/v1/cs/configs/listener HTTP/1.1" 200 - 29510 Java/1.8.0_144
127.0.0.1 - - [24/Aug/2022:09:53:38 +0800] "GET /nacos/v1/ns/instance/list?app=unknown&healthyOnly=false&namespaceId=30a7f7f1-f414-4acc-8a4b-bbb5808727d5&clientIP=192.168.72.1&serviceName=example%40%40mftcc-rule-server&udpPort=64166&encoding=UTF-8 HTTP/1.1" 200 564 1 Nacos-Java-Client:v1.2.1
127.0.0.1 - - [24/Aug/2022:09:53:38 +0800] "GET /nacos/v1/ns/instance/list?app=unknown&healthyOnly=false&namespaceId=30a7f7f1-f414-4acc-8a4b-bbb5808727d5&clientIP=192.168.72.1&serviceName=example%40%40mftcc-example-server&udpPort=64166&encoding=UTF-8 HTTP/1.1" 200 576 4 Nacos-Java-Client:v1.2.1
127.0.0.1 - - [24/Aug/2022:09:53:38 +0800] "GET /nacos/v1/ns/instance/list?app=unknown&healthyOnly=false&namespaceId=30a7f7f1-f414-4acc-8a4b-bbb5808727d5&clientIP=192.168.72.1&serviceName=example%40%40mftcc-sys-server&udpPort=64166&encoding=UTF-8 HTTP/1.1" 200 560 2 Nacos-Java-Client:v1.2.1
127.0.0.1 - - [24/Aug/2022:09:53:39 +0800] "POST /nacos/v1/cs/configs/listener HTTP/1.1" 200 - 29513 Java/1.8.0_144
127.0.0.1 - - [24/Aug/2022:09:53:39 +0800] "PUT /nacos/v1/ns/instance/beat?app=unknown&namespaceId=30a7f7f1-f414-4acc-8a4b-bbb5808727d5&port=7019&clusterName=DEFAULT&ip=192.168.255.1&serviceName=example%40%40mftcc-gateway&encoding=UTF-8 HTTP/1.1" 200 75 1 Nacos-Java-Client:v1.2.1
192.168.255.1 - - [24/Aug/2022:09:53:39 +0800] "GET /nacos/v1/cs/health HTTP/1.1" 200 2 2 Apache-HttpAsyncClient/4.1.3 (Java/1.8.0_144)
127.0.0.1 - - [24/Aug/2022:09:53:40 +0800] "PUT /nacos/v1/ns/instance/beat?app=mftcc-example-server&namespaceId=30a7f7f1-f414-4acc-8a4b-bbb5808727d5&port=8060&clusterName=DEFAULT&ip=192.168.255.1&serviceName=example%40%40mftcc-example-server&encoding=UTF-8 HTTP/1.1" 200 75 3 Nacos-Java-Client:v1.2.1
192.168.1.33 - - [24/Aug/2022:09:53:40 +0800] "PUT /nacos/v1/ns/instance/beat?app=unknown&namespaceId=30a7f7f1-f414-4acc-8a4b-bbb5808727d5&port=9999&clusterName=DEFAULT&ip=192.168.255.1&serviceName=example%40%40mftcc-rule-server&encoding=UTF-8 HTTP/1.1" 200 75 0 Nacos-Java-Client:v1.2.1
127.0.0.1 - - [24/Aug/2022:09:53:40 +0800] "PUT /nacos/v1/ns/instance/beat?app=mftcc-sys-server&namespaceId=30a7f7f1-f414-4acc-8a4b-bbb5808727d5&port=8071&clusterName=DEFAULT&ip=192.168.255.1&serviceName=example%40%40mftcc-sys-server&encoding=UTF-8 HTTP/1.1" 200 75 1 Nacos-Java-Client:v1.2.1
127.0.0.1 - - [24/Aug/2022:09:53:44 +0800] "PUT /nacos/v1/ns/instance/beat?app=unknown&namespaceId=30a7f7f1-f414-4acc-8a4b-bbb5808727d5&port=7019&clusterName=DEFAULT&ip=192.168.255.1&serviceName=example%40%40mftcc-gateway&encoding=UTF-8 HTTP/1.1" 200 75 3 Nacos-Java-Client:v1.2.1
127.0.0.1 - - [24/Aug/2022:09:53:44 +0800] "GET /nacos/v1/ns/instance/list?app=unknown&healthyOnly=false&namespaceId=30a7f7f1-f414-4acc-8a4b-bbb5808727d5&clientIP=192.168.72.1&serviceName=example%40%40mftcc-gateway&udpPort=64166&encoding=UTF-8 HTTP/1.1" 200 548 1 Nacos-Java-Client:v1.2.1
192.168.255.1 - - [24/Aug/2022:09:53:45 +0800] "GET /nacos/v1/cs/health HTTP/1.1" 200 2 2 Apache-HttpAsyncClient/4.1.3 (Java/1.8.0_144)
127.0.0.1 - - [24/Aug/2022:09:53:45 +0800] "PUT /nacos/v1/ns/instance/beat?app=mftcc-example-server&namespaceId=30a7f7f1-f414-4acc-8a4b-bbb5808727d5&port=8060&clusterName=DEFAULT&ip=192.168.255.1&serviceName=example%40%40mftcc-example-server&encoding=UTF-8 HTTP/1.1" 200 75 1 Nacos-Java-Client:v1.2.1
192.168.1.33 - - [24/Aug/2022:09:53:45 +0800] "PUT /nacos/v1/ns/instance/beat?app=unknown&namespaceId=30a7f7f1-f414-4acc-8a4b-bbb5808727d5&port=9999&clusterName=DEFAULT&ip=192.168.255.1&serviceName=example%40%40mftcc-rule-server&encoding=UTF-8 HTTP/1.1" 200 75 3 Nacos-Java-Client:v1.2.1
127.0.0.1 - - [24/Aug/2022:09:53:45 +0800] "PUT /nacos/v1/ns/instance/beat?app=mftcc-sys-server&namespaceId=30a7f7f1-f414-4acc-8a4b-bbb5808727d5&port=8071&clusterName=DEFAULT&ip=192.168.255.1&serviceName=example%40%40mftcc-sys-server&encoding=UTF-8 HTTP/1.1" 200 75 2 Nacos-Java-Client:v1.2.1
127.0.0.1 - - [24/Aug/2022:09:53:47 +0800] "GET /nacos/v1/ns/service/list?app=unknown&pageSize=2147483647&groupName=example&encoding=UTF-8&namespaceId=30a7f7f1-f414-4acc-8a4b-bbb5808727d5&pageNo=1 HTTP/1.1" 200 109 1 Nacos-Java-Client:v1.2.1
192.168.1.33 - - [24/Aug/2022:09:53:47 +0800] "POST /nacos/v1/cs/configs/listener HTTP/1.1" 200 - 29517 Java/1.8.0_144
127.0.0.1 - - [24/Aug/2022:09:53:48 +0800] "GET /nacos/v1/ns/instance/list?app=unknown&healthyOnly=false&namespaceId=30a7f7f1-f414-4acc-8a4b-bbb5808727d5&clientIP=192.168.72.1&serviceName=example%40%40mftcc-rule-server&udpPort=64166&encoding=UTF-8 HTTP/1.1" 200 564 1 Nacos-Java-Client:v1.2.1
127.0.0.1 - - [24/Aug/2022:09:53:48 +0800] "GET /nacos/v1/ns/instance/list?app=unknown&healthyOnly=false&namespaceId=30a7f7f1-f414-4acc-8a4b-bbb5808727d5&clientIP=192.168.72.1&serviceName=example%40%40mftcc-example-server&udpPort=64166&encoding=UTF-8 HTTP/1.1" 200 576 1 Nacos-Java-Client:v1.2.1
127.0.0.1 - - [24/Aug/2022:09:53:48 +0800] "GET /nacos/v1/ns/instance/list?app=unknown&healthyOnly=false&namespaceId=30a7f7f1-f414-4acc-8a4b-bbb5808727d5&clientIP=192.168.72.1&serviceName=example%40%40mftcc-sys-server&udpPort=64166&encoding=UTF-8 HTTP/1.1" 200 560 1 Nacos-Java-Client:v1.2.1
127.0.0.1 - - [24/Aug/2022:09:53:49 +0800] "PUT /nacos/v1/ns/instance/beat?app=unknown&namespaceId=30a7f7f1-f414-4acc-8a4b-bbb5808727d5&port=7019&clusterName=DEFAULT&ip=192.168.255.1&serviceName=example%40%40mftcc-gateway&encoding=UTF-8 HTTP/1.1" 200 75 1 Nacos-Java-Client:v1.2.1
192.168.255.1 - - [24/Aug/2022:09:53:50 +0800] "GET /nacos/v1/cs/health HTTP/1.1" 200 2 2 Apache-HttpAsyncClient/4.1.3 (Java/1.8.0_144)
127.0.0.1 - - [24/Aug/2022:09:53:50 +0800] "PUT /nacos/v1/ns/instance/beat?app=mftcc-example-server&namespaceId=30a7f7f1-f414-4acc-8a4b-bbb5808727d5&port=8060&clusterName=DEFAULT&ip=192.168.255.1&serviceName=example%40%40mftcc-example-server&encoding=UTF-8 HTTP/1.1" 200 75 1 Nacos-Java-Client:v1.2.1
192.168.1.33 - - [24/Aug/2022:09:53:50 +0800] "PUT /nacos/v1/ns/instance/beat?app=unknown&namespaceId=30a7f7f1-f414-4acc-8a4b-bbb5808727d5&port=9999&clusterName=DEFAULT&ip=192.168.255.1&serviceName=example%40%40mftcc-rule-server&encoding=UTF-8 HTTP/1.1" 200 75 0 Nacos-Java-Client:v1.2.1
127.0.0.1 - - [24/Aug/2022:09:53:50 +0800] "PUT /nacos/v1/ns/instance/beat?app=mftcc-sys-server&namespaceId=30a7f7f1-f414-4acc-8a4b-bbb5808727d5&port=8071&clusterName=DEFAULT&ip=192.168.255.1&serviceName=example%40%40mftcc-sys-server&encoding=UTF-8 HTTP/1.1" 200 75 2 Nacos-Java-Client:v1.2.1
127.0.0.1 - - [24/Aug/2022:09:53:54 +0800] "PUT /nacos/v1/ns/instance/beat?app=unknown&namespaceId=30a7f7f1-f414-4acc-8a4b-bbb5808727d5&port=7019&clusterName=DEFAULT&ip=192.168.255.1&serviceName=example%40%40mftcc-gateway&encoding=UTF-8 HTTP/1.1" 200 75 1 Nacos-Java-Client:v1.2.1
127.0.0.1 - - [24/Aug/2022:09:53:54 +0800] "GET /nacos/v1/ns/instance/list?app=unknown&healthyOnly=false&namespaceId=30a7f7f1-f414-4acc-8a4b-bbb5808727d5&clientIP=192.168.72.1&serviceName=example%40%40mftcc-gateway&udpPort=64166&encoding=UTF-8 HTTP/1.1" 200 548 0 Nacos-Java-Client:v1.2.1
192.168.255.1 - - [24/Aug/2022:09:53:55 +0800] "GET /nacos/v1/cs/health HTTP/1.1" 200 2 1 Apache-HttpAsyncClient/4.1.3 (Java/1.8.0_144)
127.0.0.1 - - [24/Aug/2022:09:53:55 +0800] "PUT /nacos/v1/ns/instance/beat?app=mftcc-example-server&namespaceId=30a7f7f1-f414-4acc-8a4b-bbb5808727d5&port=8060&clusterName=DEFAULT&ip=192.168.255.1&serviceName=example%40%40mftcc-example-server&encoding=UTF-8 HTTP/1.1" 200 75 1 Nacos-Java-Client:v1.2.1
192.168.1.33 - - [24/Aug/2022:09:53:55 +0800] "PUT /nacos/v1/ns/instance/beat?app=unknown&namespaceId=30a7f7f1-f414-4acc-8a4b-bbb5808727d5&port=9999&clusterName=DEFAULT&ip=192.168.255.1&serviceName=example%40%40mftcc-rule-server&encoding=UTF-8 HTTP/1.1" 200 75 3 Nacos-Java-Client:v1.2.1
127.0.0.1 - - [24/Aug/2022:09:53:55 +0800] "PUT /nacos/v1/ns/instance/beat?app=mftcc-sys-server&namespaceId=30a7f7f1-f414-4acc-8a4b-bbb5808727d5&port=8071&clusterName=DEFAULT&ip=192.168.255.1&serviceName=example%40%40mftcc-sys-server&encoding=UTF-8 HTTP/1.1" 200 75 1 Nacos-Java-Client:v1.2.1
127.0.0.1 - - [24/Aug/2022:09:53:58 +0800] "GET /nacos/v1/ns/instance/list?app=unknown&healthyOnly=false&namespaceId=30a7f7f1-f414-4acc-8a4b-bbb5808727d5&clientIP=192.168.72.1&serviceName=example%40%40mftcc-rule-server&udpPort=64166&encoding=UTF-8 HTTP/1.1" 200 564 1 Nacos-Java-Client:v1.2.1
127.0.0.1 - - [24/Aug/2022:09:53:58 +0800] "GET /nacos/v1/ns/instance/list?app=unknown&healthyOnly=false&namespaceId=30a7f7f1-f414-4acc-8a4b-bbb5808727d5&clientIP=192.168.72.1&serviceName=example%40%40mftcc-example-server&udpPort=64166&encoding=UTF-8 HTTP/1.1" 200 576 2 Nacos-Java-Client:v1.2.1
127.0.0.1 - - [24/Aug/2022:09:53:58 +0800] "GET /nacos/v1/ns/instance/list?app=unknown&healthyOnly=false&namespaceId=30a7f7f1-f414-4acc-8a4b-bbb5808727d5&clientIP=192.168.72.1&serviceName=example%40%40mftcc-sys-server&udpPort=64166&encoding=UTF-8 HTTP/1.1" 200 560 1 Nacos-Java-Client:v1.2.1
127.0.0.1 - - [24/Aug/2022:09:53:59 +0800] "PUT /nacos/v1/ns/instance/beat?app=unknown&namespaceId=30a7f7f1-f414-4acc-8a4b-bbb5808727d5&port=7019&clusterName=DEFAULT&ip=192.168.255.1&serviceName=example%40%40mftcc-gateway&encoding=UTF-8 HTTP/1.1" 200 75 6 Nacos-Java-Client:v1.2.1
192.168.255.1 - - [24/Aug/2022:09:54:00 +0800] "GET /nacos/v1/cs/health HTTP/1.1" 200 2 2 Apache-HttpAsyncClient/4.1.3 (Java/1.8.0_144)
127.0.0.1 - - [24/Aug/2022:09:54:00 +0800] "PUT /nacos/v1/ns/instance/beat?app=mftcc-example-server&namespaceId=30a7f7f1-f414-4acc-8a4b-bbb5808727d5&port=8060&clusterName=DEFAULT&ip=192.168.255.1&serviceName=example%40%40mftcc-example-server&encoding=UTF-8 HTTP/1.1" 200 75 1 Nacos-Java-Client:v1.2.1
192.168.1.33 - - [24/Aug/2022:09:54:00 +0800] "PUT /nacos/v1/ns/instance/beat?app=unknown&namespaceId=30a7f7f1-f414-4acc-8a4b-bbb5808727d5&port=9999&clusterName=DEFAULT&ip=192.168.255.1&serviceName=example%40%40mftcc-rule-server&encoding=UTF-8 HTTP/1.1" 200 75 3 Nacos-Java-Client:v1.2.1
127.0.0.1 - - [24/Aug/2022:09:54:00 +0800] "PUT /nacos/v1/ns/instance/beat?app=mftcc-sys-server&namespaceId=30a7f7f1-f414-4acc-8a4b-bbb5808727d5&port=8071&clusterName=DEFAULT&ip=192.168.255.1&serviceName=example%40%40mftcc-sys-server&encoding=UTF-8 HTTP/1.1" 200 75 1 Nacos-Java-Client:v1.2.1
127.0.0.1 - - [24/Aug/2022:09:54:04 +0800] "PUT /nacos/v1/ns/instance/beat?app=unknown&namespaceId=30a7f7f1-f414-4acc-8a4b-bbb5808727d5&port=7019&clusterName=DEFAULT&ip=192.168.255.1&serviceName=example%40%40mftcc-gateway&encoding=UTF-8 HTTP/1.1" 200 75 2 Nacos-Java-Client:v1.2.1
127.0.0.1 - - [24/Aug/2022:09:54:04 +0800] "GET /nacos/v1/ns/instance/list?app=unknown&healthyOnly=false&namespaceId=30a7f7f1-f414-4acc-8a4b-bbb5808727d5&clientIP=192.168.72.1&serviceName=example%40%40mftcc-gateway&udpPort=64166&encoding=UTF-8 HTTP/1.1" 200 548 5 Nacos-Java-Client:v1.2.1
192.168.255.1 - - [24/Aug/2022:09:54:05 +0800] "GET /nacos/v1/cs/health HTTP/1.1" 200 2 0 Apache-HttpAsyncClient/4.1.3 (Java/1.8.0_144)
127.0.0.1 - - [24/Aug/2022:09:54:05 +0800] "PUT /nacos/v1/ns/instance/beat?app=mftcc-example-server&namespaceId=30a7f7f1-f414-4acc-8a4b-bbb5808727d5&port=8060&clusterName=DEFAULT&ip=192.168.255.1&serviceName=example%40%40mftcc-example-server&encoding=UTF-8 HTTP/1.1" 200 75 1 Nacos-Java-Client:v1.2.1
192.168.1.33 - - [24/Aug/2022:09:54:05 +0800] "PUT /nacos/v1/ns/instance/beat?app=unknown&namespaceId=30a7f7f1-f414-4acc-8a4b-bbb5808727d5&port=9999&clusterName=DEFAULT&ip=192.168.255.1&serviceName=example%40%40mftcc-rule-server&encoding=UTF-8 HTTP/1.1" 200 75 1 Nacos-Java-Client:v1.2.1
127.0.0.1 - - [24/Aug/2022:09:54:05 +0800] "PUT /nacos/v1/ns/instance/beat?app=mftcc-sys-server&namespaceId=30a7f7f1-f414-4acc-8a4b-bbb5808727d5&port=8071&clusterName=DEFAULT&ip=192.168.255.1&serviceName=example%40%40mftcc-sys-server&encoding=UTF-8 HTTP/1.1" 200 75 1 Nacos-Java-Client:v1.2.1
127.0.0.1 - - [24/Aug/2022:09:54:06 +0800] "POST /nacos/v1/cs/configs/listener HTTP/1.1" 200 - 29512 Java/1.8.0_144
192.168.1.33 - - [24/Aug/2022:09:54:06 +0800] "POST /nacos/v1/cs/configs/listener HTTP/1.1" 200 - 29513 Java/1.8.0_144
127.0.0.1 - - [24/Aug/2022:09:54:08 +0800] "GET /nacos/v1/ns/instance/list?app=unknown&healthyOnly=false&namespaceId=30a7f7f1-f414-4acc-8a4b-bbb5808727d5&clientIP=192.168.72.1&serviceName=example%40%40mftcc-rule-server&udpPort=64166&encoding=UTF-8 HTTP/1.1" 200 564 2 Nacos-Java-Client:v1.2.1
127.0.0.1 - - [24/Aug/2022:09:54:08 +0800] "GET /nacos/v1/ns/instance/list?app=unknown&healthyOnly=false&namespaceId=30a7f7f1-f414-4acc-8a4b-bbb5808727d5&clientIP=192.168.72.1&serviceName=example%40%40mftcc-example-server&udpPort=64166&encoding=UTF-8 HTTP/1.1" 200 576 1 Nacos-Java-Client:v1.2.1
127.0.0.1 - - [24/Aug/2022:09:54:08 +0800] "GET /nacos/v1/ns/instance/list?app=unknown&healthyOnly=false&namespaceId=30a7f7f1-f414-4acc-8a4b-bbb5808727d5&clientIP=192.168.72.1&serviceName=example%40%40mftcc-sys-server&udpPort=64166&encoding=UTF-8 HTTP/1.1" 200 560 0 Nacos-Java-Client:v1.2.1
127.0.0.1 - - [24/Aug/2022:09:54:09 +0800] "POST /nacos/v1/cs/configs/listener HTTP/1.1" 200 - 29516 Java/1.8.0_144
127.0.0.1 - - [24/Aug/2022:09:54:09 +0800] "PUT /nacos/v1/ns/instance/beat?app=unknown&namespaceId=30a7f7f1-f414-4acc-8a4b-bbb5808727d5&port=7019&clusterName=DEFAULT&ip=192.168.255.1&serviceName=example%40%40mftcc-gateway&encoding=UTF-8 HTTP/1.1" 200 75 1 Nacos-Java-Client:v1.2.1
192.168.255.1 - - [24/Aug/2022:09:54:10 +0800] "GET /nacos/v1/cs/health HTTP/1.1" 200 2 1 Apache-HttpAsyncClient/4.1.3 (Java/1.8.0_144)
127.0.0.1 - - [24/Aug/2022:09:54:10 +0800] "PUT /nacos/v1/ns/instance/beat?app=mftcc-example-server&namespaceId=30a7f7f1-f414-4acc-8a4b-bbb5808727d5&port=8060&clusterName=DEFAULT&ip=192.168.255.1&serviceName=example%40%40mftcc-example-server&encoding=UTF-8 HTTP/1.1" 200 75 3 Nacos-Java-Client:v1.2.1
192.168.1.33 - - [24/Aug/2022:09:54:10 +0800] "PUT /nacos/v1/ns/instance/beat?app=unknown&namespaceId=30a7f7f1-f414-4acc-8a4b-bbb5808727d5&port=9999&clusterName=DEFAULT&ip=192.168.255.1&serviceName=example%40%40mftcc-rule-server&encoding=UTF-8 HTTP/1.1" 200 75 1 Nacos-Java-Client:v1.2.1
127.0.0.1 - - [24/Aug/2022:09:54:10 +0800] "PUT /nacos/v1/ns/instance/beat?app=mftcc-sys-server&namespaceId=30a7f7f1-f414-4acc-8a4b-bbb5808727d5&port=8071&clusterName=DEFAULT&ip=192.168.255.1&serviceName=example%40%40mftcc-sys-server&encoding=UTF-8 HTTP/1.1" 200 75 2 Nacos-Java-Client:v1.2.1
127.0.0.1 - - [24/Aug/2022:09:54:14 +0800] "PUT /nacos/v1/ns/instance/beat?app=unknown&namespaceId=30a7f7f1-f414-4acc-8a4b-bbb5808727d5&port=7019&clusterName=DEFAULT&ip=192.168.255.1&serviceName=example%40%40mftcc-gateway&encoding=UTF-8 HTTP/1.1" 200 75 1 Nacos-Java-Client:v1.2.1
127.0.0.1 - - [24/Aug/2022:09:54:14 +0800] "GET /nacos/v1/ns/instance/list?app=unknown&healthyOnly=false&namespaceId=30a7f7f1-f414-4acc-8a4b-bbb5808727d5&clientIP=192.168.72.1&serviceName=example%40%40mftcc-gateway&udpPort=64166&encoding=UTF-8 HTTP/1.1" 200 548 1 Nacos-Java-Client:v1.2.1
192.168.255.1 - - [24/Aug/2022:09:54:15 +0800] "GET /nacos/v1/cs/health HTTP/1.1" 200 2 0 Apache-HttpAsyncClient/4.1.3 (Java/1.8.0_144)
127.0.0.1 - - [24/Aug/2022:09:54:15 +0800] "PUT /nacos/v1/ns/instance/beat?app=mftcc-example-server&namespaceId=30a7f7f1-f414-4acc-8a4b-bbb5808727d5&port=8060&clusterName=DEFAULT&ip=192.168.255.1&serviceName=example%40%40mftcc-example-server&encoding=UTF-8 HTTP/1.1" 200 75 1 Nacos-Java-Client:v1.2.1
192.168.1.33 - - [24/Aug/2022:09:54:15 +0800] "PUT /nacos/v1/ns/instance/beat?app=unknown&namespaceId=30a7f7f1-f414-4acc-8a4b-bbb5808727d5&port=9999&clusterName=DEFAULT&ip=192.168.255.1&serviceName=example%40%40mftcc-rule-server&encoding=UTF-8 HTTP/1.1" 200 75 2 Nacos-Java-Client:v1.2.1
127.0.0.1 - - [24/Aug/2022:09:54:15 +0800] "PUT /nacos/v1/ns/instance/beat?app=mftcc-sys-server&namespaceId=30a7f7f1-f414-4acc-8a4b-bbb5808727d5&port=8071&clusterName=DEFAULT&ip=192.168.255.1&serviceName=example%40%40mftcc-sys-server&encoding=UTF-8 HTTP/1.1" 200 75 0 Nacos-Java-Client:v1.2.1
127.0.0.1 - - [24/Aug/2022:09:54:17 +0800] "GET /nacos/v1/ns/service/list?app=unknown&pageSize=2147483647&groupName=example&encoding=UTF-8&namespaceId=30a7f7f1-f414-4acc-8a4b-bbb5808727d5&pageNo=1 HTTP/1.1" 200 109 6 Nacos-Java-Client:v1.2.1
192.168.1.33 - - [24/Aug/2022:09:54:17 +0800] "POST /nacos/v1/cs/configs/listener HTTP/1.1" 200 - 29505 Java/1.8.0_144
127.0.0.1 - - [24/Aug/2022:09:54:18 +0800] "GET /nacos/v1/ns/instance/list?app=unknown&healthyOnly=false&namespaceId=30a7f7f1-f414-4acc-8a4b-bbb5808727d5&clientIP=192.168.72.1&serviceName=example%40%40mftcc-rule-server&udpPort=64166&encoding=UTF-8 HTTP/1.1" 200 564 2 Nacos-Java-Client:v1.2.1
127.0.0.1 - - [24/Aug/2022:09:54:18 +0800] "GET /nacos/v1/ns/instance/list?app=unknown&healthyOnly=false&namespaceId=30a7f7f1-f414-4acc-8a4b-bbb5808727d5&clientIP=192.168.72.1&serviceName=example%40%40mftcc-example-server&udpPort=64166&encoding=UTF-8 HTTP/1.1" 200 576 1 Nacos-Java-Client:v1.2.1
127.0.0.1 - - [24/Aug/2022:09:54:18 +0800] "GET /nacos/v1/ns/instance/list?app=unknown&healthyOnly=false&namespaceId=30a7f7f1-f414-4acc-8a4b-bbb5808727d5&clientIP=192.168.72.1&serviceName=example%40%40mftcc-sys-server&udpPort=64166&encoding=UTF-8 HTTP/1.1" 200 560 0 Nacos-Java-Client:v1.2.1
127.0.0.1 - - [24/Aug/2022:09:54:19 +0800] "PUT /nacos/v1/ns/instance/beat?app=unknown&namespaceId=30a7f7f1-f414-4acc-8a4b-bbb5808727d5&port=7019&clusterName=DEFAULT&ip=192.168.255.1&serviceName=example%40%40mftcc-gateway&encoding=UTF-8 HTTP/1.1" 200 75 1 Nacos-Java-Client:v1.2.1
192.168.255.1 - - [24/Aug/2022:09:54:20 +0800] "GET /nacos/v1/cs/health HTTP/1.1" 200 2 1 Apache-HttpAsyncClient/4.1.3 (Java/1.8.0_144)
127.0.0.1 - - [24/Aug/2022:09:54:20 +0800] "PUT /nacos/v1/ns/instance/beat?app=mftcc-example-server&namespaceId=30a7f7f1-f414-4acc-8a4b-bbb5808727d5&port=8060&clusterName=DEFAULT&ip=192.168.255.1&serviceName=example%40%40mftcc-example-server&encoding=UTF-8 HTTP/1.1" 200 75 1 Nacos-Java-Client:v1.2.1
192.168.1.33 - - [24/Aug/2022:09:54:20 +0800] "PUT /nacos/v1/ns/instance/beat?app=unknown&namespaceId=30a7f7f1-f414-4acc-8a4b-bbb5808727d5&port=9999&clusterName=DEFAULT&ip=192.168.255.1&serviceName=example%40%40mftcc-rule-server&encoding=UTF-8 HTTP/1.1" 200 75 1 Nacos-Java-Client:v1.2.1
127.0.0.1 - - [24/Aug/2022:09:54:20 +0800] "PUT /nacos/v1/ns/instance/beat?app=mftcc-sys-server&namespaceId=30a7f7f1-f414-4acc-8a4b-bbb5808727d5&port=8071&clusterName=DEFAULT&ip=192.168.255.1&serviceName=example%40%40mftcc-sys-server&encoding=UTF-8 HTTP/1.1" 200 75 1 Nacos-Java-Client:v1.2.1
127.0.0.1 - - [24/Aug/2022:09:54:24 +0800] "PUT /nacos/v1/ns/instance/beat?app=unknown&namespaceId=30a7f7f1-f414-4acc-8a4b-bbb5808727d5&port=7019&clusterName=DEFAULT&ip=192.168.255.1&serviceName=example%40%40mftcc-gateway&encoding=UTF-8 HTTP/1.1" 200 75 1 Nacos-Java-Client:v1.2.1
127.0.0.1 - - [24/Aug/2022:09:54:24 +0800] "GET /nacos/v1/ns/instance/list?app=unknown&healthyOnly=false&namespaceId=30a7f7f1-f414-4acc-8a4b-bbb5808727d5&clientIP=192.168.72.1&serviceName=example%40%40mftcc-gateway&udpPort=64166&encoding=UTF-8 HTTP/1.1" 200 548 3 Nacos-Java-Client:v1.2.1
192.168.255.1 - - [24/Aug/2022:09:54:25 +0800] "GET /nacos/v1/cs/health HTTP/1.1" 200 2 3 Apache-HttpAsyncClient/4.1.3 (Java/1.8.0_144)
127.0.0.1 - - [24/Aug/2022:09:54:25 +0800] "PUT /nacos/v1/ns/instance/beat?app=mftcc-example-server&namespaceId=30a7f7f1-f414-4acc-8a4b-bbb5808727d5&port=8060&clusterName=DEFAULT&ip=192.168.255.1&serviceName=example%40%40mftcc-example-server&encoding=UTF-8 HTTP/1.1" 200 75 1 Nacos-Java-Client:v1.2.1
192.168.1.33 - - [24/Aug/2022:09:54:25 +0800] "PUT /nacos/v1/ns/instance/beat?app=unknown&namespaceId=30a7f7f1-f414-4acc-8a4b-bbb5808727d5&port=9999&clusterName=DEFAULT&ip=192.168.255.1&serviceName=example%40%40mftcc-rule-server&encoding=UTF-8 HTTP/1.1" 200 75 2 Nacos-Java-Client:v1.2.1
127.0.0.1 - - [24/Aug/2022:09:54:25 +0800] "PUT /nacos/v1/ns/instance/beat?app=mftcc-sys-server&namespaceId=30a7f7f1-f414-4acc-8a4b-bbb5808727d5&port=8071&clusterName=DEFAULT&ip=192.168.255.1&serviceName=example%40%40mftcc-sys-server&encoding=UTF-8 HTTP/1.1" 200 75 0 Nacos-Java-Client:v1.2.1
192.168.1.33 - - [24/Aug/2022:09:54:28 +0800] "GET /nacos/v1/cs/configs?search=accurate&dataId=&group=&appName=&config_tags=&pageNo=1&pageSize=10&tenant=30a7f7f1-f414-4acc-8a4b-bbb5808727d5&accessToken=&namespaceId=30a7f7f1-f414-4acc-8a4b-bbb5808727d5 HTTP/1.1" 200 12692 18 Mozilla/5.0 (Windows NT 10.0; Win64; x64) AppleWebKit/537.36 (KHTML, like Gecko) Chrome/103.0.0.0 Safari/537.36
127.0.0.1 - - [24/Aug/2022:09:54:28 +0800] "GET /nacos/v1/ns/instance/list?app=unknown&healthyOnly=false&namespaceId=30a7f7f1-f414-4acc-8a4b-bbb5808727d5&clientIP=192.168.72.1&serviceName=example%40%40mftcc-rule-server&udpPort=64166&encoding=UTF-8 HTTP/1.1" 200 564 1 Nacos-Java-Client:v1.2.1
127.0.0.1 - - [24/Aug/2022:09:54:28 +0800] "GET /nacos/v1/ns/instance/list?app=unknown&healthyOnly=false&namespaceId=30a7f7f1-f414-4acc-8a4b-bbb5808727d5&clientIP=192.168.72.1&serviceName=example%40%40mftcc-sys-server&udpPort=64166&encoding=UTF-8 HTTP/1.1" 200 560 1 Nacos-Java-Client:v1.2.1
127.0.0.1 - - [24/Aug/2022:09:54:28 +0800] "GET /nacos/v1/ns/instance/list?app=unknown&healthyOnly=false&namespaceId=30a7f7f1-f414-4acc-8a4b-bbb5808727d5&clientIP=192.168.72.1&serviceName=example%40%40mftcc-example-server&udpPort=64166&encoding=UTF-8 HTTP/1.1" 200 576 1 Nacos-Java-Client:v1.2.1
127.0.0.1 - - [24/Aug/2022:09:54:29 +0800] "PUT /nacos/v1/ns/instance/beat?app=unknown&namespaceId=30a7f7f1-f414-4acc-8a4b-bbb5808727d5&port=7019&clusterName=DEFAULT&ip=192.168.255.1&serviceName=example%40%40mftcc-gateway&encoding=UTF-8 HTTP/1.1" 200 75 6 Nacos-Java-Client:v1.2.1
192.168.1.33 - - [24/Aug/2022:09:54:29 +0800] "GET /nacos/index.html HTTP/1.1" 304 - 2 Mozilla/5.0 (Windows NT 10.0; Win64; x64) AppleWebKit/537.36 (KHTML, like Gecko) Chrome/103.0.0.0 Safari/537.36
192.168.255.1 - - [24/Aug/2022:09:54:30 +0800] "GET /nacos/v1/cs/health HTTP/1.1" 200 2 1 Apache-HttpAsyncClient/4.1.3 (Java/1.8.0_144)
192.168.1.33 - - [24/Aug/2022:09:54:30 +0800] "GET /nacos/v1/console/server/state?accessToken= HTTP/1.1" 200 82 2 Mozilla/5.0 (Windows NT 10.0; Win64; x64) AppleWebKit/537.36 (KHTML, like Gecko) Chrome/103.0.0.0 Safari/537.36
192.168.1.33 - - [24/Aug/2022:09:54:30 +0800] "GET /nacos/v1/console/namespaces?&accessToken=&namespaceId=30a7f7f1-f414-4acc-8a4b-bbb5808727d5 HTTP/1.1" 200 364 44 Mozilla/5.0 (Windows NT 10.0; Win64; x64) AppleWebKit/537.36 (KHTML, like Gecko) Chrome/103.0.0.0 Safari/537.36
192.168.1.33 - - [24/Aug/2022:09:54:30 +0800] "GET /nacos/console-fe/public/icons/icon-font.woff2 HTTP/1.1" 404 177 7 Mozilla/5.0 (Windows NT 10.0; Win64; x64) AppleWebKit/537.36 (KHTML, like Gecko) Chrome/103.0.0.0 Safari/537.36
192.168.1.33 - - [24/Aug/2022:09:54:30 +0800] "GET /nacos/v1/cs/configs?search=accurate&dataId=&group=&appName=&config_tags=&pageNo=1&pageSize=10&tenant=30a7f7f1-f414-4acc-8a4b-bbb5808727d5&accessToken=&namespaceId=30a7f7f1-f414-4acc-8a4b-bbb5808727d5 HTTP/1.1" 200 12692 21 Mozilla/5.0 (Windows NT 10.0; Win64; x64) AppleWebKit/537.36 (KHTML, like Gecko) Chrome/103.0.0.0 Safari/537.36
127.0.0.1 - - [24/Aug/2022:09:54:30 +0800] "PUT /nacos/v1/ns/instance/beat?app=mftcc-example-server&namespaceId=30a7f7f1-f414-4acc-8a4b-bbb5808727d5&port=8060&clusterName=DEFAULT&ip=192.168.255.1&serviceName=example%40%40mftcc-example-server&encoding=UTF-8 HTTP/1.1" 200 75 1 Nacos-Java-Client:v1.2.1
192.168.1.33 - - [24/Aug/2022:09:54:30 +0800] "GET /nacos/console-fe/public/img/favicon.ico HTTP/1.1" 304 - 3 Mozilla/5.0 (Windows NT 10.0; Win64; x64) AppleWebKit/537.36 (KHTML, like Gecko) Chrome/103.0.0.0 Safari/537.36
192.168.1.33 - - [24/Aug/2022:09:54:30 +0800] "PUT /nacos/v1/ns/instance/beat?app=unknown&namespaceId=30a7f7f1-f414-4acc-8a4b-bbb5808727d5&port=9999&clusterName=DEFAULT&ip=192.168.255.1&serviceName=example%40%40mftcc-rule-server&encoding=UTF-8 HTTP/1.1" 200 75 2 Nacos-Java-Client:v1.2.1
127.0.0.1 - - [24/Aug/2022:09:54:30 +0800] "PUT /nacos/v1/ns/instance/beat?app=mftcc-sys-server&namespaceId=30a7f7f1-f414-4acc-8a4b-bbb5808727d5&port=8071&clusterName=DEFAULT&ip=192.168.255.1&serviceName=example%40%40mftcc-sys-server&encoding=UTF-8 HTTP/1.1" 200 75 1 Nacos-Java-Client:v1.2.1
127.0.0.1 - - [24/Aug/2022:09:54:34 +0800] "PUT /nacos/v1/ns/instance/beat?app=unknown&namespaceId=30a7f7f1-f414-4acc-8a4b-bbb5808727d5&port=7019&clusterName=DEFAULT&ip=192.168.255.1&serviceName=example%40%40mftcc-gateway&encoding=UTF-8 HTTP/1.1" 200 75 2 Nacos-Java-Client:v1.2.1
127.0.0.1 - - [24/Aug/2022:09:54:34 +0800] "GET /nacos/v1/ns/instance/list?app=unknown&healthyOnly=false&namespaceId=30a7f7f1-f414-4acc-8a4b-bbb5808727d5&clientIP=192.168.72.1&serviceName=example%40%40mftcc-gateway&udpPort=64166&encoding=UTF-8 HTTP/1.1" 200 548 1 Nacos-Java-Client:v1.2.1
192.168.255.1 - - [24/Aug/2022:09:54:35 +0800] "GET /nacos/v1/cs/health HTTP/1.1" 200 2 1 Apache-HttpAsyncClient/4.1.3 (Java/1.8.0_144)
127.0.0.1 - - [24/Aug/2022:09:54:35 +0800] "PUT /nacos/v1/ns/instance/beat?app=mftcc-example-server&namespaceId=30a7f7f1-f414-4acc-8a4b-bbb5808727d5&port=8060&clusterName=DEFAULT&ip=192.168.255.1&serviceName=example%40%40mftcc-example-server&encoding=UTF-8 HTTP/1.1" 200 75 1 Nacos-Java-Client:v1.2.1
192.168.1.33 - - [24/Aug/2022:09:54:35 +0800] "PUT /nacos/v1/ns/instance/beat?app=unknown&namespaceId=30a7f7f1-f414-4acc-8a4b-bbb5808727d5&port=9999&clusterName=DEFAULT&ip=192.168.255.1&serviceName=example%40%40mftcc-rule-server&encoding=UTF-8 HTTP/1.1" 200 75 1 Nacos-Java-Client:v1.2.1
127.0.0.1 - - [24/Aug/2022:09:54:35 +0800] "PUT /nacos/v1/ns/instance/beat?app=mftcc-sys-server&namespaceId=30a7f7f1-f414-4acc-8a4b-bbb5808727d5&port=8071&clusterName=DEFAULT&ip=192.168.255.1&serviceName=example%40%40mftcc-sys-server&encoding=UTF-8 HTTP/1.1" 200 75 1 Nacos-Java-Client:v1.2.1
127.0.0.1 - - [24/Aug/2022:09:54:35 +0800] "POST /nacos/v1/cs/configs/listener HTTP/1.1" 200 - 29504 Java/1.8.0_144
192.168.1.33 - - [24/Aug/2022:09:54:36 +0800] "POST /nacos/v1/cs/configs/listener HTTP/1.1" 200 - 29516 Java/1.8.0_144
127.0.0.1 - - [24/Aug/2022:09:54:38 +0800] "POST /nacos/v1/cs/configs/listener HTTP/1.1" 200 - 29513 Java/1.8.0_144
127.0.0.1 - - [24/Aug/2022:09:54:38 +0800] "GET /nacos/v1/ns/instance/list?app=unknown&healthyOnly=false&namespaceId=30a7f7f1-f414-4acc-8a4b-bbb5808727d5&clientIP=192.168.72.1&serviceName=example%40%40mftcc-rule-server&udpPort=64166&encoding=UTF-8 HTTP/1.1" 200 564 1 Nacos-Java-Client:v1.2.1
127.0.0.1 - - [24/Aug/2022:09:54:38 +0800] "GET /nacos/v1/ns/instance/list?app=unknown&healthyOnly=false&namespaceId=30a7f7f1-f414-4acc-8a4b-bbb5808727d5&clientIP=192.168.72.1&serviceName=example%40%40mftcc-sys-server&udpPort=64166&encoding=UTF-8 HTTP/1.1" 200 560 1 Nacos-Java-Client:v1.2.1
127.0.0.1 - - [24/Aug/2022:09:54:38 +0800] "GET /nacos/v1/ns/instance/list?app=unknown&healthyOnly=false&namespaceId=30a7f7f1-f414-4acc-8a4b-bbb5808727d5&clientIP=192.168.72.1&serviceName=example%40%40mftcc-example-server&udpPort=64166&encoding=UTF-8 HTTP/1.1" 200 576 1 Nacos-Java-Client:v1.2.1
127.0.0.1 - - [24/Aug/2022:09:54:39 +0800] "PUT /nacos/v1/ns/instance/beat?app=unknown&namespaceId=30a7f7f1-f414-4acc-8a4b-bbb5808727d5&port=7019&clusterName=DEFAULT&ip=192.168.255.1&serviceName=example%40%40mftcc-gateway&encoding=UTF-8 HTTP/1.1" 200 75 3 Nacos-Java-Client:v1.2.1
192.168.255.1 - - [24/Aug/2022:09:54:40 +0800] "GET /nacos/v1/cs/health HTTP/1.1" 200 2 4 Apache-HttpAsyncClient/4.1.3 (Java/1.8.0_144)
127.0.0.1 - - [24/Aug/2022:09:54:40 +0800] "PUT /nacos/v1/ns/instance/beat?app=mftcc-example-server&namespaceId=30a7f7f1-f414-4acc-8a4b-bbb5808727d5&port=8060&clusterName=DEFAULT&ip=192.168.255.1&serviceName=example%40%40mftcc-example-server&encoding=UTF-8 HTTP/1.1" 200 75 1 Nacos-Java-Client:v1.2.1
192.168.1.33 - - [24/Aug/2022:09:54:40 +0800] "PUT /nacos/v1/ns/instance/beat?app=unknown&namespaceId=30a7f7f1-f414-4acc-8a4b-bbb5808727d5&port=9999&clusterName=DEFAULT&ip=192.168.255.1&serviceName=example%40%40mftcc-rule-server&encoding=UTF-8 HTTP/1.1" 200 75 0 Nacos-Java-Client:v1.2.1
127.0.0.1 - - [24/Aug/2022:09:54:40 +0800] "PUT /nacos/v1/ns/instance/beat?app=mftcc-sys-server&namespaceId=30a7f7f1-f414-4acc-8a4b-bbb5808727d5&port=8071&clusterName=DEFAULT&ip=192.168.255.1&serviceName=example%40%40mftcc-sys-server&encoding=UTF-8 HTTP/1.1" 200 75 1 Nacos-Java-Client:v1.2.1
127.0.0.1 - - [24/Aug/2022:09:54:44 +0800] "PUT /nacos/v1/ns/instance/beat?app=unknown&namespaceId=30a7f7f1-f414-4acc-8a4b-bbb5808727d5&port=7019&clusterName=DEFAULT&ip=192.168.255.1&serviceName=example%40%40mftcc-gateway&encoding=UTF-8 HTTP/1.1" 200 75 1 Nacos-Java-Client:v1.2.1
127.0.0.1 - - [24/Aug/2022:09:54:44 +0800] "GET /nacos/v1/ns/instance/list?app=unknown&healthyOnly=false&namespaceId=30a7f7f1-f414-4acc-8a4b-bbb5808727d5&clientIP=192.168.72.1&serviceName=example%40%40mftcc-gateway&udpPort=64166&encoding=UTF-8 HTTP/1.1" 200 548 1 Nacos-Java-Client:v1.2.1
192.168.255.1 - - [24/Aug/2022:09:54:45 +0800] "GET /nacos/v1/cs/health HTTP/1.1" 200 2 1 Apache-HttpAsyncClient/4.1.3 (Java/1.8.0_144)
127.0.0.1 - - [24/Aug/2022:09:54:45 +0800] "PUT /nacos/v1/ns/instance/beat?app=mftcc-example-server&namespaceId=30a7f7f1-f414-4acc-8a4b-bbb5808727d5&port=8060&clusterName=DEFAULT&ip=192.168.255.1&serviceName=example%40%40mftcc-example-server&encoding=UTF-8 HTTP/1.1" 200 75 1 Nacos-Java-Client:v1.2.1
192.168.1.33 - - [24/Aug/2022:09:54:45 +0800] "PUT /nacos/v1/ns/instance/beat?app=unknown&namespaceId=30a7f7f1-f414-4acc-8a4b-bbb5808727d5&port=9999&clusterName=DEFAULT&ip=192.168.255.1&serviceName=example%40%40mftcc-rule-server&encoding=UTF-8 HTTP/1.1" 200 75 3 Nacos-Java-Client:v1.2.1
127.0.0.1 - - [24/Aug/2022:09:54:45 +0800] "PUT /nacos/v1/ns/instance/beat?app=mftcc-sys-server&namespaceId=30a7f7f1-f414-4acc-8a4b-bbb5808727d5&port=8071&clusterName=DEFAULT&ip=192.168.255.1&serviceName=example%40%40mftcc-sys-server&encoding=UTF-8 HTTP/1.1" 200 75 4 Nacos-Java-Client:v1.2.1
192.168.1.33 - - [24/Aug/2022:09:54:46 +0800] "POST /nacos/v1/cs/configs/listener HTTP/1.1" 200 - 29503 Java/1.8.0_144
127.0.0.1 - - [24/Aug/2022:09:54:47 +0800] "GET /nacos/v1/ns/service/list?app=unknown&pageSize=2147483647&groupName=example&encoding=UTF-8&namespaceId=30a7f7f1-f414-4acc-8a4b-bbb5808727d5&pageNo=1 HTTP/1.1" 200 109 4 Nacos-Java-Client:v1.2.1
127.0.0.1 - - [24/Aug/2022:09:54:48 +0800] "GET /nacos/v1/ns/instance/list?app=unknown&healthyOnly=false&namespaceId=30a7f7f1-f414-4acc-8a4b-bbb5808727d5&clientIP=192.168.72.1&serviceName=example%40%40mftcc-rule-server&udpPort=64166&encoding=UTF-8 HTTP/1.1" 200 564 1 Nacos-Java-Client:v1.2.1
127.0.0.1 - - [24/Aug/2022:09:54:48 +0800] "GET /nacos/v1/ns/instance/list?app=unknown&healthyOnly=false&namespaceId=30a7f7f1-f414-4acc-8a4b-bbb5808727d5&clientIP=192.168.72.1&serviceName=example%40%40mftcc-sys-server&udpPort=64166&encoding=UTF-8 HTTP/1.1" 200 560 0 Nacos-Java-Client:v1.2.1
127.0.0.1 - - [24/Aug/2022:09:54:48 +0800] "GET /nacos/v1/ns/instance/list?app=unknown&healthyOnly=false&namespaceId=30a7f7f1-f414-4acc-8a4b-bbb5808727d5&clientIP=192.168.72.1&serviceName=example%40%40mftcc-example-server&udpPort=64166&encoding=UTF-8 HTTP/1.1" 200 576 1 Nacos-Java-Client:v1.2.1
127.0.0.1 - - [24/Aug/2022:09:54:49 +0800] "PUT /nacos/v1/ns/instance/beat?app=unknown&namespaceId=30a7f7f1-f414-4acc-8a4b-bbb5808727d5&port=7019&clusterName=DEFAULT&ip=192.168.255.1&serviceName=example%40%40mftcc-gateway&encoding=UTF-8 HTTP/1.1" 200 75 1 Nacos-Java-Client:v1.2.1
192.168.255.1 - - [24/Aug/2022:09:54:50 +0800] "GET /nacos/v1/cs/health HTTP/1.1" 200 2 4 Apache-HttpAsyncClient/4.1.3 (Java/1.8.0_144)
127.0.0.1 - - [24/Aug/2022:09:54:50 +0800] "PUT /nacos/v1/ns/instance/beat?app=mftcc-example-server&namespaceId=30a7f7f1-f414-4acc-8a4b-bbb5808727d5&port=8060&clusterName=DEFAULT&ip=192.168.255.1&serviceName=example%40%40mftcc-example-server&encoding=UTF-8 HTTP/1.1" 200 75 0 Nacos-Java-Client:v1.2.1
127.0.0.1 - - [24/Aug/2022:09:54:50 +0800] "PUT /nacos/v1/ns/instance/beat?app=mftcc-sys-server&namespaceId=30a7f7f1-f414-4acc-8a4b-bbb5808727d5&port=8071&clusterName=DEFAULT&ip=192.168.255.1&serviceName=example%40%40mftcc-sys-server&encoding=UTF-8 HTTP/1.1" 200 75 3 Nacos-Java-Client:v1.2.1
192.168.1.33 - - [24/Aug/2022:09:54:50 +0800] "PUT /nacos/v1/ns/instance/beat?app=unknown&namespaceId=30a7f7f1-f414-4acc-8a4b-bbb5808727d5&port=9999&clusterName=DEFAULT&ip=192.168.255.1&serviceName=example%40%40mftcc-rule-server&encoding=UTF-8 HTTP/1.1" 200 75 2 Nacos-Java-Client:v1.2.1
127.0.0.1 - - [24/Aug/2022:09:54:54 +0800] "PUT /nacos/v1/ns/instance/beat?app=unknown&namespaceId=30a7f7f1-f414-4acc-8a4b-bbb5808727d5&port=7019&clusterName=DEFAULT&ip=192.168.255.1&serviceName=example%40%40mftcc-gateway&encoding=UTF-8 HTTP/1.1" 200 75 4 Nacos-Java-Client:v1.2.1
127.0.0.1 - - [24/Aug/2022:09:54:54 +0800] "GET /nacos/v1/ns/instance/list?app=unknown&healthyOnly=false&namespaceId=30a7f7f1-f414-4acc-8a4b-bbb5808727d5&clientIP=192.168.72.1&serviceName=example%40%40mftcc-gateway&udpPort=64166&encoding=UTF-8 HTTP/1.1" 200 548 3 Nacos-Java-Client:v1.2.1
192.168.255.1 - - [24/Aug/2022:09:54:55 +0800] "GET /nacos/v1/cs/health HTTP/1.1" 200 2 1 Apache-HttpAsyncClient/4.1.3 (Java/1.8.0_144)
127.0.0.1 - - [24/Aug/2022:09:54:55 +0800] "PUT /nacos/v1/ns/instance/beat?app=mftcc-example-server&namespaceId=30a7f7f1-f414-4acc-8a4b-bbb5808727d5&port=8060&clusterName=DEFAULT&ip=192.168.255.1&serviceName=example%40%40mftcc-example-server&encoding=UTF-8 HTTP/1.1" 200 75 1 Nacos-Java-Client:v1.2.1
127.0.0.1 - - [24/Aug/2022:09:54:55 +0800] "PUT /nacos/v1/ns/instance/beat?app=mftcc-sys-server&namespaceId=30a7f7f1-f414-4acc-8a4b-bbb5808727d5&port=8071&clusterName=DEFAULT&ip=192.168.255.1&serviceName=example%40%40mftcc-sys-server&encoding=UTF-8 HTTP/1.1" 200 75 2 Nacos-Java-Client:v1.2.1
192.168.1.33 - - [24/Aug/2022:09:54:55 +0800] "PUT /nacos/v1/ns/instance/beat?app=unknown&namespaceId=30a7f7f1-f414-4acc-8a4b-bbb5808727d5&port=9999&clusterName=DEFAULT&ip=192.168.255.1&serviceName=example%40%40mftcc-rule-server&encoding=UTF-8 HTTP/1.1" 200 75 2 Nacos-Java-Client:v1.2.1
127.0.0.1 - - [24/Aug/2022:09:54:58 +0800] "GET /nacos/v1/ns/instance/list?app=unknown&healthyOnly=false&namespaceId=30a7f7f1-f414-4acc-8a4b-bbb5808727d5&clientIP=192.168.72.1&serviceName=example%40%40mftcc-rule-server&udpPort=64166&encoding=UTF-8 HTTP/1.1" 200 564 3 Nacos-Java-Client:v1.2.1
127.0.0.1 - - [24/Aug/2022:09:54:58 +0800] "GET /nacos/v1/ns/instance/list?app=unknown&healthyOnly=false&namespaceId=30a7f7f1-f414-4acc-8a4b-bbb5808727d5&clientIP=192.168.72.1&serviceName=example%40%40mftcc-sys-server&udpPort=64166&encoding=UTF-8 HTTP/1.1" 200 560 2 Nacos-Java-Client:v1.2.1
127.0.0.1 - - [24/Aug/2022:09:54:58 +0800] "GET /nacos/v1/ns/instance/list?app=unknown&healthyOnly=false&namespaceId=30a7f7f1-f414-4acc-8a4b-bbb5808727d5&clientIP=192.168.72.1&serviceName=example%40%40mftcc-example-server&udpPort=64166&encoding=UTF-8 HTTP/1.1" 200 576 2 Nacos-Java-Client:v1.2.1
