192.168.255.1 - - [19/Aug/2022:10:19:39 +0800] "GET /nacos/v1/cs/health HTTP/1.1" 200 2 238 Apache-HttpAsyncClient/4.1.3 (Java/1.8.0_144)
192.168.255.1 - - [19/Aug/2022:10:19:39 +0800] "GET /nacos/index.html HTTP/1.1" 200 2611 269 Mozilla/5.0 (Windows NT 10.0; Win64; x64) AppleWebKit/537.36 (KHTML, like Gecko) Chrome/103.0.0.0 Safari/537.36
192.168.255.1 - - [19/Aug/2022:10:19:39 +0800] "GET /nacos/console-fe/public/css/icon.css HTTP/1.1" 200 5166 14 Mozilla/5.0 (Windows NT 10.0; Win64; x64) AppleWebKit/537.36 (KHTML, like Gecko) Chrome/103.0.0.0 Safari/537.36
192.168.255.1 - - [19/Aug/2022:10:19:39 +0800] "GET /nacos/console-fe/public/css/merge.css HTTP/1.1" 200 3857 21 Mozilla/5.0 (Windows NT 10.0; Win64; x64) AppleWebKit/537.36 (KHTML, like Gecko) Chrome/103.0.0.0 Safari/537.36
192.168.255.1 - - [19/Aug/2022:10:19:39 +0800] "GET /nacos/console-fe/public/css/font-awesome.css HTTP/1.1" 200 33841 24 Mozilla/5.0 (Windows NT 10.0; Win64; x64) AppleWebKit/537.36 (KHTML, like Gecko) Chrome/103.0.0.0 Safari/537.36
192.168.255.1 - - [19/Aug/2022:10:19:39 +0800] "GET /nacos/console-fe/public/css/bootstrap.css HTTP/1.1" 200 123285 26 Mozilla/5.0 (Windows NT 10.0; Win64; x64) AppleWebKit/537.36 (KHTML, like Gecko) Chrome/103.0.0.0 Safari/537.36
192.168.255.1 - - [19/Aug/2022:10:19:39 +0800] "GET /nacos/console-fe/public/css/codemirror.css HTTP/1.1" 200 8849 30 Mozilla/5.0 (Windows NT 10.0; Win64; x64) AppleWebKit/537.36 (KHTML, like Gecko) Chrome/103.0.0.0 Safari/537.36
192.168.255.1 - - [19/Aug/2022:10:19:39 +0800] "GET /nacos/console-fe/public/css/console1412.css HTTP/1.1" 200 156959 41 Mozilla/5.0 (Windows NT 10.0; Win64; x64) AppleWebKit/537.36 (KHTML, like Gecko) Chrome/103.0.0.0 Safari/537.36
192.168.255.1 - - [19/Aug/2022:10:19:39 +0800] "GET /nacos/console-fe/public/js/jquery.js HTTP/1.1" 200 86658 17 Mozilla/5.0 (Windows NT 10.0; Win64; x64) AppleWebKit/537.36 (KHTML, like Gecko) Chrome/103.0.0.0 Safari/537.36
192.168.255.1 - - [19/Aug/2022:10:19:39 +0800] "GET /nacos/css/main.css HTTP/1.1" 200 422215 37 Mozilla/5.0 (Windows NT 10.0; Win64; x64) AppleWebKit/537.36 (KHTML, like Gecko) Chrome/103.0.0.0 Safari/537.36
192.168.255.1 - - [19/Aug/2022:10:19:39 +0800] "GET /nacos/console-fe/public/js/javascript.js HTTP/1.1" 200 32200 12 Mozilla/5.0 (Windows NT 10.0; Win64; x64) AppleWebKit/537.36 (KHTML, like Gecko) Chrome/103.0.0.0 Safari/537.36
192.168.255.1 - - [19/Aug/2022:10:19:39 +0800] "GET /nacos/console-fe/public/js/codemirror.js HTTP/1.1" 200 366237 31 Mozilla/5.0 (Windows NT 10.0; Win64; x64) AppleWebKit/537.36 (KHTML, like Gecko) Chrome/103.0.0.0 Safari/537.36
192.168.255.1 - - [19/Aug/2022:10:19:39 +0800] "GET /nacos/console-fe/public/js/xml.js HTTP/1.1" 200 13050 10 Mozilla/5.0 (Windows NT 10.0; Win64; x64) AppleWebKit/537.36 (KHTML, like Gecko) Chrome/103.0.0.0 Safari/537.36
192.168.255.1 - - [19/Aug/2022:10:19:39 +0800] "GET /nacos/console-fe/public/js/codemirror.addone.fullscreen.js HTTP/1.1" 200 1973 14 Mozilla/5.0 (Windows NT 10.0; Win64; x64) AppleWebKit/537.36 (KHTML, like Gecko) Chrome/103.0.0.0 Safari/537.36
192.168.255.1 - - [19/Aug/2022:10:19:39 +0800] "GET /nacos/console-fe/public/js/codemirror.addone.lint.js HTTP/1.1" 200 8511 11 Mozilla/5.0 (Windows NT 10.0; Win64; x64) AppleWebKit/537.36 (KHTML, like Gecko) Chrome/103.0.0.0 Safari/537.36
192.168.255.1 - - [19/Aug/2022:10:19:39 +0800] "GET /nacos/console-fe/public/js/codemirror.lib.json-lint.js HTTP/1.1" 200 16797 17 Mozilla/5.0 (Windows NT 10.0; Win64; x64) AppleWebKit/537.36 (KHTML, like Gecko) Chrome/103.0.0.0 Safari/537.36
192.168.255.1 - - [19/Aug/2022:10:19:39 +0800] "GET /nacos/console-fe/public/js/codemirror.addone.json-lint.js HTTP/1.1" 200 1433 11 Mozilla/5.0 (Windows NT 10.0; Win64; x64) AppleWebKit/537.36 (KHTML, like Gecko) Chrome/103.0.0.0 Safari/537.36
192.168.255.1 - - [19/Aug/2022:10:19:39 +0800] "GET /nacos/console-fe/public/js/diff_match_patch.js HTTP/1.1" 200 19192 11 Mozilla/5.0 (Windows NT 10.0; Win64; x64) AppleWebKit/537.36 (KHTML, like Gecko) Chrome/103.0.0.0 Safari/537.36
192.168.255.1 - - [19/Aug/2022:10:19:39 +0800] "GET /nacos/console-fe/public/js/codemirror.lib.clike-lint.js HTTP/1.1" 200 31521 20 Mozilla/5.0 (Windows NT 10.0; Win64; x64) AppleWebKit/537.36 (KHTML, like Gecko) Chrome/103.0.0.0 Safari/537.36
192.168.255.1 - - [19/Aug/2022:10:19:39 +0800] "GET /nacos/console-fe/public/js/merge.js HTTP/1.1" 200 37874 12 Mozilla/5.0 (Windows NT 10.0; Win64; x64) AppleWebKit/537.36 (KHTML, like Gecko) Chrome/103.0.0.0 Safari/537.36
192.168.255.1 - - [19/Aug/2022:10:19:39 +0800] "GET /nacos/console-fe/public/js/loader.js HTTP/1.1" 200 28899 16 Mozilla/5.0 (Windows NT 10.0; Win64; x64) AppleWebKit/537.36 (KHTML, like Gecko) Chrome/103.0.0.0 Safari/537.36
192.168.255.1 - - [19/Aug/2022:10:19:40 +0800] "GET /nacos/js/main.js HTTP/1.1" 200 1440571 78 Mozilla/5.0 (Windows NT 10.0; Win64; x64) AppleWebKit/537.36 (KHTML, like Gecko) Chrome/103.0.0.0 Safari/537.36
192.168.255.1 - - [19/Aug/2022:10:19:40 +0800] "GET /nacos/console-fe/public/js/vs/editor/editor.main.js HTTP/1.1" 200 1824086 64 Mozilla/5.0 (Windows NT 10.0; Win64; x64) AppleWebKit/537.36 (KHTML, like Gecko) Chrome/103.0.0.0 Safari/537.36
192.168.255.1 - - [19/Aug/2022:10:19:40 +0800] "GET /nacos/img/logo-2000-390.svg HTTP/1.1" 200 2106 10 Mozilla/5.0 (Windows NT 10.0; Win64; x64) AppleWebKit/537.36 (KHTML, like Gecko) Chrome/103.0.0.0 Safari/537.36
192.168.255.1 - - [19/Aug/2022:10:19:40 +0800] "GET /nacos/v1/console/server/state?accessToken= HTTP/1.1" 200 82 36 Mozilla/5.0 (Windows NT 10.0; Win64; x64) AppleWebKit/537.36 (KHTML, like Gecko) Chrome/103.0.0.0 Safari/537.36
192.168.255.1 - - [19/Aug/2022:10:19:40 +0800] "GET /nacos/console-fe/public/icons/icon-font.woff2 HTTP/1.1" 404 177 109 Mozilla/5.0 (Windows NT 10.0; Win64; x64) AppleWebKit/537.36 (KHTML, like Gecko) Chrome/103.0.0.0 Safari/537.36
192.168.255.1 - - [19/Aug/2022:10:19:40 +0800] "GET /nacos/console-fe/public/js/vs/editor/editor.main.css HTTP/1.1" 200 172199 7 Mozilla/5.0 (Windows NT 10.0; Win64; x64) AppleWebKit/537.36 (KHTML, like Gecko) Chrome/103.0.0.0 Safari/537.36
192.168.255.1 - - [19/Aug/2022:10:19:40 +0800] "GET /nacos/console-fe/public/js/vs/editor/editor.main.nls.zh-cn.js HTTP/1.1" 200 22854 7 Mozilla/5.0 (Windows NT 10.0; Win64; x64) AppleWebKit/537.36 (KHTML, like Gecko) Chrome/103.0.0.0 Safari/537.36
192.168.255.1 - - [19/Aug/2022:10:19:40 +0800] "GET /nacos/console-fe/public/icons/icon-font.woff HTTP/1.1" 200 5504 6 Mozilla/5.0 (Windows NT 10.0; Win64; x64) AppleWebKit/537.36 (KHTML, like Gecko) Chrome/103.0.0.0 Safari/537.36
192.168.255.1 - - [19/Aug/2022:10:19:40 +0800] "GET /nacos/v1/console/namespaces?&accessToken=&namespaceId= HTTP/1.1" 200 364 207 Mozilla/5.0 (Windows NT 10.0; Win64; x64) AppleWebKit/537.36 (KHTML, like Gecko) Chrome/103.0.0.0 Safari/537.36
192.168.255.1 - - [19/Aug/2022:10:19:40 +0800] "GET /nacos/console-fe/public/img/favicon.ico HTTP/1.1" 200 4286 12 Mozilla/5.0 (Windows NT 10.0; Win64; x64) AppleWebKit/537.36 (KHTML, like Gecko) Chrome/103.0.0.0 Safari/537.36
192.168.255.1 - - [19/Aug/2022:10:19:40 +0800] "GET /nacos/v1/cs/configs?search=accurate&dataId=&group=&appName=&config_tags=&pageNo=1&pageSize=10&tenant=&accessToken=&namespaceId= HTTP/1.1" 200 76 39 Mozilla/5.0 (Windows NT 10.0; Win64; x64) AppleWebKit/537.36 (KHTML, like Gecko) Chrome/103.0.0.0 Safari/537.36
192.168.255.1 - - [19/Aug/2022:10:19:44 +0800] "GET /nacos/v1/cs/health HTTP/1.1" 200 2 3 Apache-HttpAsyncClient/4.1.3 (Java/1.8.0_144)
192.168.255.1 - - [19/Aug/2022:10:19:49 +0800] "GET /nacos/v1/cs/health HTTP/1.1" 200 2 10 Apache-HttpAsyncClient/4.1.3 (Java/1.8.0_144)
192.168.255.1 - - [19/Aug/2022:10:19:54 +0800] "GET /nacos/v1/cs/health HTTP/1.1" 200 2 9 Apache-HttpAsyncClient/4.1.3 (Java/1.8.0_144)
192.168.255.1 - - [19/Aug/2022:10:19:59 +0800] "GET /nacos/v1/cs/health HTTP/1.1" 200 2 3 Apache-HttpAsyncClient/4.1.3 (Java/1.8.0_144)
192.168.255.1 - - [19/Aug/2022:10:20:04 +0800] "GET /nacos/v1/cs/health HTTP/1.1" 200 2 2 Apache-HttpAsyncClient/4.1.3 (Java/1.8.0_144)
192.168.255.1 - - [19/Aug/2022:10:20:09 +0800] "GET /nacos/v1/cs/health HTTP/1.1" 200 2 4 Apache-HttpAsyncClient/4.1.3 (Java/1.8.0_144)
192.168.255.1 - - [19/Aug/2022:10:20:14 +0800] "GET /nacos/v1/cs/health HTTP/1.1" 200 2 3 Apache-HttpAsyncClient/4.1.3 (Java/1.8.0_144)
192.168.255.1 - - [19/Aug/2022:10:20:19 +0800] "GET /nacos/v1/cs/health HTTP/1.1" 200 2 11 Apache-HttpAsyncClient/4.1.3 (Java/1.8.0_144)
192.168.255.1 - - [19/Aug/2022:10:20:24 +0800] "GET /nacos/v1/cs/health HTTP/1.1" 200 2 2 Apache-HttpAsyncClient/4.1.3 (Java/1.8.0_144)
192.168.255.1 - - [19/Aug/2022:10:20:29 +0800] "GET /nacos/v1/cs/health HTTP/1.1" 200 2 2 Apache-HttpAsyncClient/4.1.3 (Java/1.8.0_144)
192.168.255.1 - - [19/Aug/2022:10:20:34 +0800] "GET /nacos/v1/cs/health HTTP/1.1" 200 2 19 Apache-HttpAsyncClient/4.1.3 (Java/1.8.0_144)
192.168.255.1 - - [19/Aug/2022:10:20:39 +0800] "GET /nacos/v1/cs/health HTTP/1.1" 200 2 129 Apache-HttpAsyncClient/4.1.3 (Java/1.8.0_144)
192.168.255.1 - - [19/Aug/2022:10:20:44 +0800] "GET /nacos/v1/cs/health HTTP/1.1" 200 2 3 Apache-HttpAsyncClient/4.1.3 (Java/1.8.0_144)
192.168.255.1 - - [19/Aug/2022:10:20:49 +0800] "GET /nacos/v1/cs/health HTTP/1.1" 200 2 2 Apache-HttpAsyncClient/4.1.3 (Java/1.8.0_144)
192.168.255.1 - - [19/Aug/2022:10:20:54 +0800] "GET /nacos/v1/cs/health HTTP/1.1" 200 2 4 Apache-HttpAsyncClient/4.1.3 (Java/1.8.0_144)
192.168.255.1 - - [19/Aug/2022:10:20:59 +0800] "GET /nacos/v1/cs/health HTTP/1.1" 200 2 3 Apache-HttpAsyncClient/4.1.3 (Java/1.8.0_144)
192.168.255.1 - - [19/Aug/2022:10:21:04 +0800] "GET /nacos/v1/cs/health HTTP/1.1" 200 2 3 Apache-HttpAsyncClient/4.1.3 (Java/1.8.0_144)
192.168.255.1 - - [19/Aug/2022:10:21:09 +0800] "GET /nacos/v1/cs/health HTTP/1.1" 200 2 4 Apache-HttpAsyncClient/4.1.3 (Java/1.8.0_144)
192.168.255.1 - - [19/Aug/2022:10:21:14 +0800] "GET /nacos/v1/cs/health HTTP/1.1" 200 2 7 Apache-HttpAsyncClient/4.1.3 (Java/1.8.0_144)
192.168.255.1 - - [19/Aug/2022:10:21:19 +0800] "GET /nacos/v1/cs/health HTTP/1.1" 200 2 2 Apache-HttpAsyncClient/4.1.3 (Java/1.8.0_144)
192.168.255.1 - - [19/Aug/2022:10:21:24 +0800] "GET /nacos/v1/cs/health HTTP/1.1" 200 2 2 Apache-HttpAsyncClient/4.1.3 (Java/1.8.0_144)
192.168.255.1 - - [19/Aug/2022:10:21:29 +0800] "GET /nacos/v1/cs/health HTTP/1.1" 200 2 2 Apache-HttpAsyncClient/4.1.3 (Java/1.8.0_144)
192.168.255.1 - - [19/Aug/2022:10:21:34 +0800] "GET /nacos/v1/cs/health HTTP/1.1" 200 2 7 Apache-HttpAsyncClient/4.1.3 (Java/1.8.0_144)
192.168.255.1 - - [19/Aug/2022:10:21:39 +0800] "GET /nacos/v1/cs/health HTTP/1.1" 200 2 3 Apache-HttpAsyncClient/4.1.3 (Java/1.8.0_144)
192.168.255.1 - - [19/Aug/2022:10:21:44 +0800] "GET /nacos/v1/cs/health HTTP/1.1" 200 2 3 Apache-HttpAsyncClient/4.1.3 (Java/1.8.0_144)
192.168.255.1 - - [19/Aug/2022:10:21:49 +0800] "GET /nacos/v1/cs/health HTTP/1.1" 200 2 7 Apache-HttpAsyncClient/4.1.3 (Java/1.8.0_144)
192.168.255.1 - - [19/Aug/2022:10:21:54 +0800] "GET /nacos/v1/cs/health HTTP/1.1" 200 2 5 Apache-HttpAsyncClient/4.1.3 (Java/1.8.0_144)
192.168.255.1 - - [19/Aug/2022:10:21:59 +0800] "GET /nacos/v1/cs/health HTTP/1.1" 200 2 2 Apache-HttpAsyncClient/4.1.3 (Java/1.8.0_144)
192.168.255.1 - - [19/Aug/2022:10:22:04 +0800] "GET /nacos/v1/cs/health HTTP/1.1" 200 2 3 Apache-HttpAsyncClient/4.1.3 (Java/1.8.0_144)
192.168.255.1 - - [19/Aug/2022:10:22:09 +0800] "GET /nacos/v1/cs/health HTTP/1.1" 200 2 3 Apache-HttpAsyncClient/4.1.3 (Java/1.8.0_144)
192.168.255.1 - - [19/Aug/2022:10:22:14 +0800] "GET /nacos/v1/cs/health HTTP/1.1" 200 2 4 Apache-HttpAsyncClient/4.1.3 (Java/1.8.0_144)
192.168.255.1 - - [19/Aug/2022:10:22:19 +0800] "GET /nacos/v1/cs/health HTTP/1.1" 200 2 3 Apache-HttpAsyncClient/4.1.3 (Java/1.8.0_144)
192.168.255.1 - - [19/Aug/2022:10:22:24 +0800] "GET /nacos/v1/cs/health HTTP/1.1" 200 2 4 Apache-HttpAsyncClient/4.1.3 (Java/1.8.0_144)
192.168.255.1 - - [19/Aug/2022:10:22:29 +0800] "GET /nacos/v1/cs/health HTTP/1.1" 200 2 21 Apache-HttpAsyncClient/4.1.3 (Java/1.8.0_144)
192.168.255.1 - - [19/Aug/2022:10:22:34 +0800] "GET /nacos/v1/cs/health HTTP/1.1" 200 2 3 Apache-HttpAsyncClient/4.1.3 (Java/1.8.0_144)
192.168.255.1 - - [19/Aug/2022:10:22:39 +0800] "GET /nacos/v1/cs/health HTTP/1.1" 200 2 3 Apache-HttpAsyncClient/4.1.3 (Java/1.8.0_144)
192.168.255.1 - - [19/Aug/2022:10:22:45 +0800] "GET /nacos/v1/cs/health HTTP/1.1" 200 2 9 Apache-HttpAsyncClient/4.1.3 (Java/1.8.0_144)
127.0.0.1 - - [19/Aug/2022:10:22:45 +0800] "GET /nacos/v1/cs/configs?dataId=mftcc.yml&group=example&tenant=30a7f7f1-f414-4acc-8a4b-bbb5808727d5 HTTP/1.1" 200 4530 20 Java/1.8.0_144
127.0.0.1 - - [19/Aug/2022:10:22:45 +0800] "GET /nacos/v1/cs/configs?dataId=mftcc-gateway&group=example&tenant=30a7f7f1-f414-4acc-8a4b-bbb5808727d5 HTTP/1.1" 404 23 3 Java/1.8.0_144
127.0.0.1 - - [19/Aug/2022:10:22:45 +0800] "GET /nacos/v1/cs/configs?dataId=mftcc-gateway.yml&group=example&tenant=30a7f7f1-f414-4acc-8a4b-bbb5808727d5 HTTP/1.1" 200 203 3 Java/1.8.0_144
192.168.255.1 - - [19/Aug/2022:10:22:50 +0800] "GET /nacos/v1/cs/health HTTP/1.1" 200 2 3 Apache-HttpAsyncClient/4.1.3 (Java/1.8.0_144)
192.168.255.1 - - [19/Aug/2022:10:22:55 +0800] "GET /nacos/v1/cs/health HTTP/1.1" 200 2 2 Apache-HttpAsyncClient/4.1.3 (Java/1.8.0_144)
192.168.255.1 - - [19/Aug/2022:10:23:00 +0800] "GET /nacos/v1/cs/health HTTP/1.1" 200 2 4 Apache-HttpAsyncClient/4.1.3 (Java/1.8.0_144)
127.0.0.1 - - [19/Aug/2022:10:23:00 +0800] "GET /nacos/v1/ns/service/list?app=unknown&pageSize=2147483647&groupName=example&encoding=UTF-8&namespaceId=30a7f7f1-f414-4acc-8a4b-bbb5808727d5&pageNo=1 HTTP/1.1" 200 32 19 Nacos-Java-Client:v1.2.1
127.0.0.1 - - [19/Aug/2022:10:23:00 +0800] "GET /nacos/v1/ns/service/list?app=unknown&pageSize=2147483647&groupName=example&encoding=UTF-8&namespaceId=30a7f7f1-f414-4acc-8a4b-bbb5808727d5&pageNo=1 HTTP/1.1" 200 32 26 Nacos-Java-Client:v1.2.1
127.0.0.1 - - [19/Aug/2022:10:23:00 +0800] "GET /nacos/v1/ns/service/list?app=unknown&pageSize=2147483647&groupName=example&encoding=UTF-8&namespaceId=30a7f7f1-f414-4acc-8a4b-bbb5808727d5&pageNo=1 HTTP/1.1" 200 32 26 Nacos-Java-Client:v1.2.1
127.0.0.1 - - [19/Aug/2022:10:23:00 +0800] "GET /nacos/v1/ns/service/list?app=unknown&pageSize=2147483647&groupName=example&encoding=UTF-8&namespaceId=30a7f7f1-f414-4acc-8a4b-bbb5808727d5&pageNo=1 HTTP/1.1" 200 32 21 Nacos-Java-Client:v1.2.1
192.168.255.1 - - [19/Aug/2022:10:23:05 +0800] "GET /nacos/v1/cs/health HTTP/1.1" 200 2 8 Apache-HttpAsyncClient/4.1.3 (Java/1.8.0_144)
127.0.0.1 - - [19/Aug/2022:10:23:06 +0800] "POST /nacos/v1/ns/instance?app=unknown&metadata=%7B%22preserved.register.source%22%3A%22SPRING_CLOUD%22%7D&ip=192.168.255.1&weight=1.0&ephemeral=true&serviceName=example%40%40mftcc-gateway&encoding=UTF-8&groupName=example&namespaceId=30a7f7f1-f414-4acc-8a4b-bbb5808727d5&port=7019&enable=true&healthy=true&clusterName=DEFAULT HTTP/1.1" 200 2 50 Nacos-Java-Client:v1.2.1
127.0.0.1 - - [19/Aug/2022:10:23:06 +0800] "GET /nacos/v1/ns/service/list?app=unknown&pageSize=2147483647&groupName=example&encoding=UTF-8&namespaceId=30a7f7f1-f414-4acc-8a4b-bbb5808727d5&pageNo=1 HTTP/1.1" 200 47 3 Nacos-Java-Client:v1.2.1
127.0.0.1 - - [19/Aug/2022:10:23:07 +0800] "GET /nacos/v1/ns/instance/list?app=unknown&healthyOnly=false&namespaceId=30a7f7f1-f414-4acc-8a4b-bbb5808727d5&clientIP=192.168.72.1&serviceName=example%40%40mftcc-gateway&udpPort=53607&encoding=UTF-8 HTTP/1.1" 200 548 10 Nacos-Java-Client:v1.2.1
127.0.0.1 - - [19/Aug/2022:10:23:07 +0800] "POST /nacos/v1/cs/configs/listener HTTP/1.1" 200 - 7 Java/1.8.0_144
127.0.0.1 - - [19/Aug/2022:10:23:08 +0800] "GET /nacos/v1/ns/instance/list?app=unknown&healthyOnly=false&namespaceId=30a7f7f1-f414-4acc-8a4b-bbb5808727d5&clientIP=192.168.72.1&serviceName=example%40%40mftcc-gateway&udpPort=53607&encoding=UTF-8 HTTP/1.1" 200 548 2 Nacos-Java-Client:v1.2.1
127.0.0.1 - - [19/Aug/2022:10:23:08 +0800] "GET /nacos/v1/ns/operator/metrics?app=unknown&encoding=UTF-8&namespaceId=30a7f7f1-f414-4acc-8a4b-bbb5808727d5 HTTP/1.1" 200 180 881 Nacos-Java-Client:v1.2.1
127.0.0.1 - - [19/Aug/2022:10:23:08 +0800] "GET /nacos/v1/ns/service/list?app=unknown&pageSize=2147483647&groupName=example&encoding=UTF-8&namespaceId=30a7f7f1-f414-4acc-8a4b-bbb5808727d5&pageNo=1 HTTP/1.1" 200 47 1 Nacos-Java-Client:v1.2.1
192.168.255.1 - - [19/Aug/2022:10:23:10 +0800] "GET /nacos/v1/cs/health HTTP/1.1" 200 2 3 Apache-HttpAsyncClient/4.1.3 (Java/1.8.0_144)
127.0.0.1 - - [19/Aug/2022:10:23:11 +0800] "PUT /nacos/v1/ns/instance/beat?app=unknown&namespaceId=30a7f7f1-f414-4acc-8a4b-bbb5808727d5&port=7019&clusterName=DEFAULT&ip=192.168.255.1&serviceName=example%40%40mftcc-gateway&encoding=UTF-8 HTTP/1.1" 200 75 13 Nacos-Java-Client:v1.2.1
192.168.255.1 - - [19/Aug/2022:10:23:15 +0800] "GET /nacos/v1/cs/health HTTP/1.1" 200 2 7 Apache-HttpAsyncClient/4.1.3 (Java/1.8.0_144)
127.0.0.1 - - [19/Aug/2022:10:23:16 +0800] "PUT /nacos/v1/ns/instance/beat?app=unknown&namespaceId=30a7f7f1-f414-4acc-8a4b-bbb5808727d5&port=7019&clusterName=DEFAULT&ip=192.168.255.1&serviceName=example%40%40mftcc-gateway&encoding=UTF-8 HTTP/1.1" 200 75 2 Nacos-Java-Client:v1.2.1
127.0.0.1 - - [19/Aug/2022:10:23:18 +0800] "GET /nacos/v1/ns/instance/list?app=unknown&healthyOnly=false&namespaceId=30a7f7f1-f414-4acc-8a4b-bbb5808727d5&clientIP=192.168.72.1&serviceName=example%40%40mftcc-gateway&udpPort=53607&encoding=UTF-8 HTTP/1.1" 200 548 5 Nacos-Java-Client:v1.2.1
192.168.255.1 - - [19/Aug/2022:10:23:20 +0800] "GET /nacos/v1/cs/health HTTP/1.1" 200 2 4 Apache-HttpAsyncClient/4.1.3 (Java/1.8.0_144)
127.0.0.1 - - [19/Aug/2022:10:23:21 +0800] "PUT /nacos/v1/ns/instance/beat?app=unknown&namespaceId=30a7f7f1-f414-4acc-8a4b-bbb5808727d5&port=7019&clusterName=DEFAULT&ip=192.168.255.1&serviceName=example%40%40mftcc-gateway&encoding=UTF-8 HTTP/1.1" 200 75 8 Nacos-Java-Client:v1.2.1
192.168.255.1 - - [19/Aug/2022:10:23:25 +0800] "GET /nacos/v1/cs/health HTTP/1.1" 200 2 2 Apache-HttpAsyncClient/4.1.3 (Java/1.8.0_144)
127.0.0.1 - - [19/Aug/2022:10:23:27 +0800] "PUT /nacos/v1/ns/instance/beat?app=unknown&namespaceId=30a7f7f1-f414-4acc-8a4b-bbb5808727d5&port=7019&clusterName=DEFAULT&ip=192.168.255.1&serviceName=example%40%40mftcc-gateway&encoding=UTF-8 HTTP/1.1" 200 75 7 Nacos-Java-Client:v1.2.1
127.0.0.1 - - [19/Aug/2022:10:23:28 +0800] "GET /nacos/v1/ns/instance/list?app=unknown&healthyOnly=false&namespaceId=30a7f7f1-f414-4acc-8a4b-bbb5808727d5&clientIP=192.168.72.1&serviceName=example%40%40mftcc-gateway&udpPort=53607&encoding=UTF-8 HTTP/1.1" 200 548 5 Nacos-Java-Client:v1.2.1
192.168.255.1 - - [19/Aug/2022:10:23:30 +0800] "GET /nacos/v1/cs/health HTTP/1.1" 200 2 3 Apache-HttpAsyncClient/4.1.3 (Java/1.8.0_144)
127.0.0.1 - - [19/Aug/2022:10:23:30 +0800] "GET /nacos/v1/ns/service/list?app=unknown&pageSize=2147483647&groupName=example&encoding=UTF-8&namespaceId=30a7f7f1-f414-4acc-8a4b-bbb5808727d5&pageNo=1 HTTP/1.1" 200 47 10 Nacos-Java-Client:v1.2.1
127.0.0.1 - - [19/Aug/2022:10:23:32 +0800] "PUT /nacos/v1/ns/instance/beat?app=unknown&namespaceId=30a7f7f1-f414-4acc-8a4b-bbb5808727d5&port=7019&clusterName=DEFAULT&ip=192.168.255.1&serviceName=example%40%40mftcc-gateway&encoding=UTF-8 HTTP/1.1" 200 75 8 Nacos-Java-Client:v1.2.1
192.168.255.1 - - [19/Aug/2022:10:23:35 +0800] "GET /nacos/v1/cs/health HTTP/1.1" 200 2 2 Apache-HttpAsyncClient/4.1.3 (Java/1.8.0_144)
127.0.0.1 - - [19/Aug/2022:10:23:36 +0800] "POST /nacos/v1/cs/configs/listener HTTP/1.1" 200 - 29517 Java/1.8.0_144
127.0.0.1 - - [19/Aug/2022:10:23:37 +0800] "PUT /nacos/v1/ns/instance/beat?app=unknown&namespaceId=30a7f7f1-f414-4acc-8a4b-bbb5808727d5&port=7019&clusterName=DEFAULT&ip=192.168.255.1&serviceName=example%40%40mftcc-gateway&encoding=UTF-8 HTTP/1.1" 200 75 7 Nacos-Java-Client:v1.2.1
127.0.0.1 - - [19/Aug/2022:10:23:38 +0800] "GET /nacos/v1/ns/instance/list?app=unknown&healthyOnly=false&namespaceId=30a7f7f1-f414-4acc-8a4b-bbb5808727d5&clientIP=192.168.72.1&serviceName=example%40%40mftcc-gateway&udpPort=53607&encoding=UTF-8 HTTP/1.1" 200 548 3 Nacos-Java-Client:v1.2.1
192.168.255.1 - - [19/Aug/2022:10:23:39 +0800] "GET /nacos/v1/cs/configs?search=accurate&dataId=&group=&appName=&config_tags=&pageNo=1&pageSize=10&tenant=30a7f7f1-f414-4acc-8a4b-bbb5808727d5&accessToken=&namespaceId=30a7f7f1-f414-4acc-8a4b-bbb5808727d5 HTTP/1.1" 200 12578 10 Mozilla/5.0 (Windows NT 10.0; Win64; x64) AppleWebKit/537.36 (KHTML, like Gecko) Chrome/103.0.0.0 Safari/537.36
192.168.255.1 - - [19/Aug/2022:10:23:39 +0800] "GET /nacos/v1/cs/configs?search=accurate&dataId=&group=&appName=&config_tags=&pageNo=1&pageSize=10&tenant=30a7f7f1-f414-4acc-8a4b-bbb5808727d5&accessToken=&namespaceId=30a7f7f1-f414-4acc-8a4b-bbb5808727d5 HTTP/1.1" 200 12578 14 Mozilla/5.0 (Windows NT 10.0; Win64; x64) AppleWebKit/537.36 (KHTML, like Gecko) Chrome/103.0.0.0 Safari/537.36
192.168.255.1 - - [19/Aug/2022:10:23:40 +0800] "GET /nacos/v1/cs/health HTTP/1.1" 200 2 8 Apache-HttpAsyncClient/4.1.3 (Java/1.8.0_144)
192.168.255.1 - - [19/Aug/2022:10:23:41 +0800] "GET /nacos/v1/cs/configs?dataId=mftcc-gateway.yml&group=example&namespaceId=30a7f7f1-f414-4acc-8a4b-bbb5808727d5&tenant=30a7f7f1-f414-4acc-8a4b-bbb5808727d5&beta=true&accessToken= HTTP/1.1" 200 60 4 Mozilla/5.0 (Windows NT 10.0; Win64; x64) AppleWebKit/537.36 (KHTML, like Gecko) Chrome/103.0.0.0 Safari/537.36
192.168.255.1 - - [19/Aug/2022:10:23:41 +0800] "GET /nacos/v1/cs/configs?dataId=mftcc-gateway.yml&group=example&namespaceId=30a7f7f1-f414-4acc-8a4b-bbb5808727d5&tenant=30a7f7f1-f414-4acc-8a4b-bbb5808727d5&show=all&accessToken= HTTP/1.1" 200 618 166 Mozilla/5.0 (Windows NT 10.0; Win64; x64) AppleWebKit/537.36 (KHTML, like Gecko) Chrome/103.0.0.0 Safari/537.36
192.168.255.1 - - [19/Aug/2022:10:23:41 +0800] "GET /nacos/console-fe/public/js/vs/basic-languages/src/yaml.js HTTP/1.1" 200 3869 3 Mozilla/5.0 (Windows NT 10.0; Win64; x64) AppleWebKit/537.36 (KHTML, like Gecko) Chrome/103.0.0.0 Safari/537.36
192.168.255.1 - - [19/Aug/2022:10:23:41 +0800] "GET /nacos/console-fe/public/js/vs/base/worker/workerMain.js HTTP/1.1" 200 151535 8 Mozilla/5.0 (Windows NT 10.0; Win64; x64) AppleWebKit/537.36 (KHTML, like Gecko) Chrome/103.0.0.0 Safari/537.36
127.0.0.1 - - [19/Aug/2022:10:23:42 +0800] "PUT /nacos/v1/ns/instance/beat?app=unknown&namespaceId=30a7f7f1-f414-4acc-8a4b-bbb5808727d5&port=7019&clusterName=DEFAULT&ip=192.168.255.1&serviceName=example%40%40mftcc-gateway&encoding=UTF-8 HTTP/1.1" 200 75 3 Nacos-Java-Client:v1.2.1
192.168.255.1 - - [19/Aug/2022:10:23:43 +0800] "GET /nacos/v1/cs/configs?search=accurate&dataId=&group=&appName=&config_tags=&pageNo=1&pageSize=10&tenant=30a7f7f1-f414-4acc-8a4b-bbb5808727d5&accessToken=&namespaceId=30a7f7f1-f414-4acc-8a4b-bbb5808727d5 HTTP/1.1" 200 12578 7 Mozilla/5.0 (Windows NT 10.0; Win64; x64) AppleWebKit/537.36 (KHTML, like Gecko) Chrome/103.0.0.0 Safari/537.36
192.168.255.1 - - [19/Aug/2022:10:23:45 +0800] "GET /nacos/v1/cs/health HTTP/1.1" 200 2 6 Apache-HttpAsyncClient/4.1.3 (Java/1.8.0_144)
192.168.255.1 - - [19/Aug/2022:10:23:46 +0800] "GET /nacos/v1/cs/configs?dataId=mftcc.yml&group=example&namespaceId=30a7f7f1-f414-4acc-8a4b-bbb5808727d5&tenant=30a7f7f1-f414-4acc-8a4b-bbb5808727d5&beta=true&accessToken= HTTP/1.1" 200 60 6 Mozilla/5.0 (Windows NT 10.0; Win64; x64) AppleWebKit/537.36 (KHTML, like Gecko) Chrome/103.0.0.0 Safari/537.36
192.168.255.1 - - [19/Aug/2022:10:23:46 +0800] "GET /nacos/v1/cs/configs?dataId=mftcc.yml&group=example&namespaceId=30a7f7f1-f414-4acc-8a4b-bbb5808727d5&tenant=30a7f7f1-f414-4acc-8a4b-bbb5808727d5&show=all&accessToken= HTTP/1.1" 200 5204 7 Mozilla/5.0 (Windows NT 10.0; Win64; x64) AppleWebKit/537.36 (KHTML, like Gecko) Chrome/103.0.0.0 Safari/537.36
127.0.0.1 - - [19/Aug/2022:10:23:47 +0800] "PUT /nacos/v1/ns/instance/beat?app=unknown&namespaceId=30a7f7f1-f414-4acc-8a4b-bbb5808727d5&port=7019&clusterName=DEFAULT&ip=192.168.255.1&serviceName=example%40%40mftcc-gateway&encoding=UTF-8 HTTP/1.1" 200 75 3 Nacos-Java-Client:v1.2.1
127.0.0.1 - - [19/Aug/2022:10:23:48 +0800] "GET /nacos/v1/ns/instance/list?app=unknown&healthyOnly=false&namespaceId=30a7f7f1-f414-4acc-8a4b-bbb5808727d5&clientIP=192.168.72.1&serviceName=example%40%40mftcc-gateway&udpPort=53607&encoding=UTF-8 HTTP/1.1" 200 548 8 Nacos-Java-Client:v1.2.1
192.168.255.1 - - [19/Aug/2022:10:23:50 +0800] "GET /nacos/v1/cs/health HTTP/1.1" 200 2 5 Apache-HttpAsyncClient/4.1.3 (Java/1.8.0_144)
127.0.0.1 - - [19/Aug/2022:10:23:52 +0800] "PUT /nacos/v1/ns/instance/beat?app=unknown&namespaceId=30a7f7f1-f414-4acc-8a4b-bbb5808727d5&port=7019&clusterName=DEFAULT&ip=192.168.255.1&serviceName=example%40%40mftcc-gateway&encoding=UTF-8 HTTP/1.1" 200 75 2 Nacos-Java-Client:v1.2.1
192.168.255.1 - - [19/Aug/2022:10:23:52 +0800] "GET /nacos/v1/cs/configs?search=accurate&dataId=&group=&appName=&config_tags=&pageNo=1&pageSize=10&tenant=30a7f7f1-f414-4acc-8a4b-bbb5808727d5&accessToken=&namespaceId=30a7f7f1-f414-4acc-8a4b-bbb5808727d5 HTTP/1.1" 200 12578 8 Mozilla/5.0 (Windows NT 10.0; Win64; x64) AppleWebKit/537.36 (KHTML, like Gecko) Chrome/103.0.0.0 Safari/537.36
192.168.255.1 - - [19/Aug/2022:10:23:53 +0800] "GET /nacos/v1/cs/configs?dataId=mftcc-sys-server.yml&group=example&namespaceId=30a7f7f1-f414-4acc-8a4b-bbb5808727d5&tenant=30a7f7f1-f414-4acc-8a4b-bbb5808727d5&beta=true&accessToken= HTTP/1.1" 200 60 4 Mozilla/5.0 (Windows NT 10.0; Win64; x64) AppleWebKit/537.36 (KHTML, like Gecko) Chrome/103.0.0.0 Safari/537.36
192.168.255.1 - - [19/Aug/2022:10:23:53 +0800] "GET /nacos/v1/cs/configs?dataId=mftcc-sys-server.yml&group=example&namespaceId=30a7f7f1-f414-4acc-8a4b-bbb5808727d5&tenant=30a7f7f1-f414-4acc-8a4b-bbb5808727d5&show=all&accessToken= HTTP/1.1" 200 765 6 Mozilla/5.0 (Windows NT 10.0; Win64; x64) AppleWebKit/537.36 (KHTML, like Gecko) Chrome/103.0.0.0 Safari/537.36
192.168.255.1 - - [19/Aug/2022:10:23:55 +0800] "GET /nacos/v1/cs/health HTTP/1.1" 200 2 2 Apache-HttpAsyncClient/4.1.3 (Java/1.8.0_144)
127.0.0.1 - - [19/Aug/2022:10:23:57 +0800] "PUT /nacos/v1/ns/instance/beat?app=unknown&namespaceId=30a7f7f1-f414-4acc-8a4b-bbb5808727d5&port=7019&clusterName=DEFAULT&ip=192.168.255.1&serviceName=example%40%40mftcc-gateway&encoding=UTF-8 HTTP/1.1" 200 75 2 Nacos-Java-Client:v1.2.1
192.168.255.1 - - [19/Aug/2022:10:23:57 +0800] "GET /nacos/v1/cs/configs?search=accurate&dataId=&group=&appName=&config_tags=&pageNo=1&pageSize=10&tenant=30a7f7f1-f414-4acc-8a4b-bbb5808727d5&accessToken=&namespaceId=30a7f7f1-f414-4acc-8a4b-bbb5808727d5 HTTP/1.1" 200 12578 6 Mozilla/5.0 (Windows NT 10.0; Win64; x64) AppleWebKit/537.36 (KHTML, like Gecko) Chrome/103.0.0.0 Safari/537.36
127.0.0.1 - - [19/Aug/2022:10:23:58 +0800] "GET /nacos/v1/ns/instance/list?app=unknown&healthyOnly=false&namespaceId=30a7f7f1-f414-4acc-8a4b-bbb5808727d5&clientIP=192.168.72.1&serviceName=example%40%40mftcc-gateway&udpPort=53607&encoding=UTF-8 HTTP/1.1" 200 548 2 Nacos-Java-Client:v1.2.1
192.168.255.1 - - [19/Aug/2022:10:24:00 +0800] "GET /nacos/v1/cs/health HTTP/1.1" 200 2 2 Apache-HttpAsyncClient/4.1.3 (Java/1.8.0_144)
127.0.0.1 - - [19/Aug/2022:10:24:00 +0800] "GET /nacos/v1/ns/service/list?app=unknown&pageSize=2147483647&groupName=example&encoding=UTF-8&namespaceId=30a7f7f1-f414-4acc-8a4b-bbb5808727d5&pageNo=1 HTTP/1.1" 200 47 2 Nacos-Java-Client:v1.2.1
127.0.0.1 - - [19/Aug/2022:10:24:02 +0800] "PUT /nacos/v1/ns/instance/beat?app=unknown&namespaceId=30a7f7f1-f414-4acc-8a4b-bbb5808727d5&port=7019&clusterName=DEFAULT&ip=192.168.255.1&serviceName=example%40%40mftcc-gateway&encoding=UTF-8 HTTP/1.1" 200 75 2 Nacos-Java-Client:v1.2.1
192.168.255.1 - - [19/Aug/2022:10:24:05 +0800] "GET /nacos/v1/cs/health HTTP/1.1" 200 2 2 Apache-HttpAsyncClient/4.1.3 (Java/1.8.0_144)
127.0.0.1 - - [19/Aug/2022:10:24:06 +0800] "POST /nacos/v1/cs/configs/listener HTTP/1.1" 200 - 29907 Java/1.8.0_144
127.0.0.1 - - [19/Aug/2022:10:24:07 +0800] "PUT /nacos/v1/ns/instance/beat?app=unknown&namespaceId=30a7f7f1-f414-4acc-8a4b-bbb5808727d5&port=7019&clusterName=DEFAULT&ip=192.168.255.1&serviceName=example%40%40mftcc-gateway&encoding=UTF-8 HTTP/1.1" 200 75 6 Nacos-Java-Client:v1.2.1
127.0.0.1 - - [19/Aug/2022:10:24:08 +0800] "GET /nacos/v1/ns/instance/list?app=unknown&healthyOnly=false&namespaceId=30a7f7f1-f414-4acc-8a4b-bbb5808727d5&clientIP=192.168.72.1&serviceName=example%40%40mftcc-gateway&udpPort=53607&encoding=UTF-8 HTTP/1.1" 200 548 3 Nacos-Java-Client:v1.2.1
192.168.255.1 - - [19/Aug/2022:10:24:10 +0800] "GET /nacos/v1/cs/health HTTP/1.1" 200 2 3 Apache-HttpAsyncClient/4.1.3 (Java/1.8.0_144)
127.0.0.1 - - [19/Aug/2022:10:24:12 +0800] "PUT /nacos/v1/ns/instance/beat?app=unknown&namespaceId=30a7f7f1-f414-4acc-8a4b-bbb5808727d5&port=7019&clusterName=DEFAULT&ip=192.168.255.1&serviceName=example%40%40mftcc-gateway&encoding=UTF-8 HTTP/1.1" 200 75 3 Nacos-Java-Client:v1.2.1
192.168.255.1 - - [19/Aug/2022:10:24:15 +0800] "GET /nacos/v1/cs/health HTTP/1.1" 200 2 2 Apache-HttpAsyncClient/4.1.3 (Java/1.8.0_144)
127.0.0.1 - - [19/Aug/2022:10:24:17 +0800] "PUT /nacos/v1/ns/instance/beat?app=unknown&namespaceId=30a7f7f1-f414-4acc-8a4b-bbb5808727d5&port=7019&clusterName=DEFAULT&ip=192.168.255.1&serviceName=example%40%40mftcc-gateway&encoding=UTF-8 HTTP/1.1" 200 75 2 Nacos-Java-Client:v1.2.1
127.0.0.1 - - [19/Aug/2022:10:24:18 +0800] "GET /nacos/v1/ns/instance/list?app=unknown&healthyOnly=false&namespaceId=30a7f7f1-f414-4acc-8a4b-bbb5808727d5&clientIP=192.168.72.1&serviceName=example%40%40mftcc-gateway&udpPort=53607&encoding=UTF-8 HTTP/1.1" 200 548 3 Nacos-Java-Client:v1.2.1
192.168.255.1 - - [19/Aug/2022:10:24:20 +0800] "GET /nacos/v1/cs/health HTTP/1.1" 200 2 13 Apache-HttpAsyncClient/4.1.3 (Java/1.8.0_144)
127.0.0.1 - - [19/Aug/2022:10:24:22 +0800] "PUT /nacos/v1/ns/instance/beat?app=unknown&namespaceId=30a7f7f1-f414-4acc-8a4b-bbb5808727d5&port=7019&clusterName=DEFAULT&ip=192.168.255.1&serviceName=example%40%40mftcc-gateway&encoding=UTF-8 HTTP/1.1" 200 75 3 Nacos-Java-Client:v1.2.1
192.168.255.1 - - [19/Aug/2022:10:24:25 +0800] "GET /nacos/v1/cs/health HTTP/1.1" 200 2 3 Apache-HttpAsyncClient/4.1.3 (Java/1.8.0_144)
127.0.0.1 - - [19/Aug/2022:10:24:27 +0800] "PUT /nacos/v1/ns/instance/beat?app=unknown&namespaceId=30a7f7f1-f414-4acc-8a4b-bbb5808727d5&port=7019&clusterName=DEFAULT&ip=192.168.255.1&serviceName=example%40%40mftcc-gateway&encoding=UTF-8 HTTP/1.1" 200 75 3 Nacos-Java-Client:v1.2.1
127.0.0.1 - - [19/Aug/2022:10:24:28 +0800] "GET /nacos/v1/ns/instance/list?app=unknown&healthyOnly=false&namespaceId=30a7f7f1-f414-4acc-8a4b-bbb5808727d5&clientIP=192.168.72.1&serviceName=example%40%40mftcc-gateway&udpPort=53607&encoding=UTF-8 HTTP/1.1" 200 548 3 Nacos-Java-Client:v1.2.1
192.168.255.1 - - [19/Aug/2022:10:24:30 +0800] "GET /nacos/v1/cs/health HTTP/1.1" 200 2 4 Apache-HttpAsyncClient/4.1.3 (Java/1.8.0_144)
127.0.0.1 - - [19/Aug/2022:10:24:30 +0800] "GET /nacos/v1/ns/service/list?app=unknown&pageSize=2147483647&groupName=example&encoding=UTF-8&namespaceId=30a7f7f1-f414-4acc-8a4b-bbb5808727d5&pageNo=1 HTTP/1.1" 200 47 3 Nacos-Java-Client:v1.2.1
127.0.0.1 - - [19/Aug/2022:10:24:32 +0800] "PUT /nacos/v1/ns/instance/beat?app=unknown&namespaceId=30a7f7f1-f414-4acc-8a4b-bbb5808727d5&port=7019&clusterName=DEFAULT&ip=192.168.255.1&serviceName=example%40%40mftcc-gateway&encoding=UTF-8 HTTP/1.1" 200 75 2 Nacos-Java-Client:v1.2.1
192.168.255.1 - - [19/Aug/2022:10:24:35 +0800] "GET /nacos/v1/cs/health HTTP/1.1" 200 2 2 Apache-HttpAsyncClient/4.1.3 (Java/1.8.0_144)
127.0.0.1 - - [19/Aug/2022:10:24:36 +0800] "POST /nacos/v1/cs/configs/listener HTTP/1.1" 200 - 29506 Java/1.8.0_144
127.0.0.1 - - [19/Aug/2022:10:24:37 +0800] "PUT /nacos/v1/ns/instance/beat?app=unknown&namespaceId=30a7f7f1-f414-4acc-8a4b-bbb5808727d5&port=7019&clusterName=DEFAULT&ip=192.168.255.1&serviceName=example%40%40mftcc-gateway&encoding=UTF-8 HTTP/1.1" 200 75 2 Nacos-Java-Client:v1.2.1
127.0.0.1 - - [19/Aug/2022:10:24:38 +0800] "GET /nacos/v1/ns/instance/list?app=unknown&healthyOnly=false&namespaceId=30a7f7f1-f414-4acc-8a4b-bbb5808727d5&clientIP=192.168.72.1&serviceName=example%40%40mftcc-gateway&udpPort=53607&encoding=UTF-8 HTTP/1.1" 200 548 11 Nacos-Java-Client:v1.2.1
192.168.255.1 - - [19/Aug/2022:10:24:40 +0800] "GET /nacos/v1/cs/health HTTP/1.1" 200 2 3 Apache-HttpAsyncClient/4.1.3 (Java/1.8.0_144)
127.0.0.1 - - [19/Aug/2022:10:24:42 +0800] "PUT /nacos/v1/ns/instance/beat?app=unknown&namespaceId=30a7f7f1-f414-4acc-8a4b-bbb5808727d5&port=7019&clusterName=DEFAULT&ip=192.168.255.1&serviceName=example%40%40mftcc-gateway&encoding=UTF-8 HTTP/1.1" 200 75 4 Nacos-Java-Client:v1.2.1
192.168.255.1 - - [19/Aug/2022:10:24:45 +0800] "GET /nacos/v1/cs/health HTTP/1.1" 200 2 3 Apache-HttpAsyncClient/4.1.3 (Java/1.8.0_144)
127.0.0.1 - - [19/Aug/2022:10:24:47 +0800] "PUT /nacos/v1/ns/instance/beat?app=unknown&namespaceId=30a7f7f1-f414-4acc-8a4b-bbb5808727d5&port=7019&clusterName=DEFAULT&ip=192.168.255.1&serviceName=example%40%40mftcc-gateway&encoding=UTF-8 HTTP/1.1" 200 75 2 Nacos-Java-Client:v1.2.1
127.0.0.1 - - [19/Aug/2022:10:24:48 +0800] "GET /nacos/v1/ns/instance/list?app=unknown&healthyOnly=false&namespaceId=30a7f7f1-f414-4acc-8a4b-bbb5808727d5&clientIP=192.168.72.1&serviceName=example%40%40mftcc-gateway&udpPort=53607&encoding=UTF-8 HTTP/1.1" 200 548 3 Nacos-Java-Client:v1.2.1
192.168.255.1 - - [19/Aug/2022:10:24:50 +0800] "GET /nacos/v1/cs/health HTTP/1.1" 200 2 8 Apache-HttpAsyncClient/4.1.3 (Java/1.8.0_144)
127.0.0.1 - - [19/Aug/2022:10:24:52 +0800] "PUT /nacos/v1/ns/instance/beat?app=unknown&namespaceId=30a7f7f1-f414-4acc-8a4b-bbb5808727d5&port=7019&clusterName=DEFAULT&ip=192.168.255.1&serviceName=example%40%40mftcc-gateway&encoding=UTF-8 HTTP/1.1" 200 75 2 Nacos-Java-Client:v1.2.1
192.168.255.1 - - [19/Aug/2022:10:24:55 +0800] "GET /nacos/v1/cs/health HTTP/1.1" 200 2 3 Apache-HttpAsyncClient/4.1.3 (Java/1.8.0_144)
127.0.0.1 - - [19/Aug/2022:10:24:57 +0800] "PUT /nacos/v1/ns/instance/beat?app=unknown&namespaceId=30a7f7f1-f414-4acc-8a4b-bbb5808727d5&port=7019&clusterName=DEFAULT&ip=192.168.255.1&serviceName=example%40%40mftcc-gateway&encoding=UTF-8 HTTP/1.1" 200 75 2 Nacos-Java-Client:v1.2.1
127.0.0.1 - - [19/Aug/2022:10:24:58 +0800] "GET /nacos/v1/ns/instance/list?app=unknown&healthyOnly=false&namespaceId=30a7f7f1-f414-4acc-8a4b-bbb5808727d5&clientIP=192.168.72.1&serviceName=example%40%40mftcc-gateway&udpPort=53607&encoding=UTF-8 HTTP/1.1" 200 548 5 Nacos-Java-Client:v1.2.1
192.168.255.1 - - [19/Aug/2022:10:25:00 +0800] "GET /nacos/v1/cs/health HTTP/1.1" 200 2 6 Apache-HttpAsyncClient/4.1.3 (Java/1.8.0_144)
127.0.0.1 - - [19/Aug/2022:10:25:00 +0800] "GET /nacos/v1/ns/service/list?app=unknown&pageSize=2147483647&groupName=example&encoding=UTF-8&namespaceId=30a7f7f1-f414-4acc-8a4b-bbb5808727d5&pageNo=1 HTTP/1.1" 200 47 3 Nacos-Java-Client:v1.2.1
127.0.0.1 - - [19/Aug/2022:10:25:02 +0800] "PUT /nacos/v1/ns/instance/beat?app=unknown&namespaceId=30a7f7f1-f414-4acc-8a4b-bbb5808727d5&port=7019&clusterName=DEFAULT&ip=192.168.255.1&serviceName=example%40%40mftcc-gateway&encoding=UTF-8 HTTP/1.1" 200 75 3 Nacos-Java-Client:v1.2.1
192.168.255.1 - - [19/Aug/2022:10:25:05 +0800] "GET /nacos/v1/cs/health HTTP/1.1" 200 2 5 Apache-HttpAsyncClient/4.1.3 (Java/1.8.0_144)
127.0.0.1 - - [19/Aug/2022:10:25:05 +0800] "POST /nacos/v1/cs/configs/listener HTTP/1.1" 200 - 29518 Java/1.8.0_144
127.0.0.1 - - [19/Aug/2022:10:25:07 +0800] "PUT /nacos/v1/ns/instance/beat?app=unknown&namespaceId=30a7f7f1-f414-4acc-8a4b-bbb5808727d5&port=7019&clusterName=DEFAULT&ip=192.168.255.1&serviceName=example%40%40mftcc-gateway&encoding=UTF-8 HTTP/1.1" 200 75 2 Nacos-Java-Client:v1.2.1
127.0.0.1 - - [19/Aug/2022:10:25:08 +0800] "GET /nacos/v1/ns/instance/list?app=unknown&healthyOnly=false&namespaceId=30a7f7f1-f414-4acc-8a4b-bbb5808727d5&clientIP=192.168.72.1&serviceName=example%40%40mftcc-gateway&udpPort=53607&encoding=UTF-8 HTTP/1.1" 200 548 3 Nacos-Java-Client:v1.2.1
192.168.255.1 - - [19/Aug/2022:10:25:10 +0800] "GET /nacos/v1/cs/health HTTP/1.1" 200 2 6 Apache-HttpAsyncClient/4.1.3 (Java/1.8.0_144)
127.0.0.1 - - [19/Aug/2022:10:25:12 +0800] "PUT /nacos/v1/ns/instance/beat?app=unknown&namespaceId=30a7f7f1-f414-4acc-8a4b-bbb5808727d5&port=7019&clusterName=DEFAULT&ip=192.168.255.1&serviceName=example%40%40mftcc-gateway&encoding=UTF-8 HTTP/1.1" 200 75 4 Nacos-Java-Client:v1.2.1
192.168.255.1 - - [19/Aug/2022:10:25:15 +0800] "GET /nacos/v1/cs/health HTTP/1.1" 200 2 2 Apache-HttpAsyncClient/4.1.3 (Java/1.8.0_144)
127.0.0.1 - - [19/Aug/2022:10:25:17 +0800] "PUT /nacos/v1/ns/instance/beat?app=unknown&namespaceId=30a7f7f1-f414-4acc-8a4b-bbb5808727d5&port=7019&clusterName=DEFAULT&ip=192.168.255.1&serviceName=example%40%40mftcc-gateway&encoding=UTF-8 HTTP/1.1" 200 75 7 Nacos-Java-Client:v1.2.1
127.0.0.1 - - [19/Aug/2022:10:25:18 +0800] "GET /nacos/v1/ns/instance/list?app=unknown&healthyOnly=false&namespaceId=30a7f7f1-f414-4acc-8a4b-bbb5808727d5&clientIP=192.168.72.1&serviceName=example%40%40mftcc-gateway&udpPort=53607&encoding=UTF-8 HTTP/1.1" 200 548 2 Nacos-Java-Client:v1.2.1
192.168.255.1 - - [19/Aug/2022:10:25:20 +0800] "GET /nacos/v1/cs/health HTTP/1.1" 200 2 12 Apache-HttpAsyncClient/4.1.3 (Java/1.8.0_144)
127.0.0.1 - - [19/Aug/2022:10:25:22 +0800] "PUT /nacos/v1/ns/instance/beat?app=unknown&namespaceId=30a7f7f1-f414-4acc-8a4b-bbb5808727d5&port=7019&clusterName=DEFAULT&ip=192.168.255.1&serviceName=example%40%40mftcc-gateway&encoding=UTF-8 HTTP/1.1" 200 75 2 Nacos-Java-Client:v1.2.1
192.168.255.1 - - [19/Aug/2022:10:25:25 +0800] "GET /nacos/v1/cs/health HTTP/1.1" 200 2 6 Apache-HttpAsyncClient/4.1.3 (Java/1.8.0_144)
127.0.0.1 - - [19/Aug/2022:10:25:27 +0800] "PUT /nacos/v1/ns/instance/beat?app=unknown&namespaceId=30a7f7f1-f414-4acc-8a4b-bbb5808727d5&port=7019&clusterName=DEFAULT&ip=192.168.255.1&serviceName=example%40%40mftcc-gateway&encoding=UTF-8 HTTP/1.1" 200 75 2 Nacos-Java-Client:v1.2.1
127.0.0.1 - - [19/Aug/2022:10:25:28 +0800] "GET /nacos/v1/ns/instance/list?app=unknown&healthyOnly=false&namespaceId=30a7f7f1-f414-4acc-8a4b-bbb5808727d5&clientIP=192.168.72.1&serviceName=example%40%40mftcc-gateway&udpPort=53607&encoding=UTF-8 HTTP/1.1" 200 548 2 Nacos-Java-Client:v1.2.1
192.168.255.1 - - [19/Aug/2022:10:25:30 +0800] "GET /nacos/v1/cs/health HTTP/1.1" 200 2 2 Apache-HttpAsyncClient/4.1.3 (Java/1.8.0_144)
127.0.0.1 - - [19/Aug/2022:10:25:30 +0800] "GET /nacos/v1/ns/service/list?app=unknown&pageSize=2147483647&groupName=example&encoding=UTF-8&namespaceId=30a7f7f1-f414-4acc-8a4b-bbb5808727d5&pageNo=1 HTTP/1.1" 200 47 5 Nacos-Java-Client:v1.2.1
127.0.0.1 - - [19/Aug/2022:10:25:32 +0800] "PUT /nacos/v1/ns/instance/beat?app=unknown&namespaceId=30a7f7f1-f414-4acc-8a4b-bbb5808727d5&port=7019&clusterName=DEFAULT&ip=192.168.255.1&serviceName=example%40%40mftcc-gateway&encoding=UTF-8 HTTP/1.1" 200 75 2 Nacos-Java-Client:v1.2.1
127.0.0.1 - - [19/Aug/2022:10:25:35 +0800] "POST /nacos/v1/cs/configs/listener HTTP/1.1" 200 - 29512 Java/1.8.0_144
192.168.255.1 - - [19/Aug/2022:10:25:35 +0800] "GET /nacos/v1/cs/health HTTP/1.1" 200 2 2 Apache-HttpAsyncClient/4.1.3 (Java/1.8.0_144)
127.0.0.1 - - [19/Aug/2022:10:25:37 +0800] "PUT /nacos/v1/ns/instance/beat?app=unknown&namespaceId=30a7f7f1-f414-4acc-8a4b-bbb5808727d5&port=7019&clusterName=DEFAULT&ip=192.168.255.1&serviceName=example%40%40mftcc-gateway&encoding=UTF-8 HTTP/1.1" 200 75 1 Nacos-Java-Client:v1.2.1
127.0.0.1 - - [19/Aug/2022:10:25:38 +0800] "GET /nacos/v1/ns/instance/list?app=unknown&healthyOnly=false&namespaceId=30a7f7f1-f414-4acc-8a4b-bbb5808727d5&clientIP=192.168.72.1&serviceName=example%40%40mftcc-gateway&udpPort=53607&encoding=UTF-8 HTTP/1.1" 200 548 3 Nacos-Java-Client:v1.2.1
192.168.255.1 - - [19/Aug/2022:10:25:40 +0800] "GET /nacos/v1/cs/health HTTP/1.1" 200 2 4 Apache-HttpAsyncClient/4.1.3 (Java/1.8.0_144)
127.0.0.1 - - [19/Aug/2022:10:25:42 +0800] "PUT /nacos/v1/ns/instance/beat?app=unknown&namespaceId=30a7f7f1-f414-4acc-8a4b-bbb5808727d5&port=7019&clusterName=DEFAULT&ip=192.168.255.1&serviceName=example%40%40mftcc-gateway&encoding=UTF-8 HTTP/1.1" 200 75 5 Nacos-Java-Client:v1.2.1
192.168.255.1 - - [19/Aug/2022:10:25:45 +0800] "GET /nacos/v1/cs/health HTTP/1.1" 200 2 2 Apache-HttpAsyncClient/4.1.3 (Java/1.8.0_144)
127.0.0.1 - - [19/Aug/2022:10:25:47 +0800] "PUT /nacos/v1/ns/instance/beat?app=unknown&namespaceId=30a7f7f1-f414-4acc-8a4b-bbb5808727d5&port=7019&clusterName=DEFAULT&ip=192.168.255.1&serviceName=example%40%40mftcc-gateway&encoding=UTF-8 HTTP/1.1" 200 75 2 Nacos-Java-Client:v1.2.1
127.0.0.1 - - [19/Aug/2022:10:25:48 +0800] "GET /nacos/v1/ns/instance/list?app=unknown&healthyOnly=false&namespaceId=30a7f7f1-f414-4acc-8a4b-bbb5808727d5&clientIP=192.168.72.1&serviceName=example%40%40mftcc-gateway&udpPort=53607&encoding=UTF-8 HTTP/1.1" 200 548 7 Nacos-Java-Client:v1.2.1
192.168.255.1 - - [19/Aug/2022:10:25:50 +0800] "GET /nacos/v1/cs/health HTTP/1.1" 200 2 3 Apache-HttpAsyncClient/4.1.3 (Java/1.8.0_144)
127.0.0.1 - - [19/Aug/2022:10:25:52 +0800] "PUT /nacos/v1/ns/instance/beat?app=unknown&namespaceId=30a7f7f1-f414-4acc-8a4b-bbb5808727d5&port=7019&clusterName=DEFAULT&ip=192.168.255.1&serviceName=example%40%40mftcc-gateway&encoding=UTF-8 HTTP/1.1" 200 75 2 Nacos-Java-Client:v1.2.1
192.168.255.1 - - [19/Aug/2022:10:25:55 +0800] "GET /nacos/v1/cs/health HTTP/1.1" 200 2 3 Apache-HttpAsyncClient/4.1.3 (Java/1.8.0_144)
127.0.0.1 - - [19/Aug/2022:10:25:57 +0800] "PUT /nacos/v1/ns/instance/beat?app=unknown&namespaceId=30a7f7f1-f414-4acc-8a4b-bbb5808727d5&port=7019&clusterName=DEFAULT&ip=192.168.255.1&serviceName=example%40%40mftcc-gateway&encoding=UTF-8 HTTP/1.1" 200 75 2 Nacos-Java-Client:v1.2.1
127.0.0.1 - - [19/Aug/2022:10:25:58 +0800] "GET /nacos/v1/ns/instance/list?app=unknown&healthyOnly=false&namespaceId=30a7f7f1-f414-4acc-8a4b-bbb5808727d5&clientIP=192.168.72.1&serviceName=example%40%40mftcc-gateway&udpPort=53607&encoding=UTF-8 HTTP/1.1" 200 548 6 Nacos-Java-Client:v1.2.1
192.168.255.1 - - [19/Aug/2022:10:26:00 +0800] "GET /nacos/v1/cs/health HTTP/1.1" 200 2 2 Apache-HttpAsyncClient/4.1.3 (Java/1.8.0_144)
127.0.0.1 - - [19/Aug/2022:10:26:00 +0800] "GET /nacos/v1/ns/service/list?app=unknown&pageSize=2147483647&groupName=example&encoding=UTF-8&namespaceId=30a7f7f1-f414-4acc-8a4b-bbb5808727d5&pageNo=1 HTTP/1.1" 200 47 3 Nacos-Java-Client:v1.2.1
127.0.0.1 - - [19/Aug/2022:10:26:02 +0800] "PUT /nacos/v1/ns/instance/beat?app=unknown&namespaceId=30a7f7f1-f414-4acc-8a4b-bbb5808727d5&port=7019&clusterName=DEFAULT&ip=192.168.255.1&serviceName=example%40%40mftcc-gateway&encoding=UTF-8 HTTP/1.1" 200 75 2 Nacos-Java-Client:v1.2.1
127.0.0.1 - - [19/Aug/2022:10:26:04 +0800] "POST /nacos/v1/cs/configs/listener HTTP/1.1" 200 - 29513 Java/1.8.0_144
192.168.255.1 - - [19/Aug/2022:10:26:05 +0800] "GET /nacos/v1/cs/health HTTP/1.1" 200 2 2 Apache-HttpAsyncClient/4.1.3 (Java/1.8.0_144)
127.0.0.1 - - [19/Aug/2022:10:26:07 +0800] "PUT /nacos/v1/ns/instance/beat?app=unknown&namespaceId=30a7f7f1-f414-4acc-8a4b-bbb5808727d5&port=7019&clusterName=DEFAULT&ip=192.168.255.1&serviceName=example%40%40mftcc-gateway&encoding=UTF-8 HTTP/1.1" 200 75 2 Nacos-Java-Client:v1.2.1
127.0.0.1 - - [19/Aug/2022:10:26:08 +0800] "GET /nacos/v1/ns/instance/list?app=unknown&healthyOnly=false&namespaceId=30a7f7f1-f414-4acc-8a4b-bbb5808727d5&clientIP=192.168.72.1&serviceName=example%40%40mftcc-gateway&udpPort=53607&encoding=UTF-8 HTTP/1.1" 200 548 2 Nacos-Java-Client:v1.2.1
192.168.255.1 - - [19/Aug/2022:10:26:10 +0800] "GET /nacos/v1/cs/health HTTP/1.1" 200 2 2 Apache-HttpAsyncClient/4.1.3 (Java/1.8.0_144)
127.0.0.1 - - [19/Aug/2022:10:26:12 +0800] "PUT /nacos/v1/ns/instance/beat?app=unknown&namespaceId=30a7f7f1-f414-4acc-8a4b-bbb5808727d5&port=7019&clusterName=DEFAULT&ip=192.168.255.1&serviceName=example%40%40mftcc-gateway&encoding=UTF-8 HTTP/1.1" 200 75 2 Nacos-Java-Client:v1.2.1
192.168.255.1 - - [19/Aug/2022:10:26:15 +0800] "GET /nacos/v1/cs/health HTTP/1.1" 200 2 2 Apache-HttpAsyncClient/4.1.3 (Java/1.8.0_144)
127.0.0.1 - - [19/Aug/2022:10:26:17 +0800] "PUT /nacos/v1/ns/instance/beat?app=unknown&namespaceId=30a7f7f1-f414-4acc-8a4b-bbb5808727d5&port=7019&clusterName=DEFAULT&ip=192.168.255.1&serviceName=example%40%40mftcc-gateway&encoding=UTF-8 HTTP/1.1" 200 75 3 Nacos-Java-Client:v1.2.1
127.0.0.1 - - [19/Aug/2022:10:26:18 +0800] "GET /nacos/v1/ns/instance/list?app=unknown&healthyOnly=false&namespaceId=30a7f7f1-f414-4acc-8a4b-bbb5808727d5&clientIP=192.168.72.1&serviceName=example%40%40mftcc-gateway&udpPort=53607&encoding=UTF-8 HTTP/1.1" 200 548 10 Nacos-Java-Client:v1.2.1
192.168.255.1 - - [19/Aug/2022:10:26:20 +0800] "GET /nacos/v1/cs/health HTTP/1.1" 200 2 2 Apache-HttpAsyncClient/4.1.3 (Java/1.8.0_144)
127.0.0.1 - - [19/Aug/2022:10:26:22 +0800] "PUT /nacos/v1/ns/instance/beat?app=unknown&namespaceId=30a7f7f1-f414-4acc-8a4b-bbb5808727d5&port=7019&clusterName=DEFAULT&ip=192.168.255.1&serviceName=example%40%40mftcc-gateway&encoding=UTF-8 HTTP/1.1" 200 75 7 Nacos-Java-Client:v1.2.1
192.168.255.1 - - [19/Aug/2022:10:26:25 +0800] "GET /nacos/v1/cs/health HTTP/1.1" 200 2 2 Apache-HttpAsyncClient/4.1.3 (Java/1.8.0_144)
127.0.0.1 - - [19/Aug/2022:10:26:27 +0800] "PUT /nacos/v1/ns/instance/beat?app=unknown&namespaceId=30a7f7f1-f414-4acc-8a4b-bbb5808727d5&port=7019&clusterName=DEFAULT&ip=192.168.255.1&serviceName=example%40%40mftcc-gateway&encoding=UTF-8 HTTP/1.1" 200 75 7 Nacos-Java-Client:v1.2.1
127.0.0.1 - - [19/Aug/2022:10:26:28 +0800] "GET /nacos/v1/ns/instance/list?app=unknown&healthyOnly=false&namespaceId=30a7f7f1-f414-4acc-8a4b-bbb5808727d5&clientIP=192.168.72.1&serviceName=example%40%40mftcc-gateway&udpPort=53607&encoding=UTF-8 HTTP/1.1" 200 548 6 Nacos-Java-Client:v1.2.1
192.168.255.1 - - [19/Aug/2022:10:26:30 +0800] "GET /nacos/v1/cs/health HTTP/1.1" 200 2 3 Apache-HttpAsyncClient/4.1.3 (Java/1.8.0_144)
127.0.0.1 - - [19/Aug/2022:10:26:30 +0800] "GET /nacos/v1/ns/service/list?app=unknown&pageSize=2147483647&groupName=example&encoding=UTF-8&namespaceId=30a7f7f1-f414-4acc-8a4b-bbb5808727d5&pageNo=1 HTTP/1.1" 200 47 3 Nacos-Java-Client:v1.2.1
127.0.0.1 - - [19/Aug/2022:10:26:32 +0800] "PUT /nacos/v1/ns/instance/beat?app=unknown&namespaceId=30a7f7f1-f414-4acc-8a4b-bbb5808727d5&port=7019&clusterName=DEFAULT&ip=192.168.255.1&serviceName=example%40%40mftcc-gateway&encoding=UTF-8 HTTP/1.1" 200 75 6 Nacos-Java-Client:v1.2.1
127.0.0.1 - - [19/Aug/2022:10:26:34 +0800] "POST /nacos/v1/cs/configs/listener HTTP/1.1" 200 - 29520 Java/1.8.0_144
192.168.255.1 - - [19/Aug/2022:10:26:35 +0800] "GET /nacos/v1/cs/health HTTP/1.1" 200 2 2 Apache-HttpAsyncClient/4.1.3 (Java/1.8.0_144)
127.0.0.1 - - [19/Aug/2022:10:26:37 +0800] "PUT /nacos/v1/ns/instance/beat?app=unknown&namespaceId=30a7f7f1-f414-4acc-8a4b-bbb5808727d5&port=7019&clusterName=DEFAULT&ip=192.168.255.1&serviceName=example%40%40mftcc-gateway&encoding=UTF-8 HTTP/1.1" 200 75 3 Nacos-Java-Client:v1.2.1
127.0.0.1 - - [19/Aug/2022:10:26:38 +0800] "GET /nacos/v1/ns/instance/list?app=unknown&healthyOnly=false&namespaceId=30a7f7f1-f414-4acc-8a4b-bbb5808727d5&clientIP=192.168.72.1&serviceName=example%40%40mftcc-gateway&udpPort=53607&encoding=UTF-8 HTTP/1.1" 200 548 7 Nacos-Java-Client:v1.2.1
192.168.255.1 - - [19/Aug/2022:10:26:40 +0800] "GET /nacos/v1/cs/health HTTP/1.1" 200 2 10 Apache-HttpAsyncClient/4.1.3 (Java/1.8.0_144)
127.0.0.1 - - [19/Aug/2022:10:26:42 +0800] "PUT /nacos/v1/ns/instance/beat?app=unknown&namespaceId=30a7f7f1-f414-4acc-8a4b-bbb5808727d5&port=7019&clusterName=DEFAULT&ip=192.168.255.1&serviceName=example%40%40mftcc-gateway&encoding=UTF-8 HTTP/1.1" 200 75 9 Nacos-Java-Client:v1.2.1
192.168.255.1 - - [19/Aug/2022:10:26:45 +0800] "GET /nacos/v1/cs/health HTTP/1.1" 200 2 10 Apache-HttpAsyncClient/4.1.3 (Java/1.8.0_144)
127.0.0.1 - - [19/Aug/2022:10:26:47 +0800] "PUT /nacos/v1/ns/instance/beat?app=unknown&namespaceId=30a7f7f1-f414-4acc-8a4b-bbb5808727d5&port=7019&clusterName=DEFAULT&ip=192.168.255.1&serviceName=example%40%40mftcc-gateway&encoding=UTF-8 HTTP/1.1" 200 75 2 Nacos-Java-Client:v1.2.1
127.0.0.1 - - [19/Aug/2022:10:26:48 +0800] "GET /nacos/v1/ns/instance/list?app=unknown&healthyOnly=false&namespaceId=30a7f7f1-f414-4acc-8a4b-bbb5808727d5&clientIP=192.168.72.1&serviceName=example%40%40mftcc-gateway&udpPort=53607&encoding=UTF-8 HTTP/1.1" 200 548 3 Nacos-Java-Client:v1.2.1
192.168.255.1 - - [19/Aug/2022:10:26:50 +0800] "GET /nacos/v1/cs/health HTTP/1.1" 200 2 3 Apache-HttpAsyncClient/4.1.3 (Java/1.8.0_144)
127.0.0.1 - - [19/Aug/2022:10:26:52 +0800] "PUT /nacos/v1/ns/instance/beat?app=unknown&namespaceId=30a7f7f1-f414-4acc-8a4b-bbb5808727d5&port=7019&clusterName=DEFAULT&ip=192.168.255.1&serviceName=example%40%40mftcc-gateway&encoding=UTF-8 HTTP/1.1" 200 75 2 Nacos-Java-Client:v1.2.1
192.168.255.1 - - [19/Aug/2022:10:26:55 +0800] "GET /nacos/v1/cs/health HTTP/1.1" 200 2 8 Apache-HttpAsyncClient/4.1.3 (Java/1.8.0_144)
127.0.0.1 - - [19/Aug/2022:10:26:57 +0800] "PUT /nacos/v1/ns/instance/beat?app=unknown&namespaceId=30a7f7f1-f414-4acc-8a4b-bbb5808727d5&port=7019&clusterName=DEFAULT&ip=192.168.255.1&serviceName=example%40%40mftcc-gateway&encoding=UTF-8 HTTP/1.1" 200 75 2 Nacos-Java-Client:v1.2.1
127.0.0.1 - - [19/Aug/2022:10:26:58 +0800] "GET /nacos/v1/ns/instance/list?app=unknown&healthyOnly=false&namespaceId=30a7f7f1-f414-4acc-8a4b-bbb5808727d5&clientIP=192.168.72.1&serviceName=example%40%40mftcc-gateway&udpPort=53607&encoding=UTF-8 HTTP/1.1" 200 548 2 Nacos-Java-Client:v1.2.1
192.168.255.1 - - [19/Aug/2022:10:27:00 +0800] "GET /nacos/v1/cs/health HTTP/1.1" 200 2 7 Apache-HttpAsyncClient/4.1.3 (Java/1.8.0_144)
127.0.0.1 - - [19/Aug/2022:10:27:00 +0800] "GET /nacos/v1/ns/service/list?app=unknown&pageSize=2147483647&groupName=example&encoding=UTF-8&namespaceId=30a7f7f1-f414-4acc-8a4b-bbb5808727d5&pageNo=1 HTTP/1.1" 200 47 6 Nacos-Java-Client:v1.2.1
127.0.0.1 - - [19/Aug/2022:10:27:02 +0800] "PUT /nacos/v1/ns/instance/beat?app=unknown&namespaceId=30a7f7f1-f414-4acc-8a4b-bbb5808727d5&port=7019&clusterName=DEFAULT&ip=192.168.255.1&serviceName=example%40%40mftcc-gateway&encoding=UTF-8 HTTP/1.1" 200 75 6 Nacos-Java-Client:v1.2.1
127.0.0.1 - - [19/Aug/2022:10:27:03 +0800] "POST /nacos/v1/cs/configs/listener HTTP/1.1" 200 - 29514 Java/1.8.0_144
